18:48:45 **** Build of configuration Debug for project SM_FT_VCS ****
make -j12 all 
arm-none-eabi-gcc "../Drivers/STM32F7xx_HAL_Driver/Src/stm32f7xx_hal.c" -mcpu=cortex-m7 -std=gnu11 -g3 -DDEBUG -DUSE_HAL_DRIVER -DSTM32F746xx -c -I../Core/Inc -I../Drivers/STM32F7xx_HAL_Driver/Inc -I../Drivers/STM32F7xx_HAL_Driver/Inc/Legacy -I../Drivers/CMSIS/Device/ST/STM32F7xx/Include -I../Drivers/CMSIS/Include -O0 -ffunction-sections -fdata-sections -Wall -fstack-usage -MMD -MP -MF"Drivers/STM32F7xx_HAL_Driver/Src/stm32f7xx_hal.d" -MT"Drivers/STM32F7xx_HAL_Driver/Src/stm32f7xx_hal.o" --specs=nano.specs -mfpu=fpv5-sp-d16 -mfloat-abi=hard -mthumb -o "Drivers/STM32F7xx_HAL_Driver/Src/stm32f7xx_hal.o"
arm-none-eabi-gcc "../Drivers/STM32F7xx_HAL_Driver/Src/stm32f7xx_hal_adc.c" -mcpu=cortex-m7 -std=gnu11 -g3 -DDEBUG -DUSE_HAL_DRIVER -DSTM32F746xx -c -I../Core/Inc -I../Drivers/STM32F7xx_HAL_Driver/Inc -I../Drivers/STM32F7xx_HAL_Driver/Inc/Legacy -I../Drivers/CMSIS/Device/ST/STM32F7xx/Include -I../Drivers/CMSIS/Include -O0 -ffunction-sections -fdata-sections -Wall -fstack-usage -MMD -MP -MF"Drivers/STM32F7xx_HAL_Driver/Src/stm32f7xx_hal_adc.d" -MT"Drivers/STM32F7xx_HAL_Driver/Src/stm32f7xx_hal_adc.o" --specs=nano.specs -mfpu=fpv5-sp-d16 -mfloat-abi=hard -mthumb -o "Drivers/STM32F7xx_HAL_Driver/Src/stm32f7xx_hal_adc.o"
arm-none-eabi-gcc "../Drivers/STM32F7xx_HAL_Driver/Src/stm32f7xx_hal_adc_ex.c" -mcpu=cortex-m7 -std=gnu11 -g3 -DDEBUG -DUSE_HAL_DRIVER -DSTM32F746xx -c -I../Core/Inc -I../Drivers/STM32F7xx_HAL_Driver/Inc -I../Drivers/STM32F7xx_HAL_Driver/Inc/Legacy -I../Drivers/CMSIS/Device/ST/STM32F7xx/Include -I../Drivers/CMSIS/Include -O0 -ffunction-sections -fdata-sections -Wall -fstack-usage -MMD -MP -MF"Drivers/STM32F7xx_HAL_Driver/Src/stm32f7xx_hal_adc_ex.d" -MT"Drivers/STM32F7xx_HAL_Driver/Src/stm32f7xx_hal_adc_ex.o" --specs=nano.specs -mfpu=fpv5-sp-d16 -mfloat-abi=hard -mthumb -o "Drivers/STM32F7xx_HAL_Driver/Src/stm32f7xx_hal_adc_ex.o"
arm-none-eabi-gcc "../Drivers/STM32F7xx_HAL_Driver/Src/stm32f7xx_hal_cortex.c" -mcpu=cortex-m7 -std=gnu11 -g3 -DDEBUG -DUSE_HAL_DRIVER -DSTM32F746xx -c -I../Core/Inc -I../Drivers/STM32F7xx_HAL_Driver/Inc -I../Drivers/STM32F7xx_HAL_Driver/Inc/Legacy -I../Drivers/CMSIS/Device/ST/STM32F7xx/Include -I../Drivers/CMSIS/Include -O0 -ffunction-sections -fdata-sections -Wall -fstack-usage -MMD -MP -MF"Drivers/STM32F7xx_HAL_Driver/Src/stm32f7xx_hal_cortex.d" -MT"Drivers/STM32F7xx_HAL_Driver/Src/stm32f7xx_hal_cortex.o" --specs=nano.specs -mfpu=fpv5-sp-d16 -mfloat-abi=hard -mthumb -o "Drivers/STM32F7xx_HAL_Driver/Src/stm32f7xx_hal_cortex.o"
arm-none-eabi-gcc "../Drivers/STM32F7xx_HAL_Driver/Src/stm32f7xx_hal_dma.c" -mcpu=cortex-m7 -std=gnu11 -g3 -DDEBUG -DUSE_HAL_DRIVER -DSTM32F746xx -c -I../Core/Inc -I../Drivers/STM32F7xx_HAL_Driver/Inc -I../Drivers/STM32F7xx_HAL_Driver/Inc/Legacy -I../Drivers/CMSIS/Device/ST/STM32F7xx/Include -I../Drivers/CMSIS/Include -O0 -ffunction-sections -fdata-sections -Wall -fstack-usage -MMD -MP -MF"Drivers/STM32F7xx_HAL_Driver/Src/stm32f7xx_hal_dma.d" -MT"Drivers/STM32F7xx_HAL_Driver/Src/stm32f7xx_hal_dma.o" --specs=nano.specs -mfpu=fpv5-sp-d16 -mfloat-abi=hard -mthumb -o "Drivers/STM32F7xx_HAL_Driver/Src/stm32f7xx_hal_dma.o"
arm-none-eabi-gcc "../Drivers/STM32F7xx_HAL_Driver/Src/stm32f7xx_hal_dma_ex.c" -mcpu=cortex-m7 -std=gnu11 -g3 -DDEBUG -DUSE_HAL_DRIVER -DSTM32F746xx -c -I../Core/Inc -I../Drivers/STM32F7xx_HAL_Driver/Inc -I../Drivers/STM32F7xx_HAL_Driver/Inc/Legacy -I../Drivers/CMSIS/Device/ST/STM32F7xx/Include -I../Drivers/CMSIS/Include -O0 -ffunction-sections -fdata-sections -Wall -fstack-usage -MMD -MP -MF"Drivers/STM32F7xx_HAL_Driver/Src/stm32f7xx_hal_dma_ex.d" -MT"Drivers/STM32F7xx_HAL_Driver/Src/stm32f7xx_hal_dma_ex.o" --specs=nano.specs -mfpu=fpv5-sp-d16 -mfloat-abi=hard -mthumb -o "Drivers/STM32F7xx_HAL_Driver/Src/stm32f7xx_hal_dma_ex.o"
arm-none-eabi-gcc "../Drivers/STM32F7xx_HAL_Driver/Src/stm32f7xx_hal_exti.c" -mcpu=cortex-m7 -std=gnu11 -g3 -DDEBUG -DUSE_HAL_DRIVER -DSTM32F746xx -c -I../Core/Inc -I../Drivers/STM32F7xx_HAL_Driver/Inc -I../Drivers/STM32F7xx_HAL_Driver/Inc/Legacy -I../Drivers/CMSIS/Device/ST/STM32F7xx/Include -I../Drivers/CMSIS/Include -O0 -ffunction-sections -fdata-sections -Wall -fstack-usage -MMD -MP -MF"Drivers/STM32F7xx_HAL_Driver/Src/stm32f7xx_hal_exti.d" -MT"Drivers/STM32F7xx_HAL_Driver/Src/stm32f7xx_hal_exti.o" --specs=nano.specs -mfpu=fpv5-sp-d16 -mfloat-abi=hard -mthumb -o "Drivers/STM32F7xx_HAL_Driver/Src/stm32f7xx_hal_exti.o"
arm-none-eabi-gcc "../Drivers/STM32F7xx_HAL_Driver/Src/stm32f7xx_hal_flash.c" -mcpu=cortex-m7 -std=gnu11 -g3 -DDEBUG -DUSE_HAL_DRIVER -DSTM32F746xx -c -I../Core/Inc -I../Drivers/STM32F7xx_HAL_Driver/Inc -I../Drivers/STM32F7xx_HAL_Driver/Inc/Legacy -I../Drivers/CMSIS/Device/ST/STM32F7xx/Include -I../Drivers/CMSIS/Include -O0 -ffunction-sections -fdata-sections -Wall -fstack-usage -MMD -MP -MF"Drivers/STM32F7xx_HAL_Driver/Src/stm32f7xx_hal_flash.d" -MT"Drivers/STM32F7xx_HAL_Driver/Src/stm32f7xx_hal_flash.o" --specs=nano.specs -mfpu=fpv5-sp-d16 -mfloat-abi=hard -mthumb -o "Drivers/STM32F7xx_HAL_Driver/Src/stm32f7xx_hal_flash.o"
arm-none-eabi-gcc "../Drivers/STM32F7xx_HAL_Driver/Src/stm32f7xx_hal_flash_ex.c" -mcpu=cortex-m7 -std=gnu11 -g3 -DDEBUG -DUSE_HAL_DRIVER -DSTM32F746xx -c -I../Core/Inc -I../Drivers/STM32F7xx_HAL_Driver/Inc -I../Drivers/STM32F7xx_HAL_Driver/Inc/Legacy -I../Drivers/CMSIS/Device/ST/STM32F7xx/Include -I../Drivers/CMSIS/Include -O0 -ffunction-sections -fdata-sections -Wall -fstack-usage -MMD -MP -MF"Drivers/STM32F7xx_HAL_Driver/Src/stm32f7xx_hal_flash_ex.d" -MT"Drivers/STM32F7xx_HAL_Driver/Src/stm32f7xx_hal_flash_ex.o" --specs=nano.specs -mfpu=fpv5-sp-d16 -mfloat-abi=hard -mthumb -o "Drivers/STM32F7xx_HAL_Driver/Src/stm32f7xx_hal_flash_ex.o"
arm-none-eabi-gcc "../Drivers/STM32F7xx_HAL_Driver/Src/stm32f7xx_hal_gpio.c" -mcpu=cortex-m7 -std=gnu11 -g3 -DDEBUG -DUSE_HAL_DRIVER -DSTM32F746xx -c -I../Core/Inc -I../Drivers/STM32F7xx_HAL_Driver/Inc -I../Drivers/STM32F7xx_HAL_Driver/Inc/Legacy -I../Drivers/CMSIS/Device/ST/STM32F7xx/Include -I../Drivers/CMSIS/Include -O0 -ffunction-sections -fdata-sections -Wall -fstack-usage -MMD -MP -MF"Drivers/STM32F7xx_HAL_Driver/Src/stm32f7xx_hal_gpio.d" -MT"Drivers/STM32F7xx_HAL_Driver/Src/stm32f7xx_hal_gpio.o" --specs=nano.specs -mfpu=fpv5-sp-d16 -mfloat-abi=hard -mthumb -o "Drivers/STM32F7xx_HAL_Driver/Src/stm32f7xx_hal_gpio.o"
arm-none-eabi-gcc "../Drivers/STM32F7xx_HAL_Driver/Src/stm32f7xx_hal_i2c.c" -mcpu=cortex-m7 -std=gnu11 -g3 -DDEBUG -DUSE_HAL_DRIVER -DSTM32F746xx -c -I../Core/Inc -I../Drivers/STM32F7xx_HAL_Driver/Inc -I../Drivers/STM32F7xx_HAL_Driver/Inc/Legacy -I../Drivers/CMSIS/Device/ST/STM32F7xx/Include -I../Drivers/CMSIS/Include -O0 -ffunction-sections -fdata-sections -Wall -fstack-usage -MMD -MP -MF"Drivers/STM32F7xx_HAL_Driver/Src/stm32f7xx_hal_i2c.d" -MT"Drivers/STM32F7xx_HAL_Driver/Src/stm32f7xx_hal_i2c.o" --specs=nano.specs -mfpu=fpv5-sp-d16 -mfloat-abi=hard -mthumb -o "Drivers/STM32F7xx_HAL_Driver/Src/stm32f7xx_hal_i2c.o"
arm-none-eabi-gcc "../Drivers/STM32F7xx_HAL_Driver/Src/stm32f7xx_hal_i2c_ex.c" -mcpu=cortex-m7 -std=gnu11 -g3 -DDEBUG -DUSE_HAL_DRIVER -DSTM32F746xx -c -I../Core/Inc -I../Drivers/STM32F7xx_HAL_Driver/Inc -I../Drivers/STM32F7xx_HAL_Driver/Inc/Legacy -I../Drivers/CMSIS/Device/ST/STM32F7xx/Include -I../Drivers/CMSIS/Include -O0 -ffunction-sections -fdata-sections -Wall -fstack-usage -MMD -MP -MF"Drivers/STM32F7xx_HAL_Driver/Src/stm32f7xx_hal_i2c_ex.d" -MT"Drivers/STM32F7xx_HAL_Driver/Src/stm32f7xx_hal_i2c_ex.o" --specs=nano.specs -mfpu=fpv5-sp-d16 -mfloat-abi=hard -mthumb -o "Drivers/STM32F7xx_HAL_Driver/Src/stm32f7xx_hal_i2c_ex.o"
arm-none-eabi-gcc "../Drivers/STM32F7xx_HAL_Driver/Src/stm32f7xx_hal_pwr.c" -mcpu=cortex-m7 -std=gnu11 -g3 -DDEBUG -DUSE_HAL_DRIVER -DSTM32F746xx -c -I../Core/Inc -I../Drivers/STM32F7xx_HAL_Driver/Inc -I../Drivers/STM32F7xx_HAL_Driver/Inc/Legacy -I../Drivers/CMSIS/Device/ST/STM32F7xx/Include -I../Drivers/CMSIS/Include -O0 -ffunction-sections -fdata-sections -Wall -fstack-usage -MMD -MP -MF"Drivers/STM32F7xx_HAL_Driver/Src/stm32f7xx_hal_pwr.d" -MT"Drivers/STM32F7xx_HAL_Driver/Src/stm32f7xx_hal_pwr.o" --specs=nano.specs -mfpu=fpv5-sp-d16 -mfloat-abi=hard -mthumb -o "Drivers/STM32F7xx_HAL_Driver/Src/stm32f7xx_hal_pwr.o"
arm-none-eabi-gcc "../Drivers/STM32F7xx_HAL_Driver/Src/stm32f7xx_hal_pwr_ex.c" -mcpu=cortex-m7 -std=gnu11 -g3 -DDEBUG -DUSE_HAL_DRIVER -DSTM32F746xx -c -I../Core/Inc -I../Drivers/STM32F7xx_HAL_Driver/Inc -I../Drivers/STM32F7xx_HAL_Driver/Inc/Legacy -I../Drivers/CMSIS/Device/ST/STM32F7xx/Include -I../Drivers/CMSIS/Include -O0 -ffunction-sections -fdata-sections -Wall -fstack-usage -MMD -MP -MF"Drivers/STM32F7xx_HAL_Driver/Src/stm32f7xx_hal_pwr_ex.d" -MT"Drivers/STM32F7xx_HAL_Driver/Src/stm32f7xx_hal_pwr_ex.o" --specs=nano.specs -mfpu=fpv5-sp-d16 -mfloat-abi=hard -mthumb -o "Drivers/STM32F7xx_HAL_Driver/Src/stm32f7xx_hal_pwr_ex.o"
arm-none-eabi-gcc "../Drivers/STM32F7xx_HAL_Driver/Src/stm32f7xx_hal_rcc.c" -mcpu=cortex-m7 -std=gnu11 -g3 -DDEBUG -DUSE_HAL_DRIVER -DSTM32F746xx -c -I../Core/Inc -I../Drivers/STM32F7xx_HAL_Driver/Inc -I../Drivers/STM32F7xx_HAL_Driver/Inc/Legacy -I../Drivers/CMSIS/Device/ST/STM32F7xx/Include -I../Drivers/CMSIS/Include -O0 -ffunction-sections -fdata-sections -Wall -fstack-usage -MMD -MP -MF"Drivers/STM32F7xx_HAL_Driver/Src/stm32f7xx_hal_rcc.d" -MT"Drivers/STM32F7xx_HAL_Driver/Src/stm32f7xx_hal_rcc.o" --specs=nano.specs -mfpu=fpv5-sp-d16 -mfloat-abi=hard -mthumb -o "Drivers/STM32F7xx_HAL_Driver/Src/stm32f7xx_hal_rcc.o"
arm-none-eabi-gcc "../Drivers/STM32F7xx_HAL_Driver/Src/stm32f7xx_hal_rcc_ex.c" -mcpu=cortex-m7 -std=gnu11 -g3 -DDEBUG -DUSE_HAL_DRIVER -DSTM32F746xx -c -I../Core/Inc -I../Drivers/STM32F7xx_HAL_Driver/Inc -I../Drivers/STM32F7xx_HAL_Driver/Inc/Legacy -I../Drivers/CMSIS/Device/ST/STM32F7xx/Include -I../Drivers/CMSIS/Include -O0 -ffunction-sections -fdata-sections -Wall -fstack-usage -MMD -MP -MF"Drivers/STM32F7xx_HAL_Driver/Src/stm32f7xx_hal_rcc_ex.d" -MT"Drivers/STM32F7xx_HAL_Driver/Src/stm32f7xx_hal_rcc_ex.o" --specs=nano.specs -mfpu=fpv5-sp-d16 -mfloat-abi=hard -mthumb -o "Drivers/STM32F7xx_HAL_Driver/Src/stm32f7xx_hal_rcc_ex.o"
arm-none-eabi-gcc "../Drivers/STM32F7xx_HAL_Driver/Src/stm32f7xx_hal_spi.c" -mcpu=cortex-m7 -std=gnu11 -g3 -DDEBUG -DUSE_HAL_DRIVER -DSTM32F746xx -c -I../Core/Inc -I../Drivers/STM32F7xx_HAL_Driver/Inc -I../Drivers/STM32F7xx_HAL_Driver/Inc/Legacy -I../Drivers/CMSIS/Device/ST/STM32F7xx/Include -I../Drivers/CMSIS/Include -O0 -ffunction-sections -fdata-sections -Wall -fstack-usage -MMD -MP -MF"Drivers/STM32F7xx_HAL_Driver/Src/stm32f7xx_hal_spi.d" -MT"Drivers/STM32F7xx_HAL_Driver/Src/stm32f7xx_hal_spi.o" --specs=nano.specs -mfpu=fpv5-sp-d16 -mfloat-abi=hard -mthumb -o "Drivers/STM32F7xx_HAL_Driver/Src/stm32f7xx_hal_spi.o"
arm-none-eabi-gcc "../Drivers/STM32F7xx_HAL_Driver/Src/stm32f7xx_hal_spi_ex.c" -mcpu=cortex-m7 -std=gnu11 -g3 -DDEBUG -DUSE_HAL_DRIVER -DSTM32F746xx -c -I../Core/Inc -I../Drivers/STM32F7xx_HAL_Driver/Inc -I../Drivers/STM32F7xx_HAL_Driver/Inc/Legacy -I../Drivers/CMSIS/Device/ST/STM32F7xx/Include -I../Drivers/CMSIS/Include -O0 -ffunction-sections -fdata-sections -Wall -fstack-usage -MMD -MP -MF"Drivers/STM32F7xx_HAL_Driver/Src/stm32f7xx_hal_spi_ex.d" -MT"Drivers/STM32F7xx_HAL_Driver/Src/stm32f7xx_hal_spi_ex.o" --specs=nano.specs -mfpu=fpv5-sp-d16 -mfloat-abi=hard -mthumb -o "Drivers/STM32F7xx_HAL_Driver/Src/stm32f7xx_hal_spi_ex.o"
arm-none-eabi-gcc "../Drivers/STM32F7xx_HAL_Driver/Src/stm32f7xx_hal_tim.c" -mcpu=cortex-m7 -std=gnu11 -g3 -DDEBUG -DUSE_HAL_DRIVER -DSTM32F746xx -c -I../Core/Inc -I../Drivers/STM32F7xx_HAL_Driver/Inc -I../Drivers/STM32F7xx_HAL_Driver/Inc/Legacy -I../Drivers/CMSIS/Device/ST/STM32F7xx/Include -I../Drivers/CMSIS/Include -O0 -ffunction-sections -fdata-sections -Wall -fstack-usage -MMD -MP -MF"Drivers/STM32F7xx_HAL_Driver/Src/stm32f7xx_hal_tim.d" -MT"Drivers/STM32F7xx_HAL_Driver/Src/stm32f7xx_hal_tim.o" --specs=nano.specs -mfpu=fpv5-sp-d16 -mfloat-abi=hard -mthumb -o "Drivers/STM32F7xx_HAL_Driver/Src/stm32f7xx_hal_tim.o"
arm-none-eabi-gcc "../Drivers/STM32F7xx_HAL_Driver/Src/stm32f7xx_hal_tim_ex.c" -mcpu=cortex-m7 -std=gnu11 -g3 -DDEBUG -DUSE_HAL_DRIVER -DSTM32F746xx -c -I../Core/Inc -I../Drivers/STM32F7xx_HAL_Driver/Inc -I../Drivers/STM32F7xx_HAL_Driver/Inc/Legacy -I../Drivers/CMSIS/Device/ST/STM32F7xx/Include -I../Drivers/CMSIS/Include -O0 -ffunction-sections -fdata-sections -Wall -fstack-usage -MMD -MP -MF"Drivers/STM32F7xx_HAL_Driver/Src/stm32f7xx_hal_tim_ex.d" -MT"Drivers/STM32F7xx_HAL_Driver/Src/stm32f7xx_hal_tim_ex.o" --specs=nano.specs -mfpu=fpv5-sp-d16 -mfloat-abi=hard -mthumb -o "Drivers/STM32F7xx_HAL_Driver/Src/stm32f7xx_hal_tim_ex.o"
arm-none-eabi-gcc "../Drivers/STM32F7xx_HAL_Driver/Src/stm32f7xx_hal_uart.c" -mcpu=cortex-m7 -std=gnu11 -g3 -DDEBUG -DUSE_HAL_DRIVER -DSTM32F746xx -c -I../Core/Inc -I../Drivers/STM32F7xx_HAL_Driver/Inc -I../Drivers/STM32F7xx_HAL_Driver/Inc/Legacy -I../Drivers/CMSIS/Device/ST/STM32F7xx/Include -I../Drivers/CMSIS/Include -O0 -ffunction-sections -fdata-sections -Wall -fstack-usage -MMD -MP -MF"Drivers/STM32F7xx_HAL_Driver/Src/stm32f7xx_hal_uart.d" -MT"Drivers/STM32F7xx_HAL_Driver/Src/stm32f7xx_hal_uart.o" --specs=nano.specs -mfpu=fpv5-sp-d16 -mfloat-abi=hard -mthumb -o "Drivers/STM32F7xx_HAL_Driver/Src/stm32f7xx_hal_uart.o"
arm-none-eabi-gcc "../Drivers/STM32F7xx_HAL_Driver/Src/stm32f7xx_hal_uart_ex.c" -mcpu=cortex-m7 -std=gnu11 -g3 -DDEBUG -DUSE_HAL_DRIVER -DSTM32F746xx -c -I../Core/Inc -I../Drivers/STM32F7xx_HAL_Driver/Inc -I../Drivers/STM32F7xx_HAL_Driver/Inc/Legacy -I../Drivers/CMSIS/Device/ST/STM32F7xx/Include -I../Drivers/CMSIS/Include -O0 -ffunction-sections -fdata-sections -Wall -fstack-usage -MMD -MP -MF"Drivers/STM32F7xx_HAL_Driver/Src/stm32f7xx_hal_uart_ex.d" -MT"Drivers/STM32F7xx_HAL_Driver/Src/stm32f7xx_hal_uart_ex.o" --specs=nano.specs -mfpu=fpv5-sp-d16 -mfloat-abi=hard -mthumb -o "Drivers/STM32F7xx_HAL_Driver/Src/stm32f7xx_hal_uart_ex.o"
arm-none-eabi-gcc -mcpu=cortex-m7 -g3 -DDEBUG -c -x assembler-with-cpp -MMD -MP -MF"Core/Startup/startup_stm32f746zgtx.d" -MT"Core/Startup/startup_stm32f746zgtx.o" --specs=nano.specs -mfpu=fpv5-sp-d16 -mfloat-abi=hard -mthumb -o "Core/Startup/startup_stm32f746zgtx.o" "../Core/Startup/startup_stm32f746zgtx.s"
arm-none-eabi-gcc "../Core/Src/adc.c" -mcpu=cortex-m7 -std=gnu11 -g3 -DDEBUG -DUSE_HAL_DRIVER -DSTM32F746xx -c -I../Core/Inc -I../Drivers/STM32F7xx_HAL_Driver/Inc -I../Drivers/STM32F7xx_HAL_Driver/Inc/Legacy -I../Drivers/CMSIS/Device/ST/STM32F7xx/Include -I../Drivers/CMSIS/Include -O0 -ffunction-sections -fdata-sections -Wall -fstack-usage -MMD -MP -MF"Core/Src/adc.d" -MT"Core/Src/adc.o" --specs=nano.specs -mfpu=fpv5-sp-d16 -mfloat-abi=hard -mthumb -o "Core/Src/adc.o"
arm-none-eabi-gcc "../Core/Src/dma.c" -mcpu=cortex-m7 -std=gnu11 -g3 -DDEBUG -DUSE_HAL_DRIVER -DSTM32F746xx -c -I../Core/Inc -I../Drivers/STM32F7xx_HAL_Driver/Inc -I../Drivers/STM32F7xx_HAL_Driver/Inc/Legacy -I../Drivers/CMSIS/Device/ST/STM32F7xx/Include -I../Drivers/CMSIS/Include -O0 -ffunction-sections -fdata-sections -Wall -fstack-usage -MMD -MP -MF"Core/Src/dma.d" -MT"Core/Src/dma.o" --specs=nano.specs -mfpu=fpv5-sp-d16 -mfloat-abi=hard -mthumb -o "Core/Src/dma.o"
arm-none-eabi-gcc "../Core/Src/gpio.c" -mcpu=cortex-m7 -std=gnu11 -g3 -DDEBUG -DUSE_HAL_DRIVER -DSTM32F746xx -c -I../Core/Inc -I../Drivers/STM32F7xx_HAL_Driver/Inc -I../Drivers/STM32F7xx_HAL_Driver/Inc/Legacy -I../Drivers/CMSIS/Device/ST/STM32F7xx/Include -I../Drivers/CMSIS/Include -O0 -ffunction-sections -fdata-sections -Wall -fstack-usage -MMD -MP -MF"Core/Src/gpio.d" -MT"Core/Src/gpio.o" --specs=nano.specs -mfpu=fpv5-sp-d16 -mfloat-abi=hard -mthumb -o "Core/Src/gpio.o"
arm-none-eabi-gcc "../Core/Src/i2c.c" -mcpu=cortex-m7 -std=gnu11 -g3 -DDEBUG -DUSE_HAL_DRIVER -DSTM32F746xx -c -I../Core/Inc -I../Drivers/STM32F7xx_HAL_Driver/Inc -I../Drivers/STM32F7xx_HAL_Driver/Inc/Legacy -I../Drivers/CMSIS/Device/ST/STM32F7xx/Include -I../Drivers/CMSIS/Include -O0 -ffunction-sections -fdata-sections -Wall -fstack-usage -MMD -MP -MF"Core/Src/i2c.d" -MT"Core/Src/i2c.o" --specs=nano.specs -mfpu=fpv5-sp-d16 -mfloat-abi=hard -mthumb -o "Core/Src/i2c.o"
arm-none-eabi-gcc "../Core/Src/main.c" -mcpu=cortex-m7 -std=gnu11 -g3 -DDEBUG -DUSE_HAL_DRIVER -DSTM32F746xx -c -I../Core/Inc -I../Drivers/STM32F7xx_HAL_Driver/Inc -I../Drivers/STM32F7xx_HAL_Driver/Inc/Legacy -I../Drivers/CMSIS/Device/ST/STM32F7xx/Include -I../Drivers/CMSIS/Include -O0 -ffunction-sections -fdata-sections -Wall -fstack-usage -MMD -MP -MF"Core/Src/main.d" -MT"Core/Src/main.o" --specs=nano.specs -mfpu=fpv5-sp-d16 -mfloat-abi=hard -mthumb -o "Core/Src/main.o"
arm-none-eabi-gcc "../Core/Src/spi.c" -mcpu=cortex-m7 -std=gnu11 -g3 -DDEBUG -DUSE_HAL_DRIVER -DSTM32F746xx -c -I../Core/Inc -I../Drivers/STM32F7xx_HAL_Driver/Inc -I../Drivers/STM32F7xx_HAL_Driver/Inc/Legacy -I../Drivers/CMSIS/Device/ST/STM32F7xx/Include -I../Drivers/CMSIS/Include -O0 -ffunction-sections -fdata-sections -Wall -fstack-usage -MMD -MP -MF"Core/Src/spi.d" -MT"Core/Src/spi.o" --specs=nano.specs -mfpu=fpv5-sp-d16 -mfloat-abi=hard -mthumb -o "Core/Src/spi.o"
arm-none-eabi-gcc "../Core/Src/stm32f7xx_hal_msp.c" -mcpu=cortex-m7 -std=gnu11 -g3 -DDEBUG -DUSE_HAL_DRIVER -DSTM32F746xx -c -I../Core/Inc -I../Drivers/STM32F7xx_HAL_Driver/Inc -I../Drivers/STM32F7xx_HAL_Driver/Inc/Legacy -I../Drivers/CMSIS/Device/ST/STM32F7xx/Include -I../Drivers/CMSIS/Include -O0 -ffunction-sections -fdata-sections -Wall -fstack-usage -MMD -MP -MF"Core/Src/stm32f7xx_hal_msp.d" -MT"Core/Src/stm32f7xx_hal_msp.o" --specs=nano.specs -mfpu=fpv5-sp-d16 -mfloat-abi=hard -mthumb -o "Core/Src/stm32f7xx_hal_msp.o"
arm-none-eabi-gcc "../Core/Src/stm32f7xx_it.c" -mcpu=cortex-m7 -std=gnu11 -g3 -DDEBUG -DUSE_HAL_DRIVER -DSTM32F746xx -c -I../Core/Inc -I../Drivers/STM32F7xx_HAL_Driver/Inc -I../Drivers/STM32F7xx_HAL_Driver/Inc/Legacy -I../Drivers/CMSIS/Device/ST/STM32F7xx/Include -I../Drivers/CMSIS/Include -O0 -ffunction-sections -fdata-sections -Wall -fstack-usage -MMD -MP -MF"Core/Src/stm32f7xx_it.d" -MT"Core/Src/stm32f7xx_it.o" --specs=nano.specs -mfpu=fpv5-sp-d16 -mfloat-abi=hard -mthumb -o "Core/Src/stm32f7xx_it.o"
arm-none-eabi-gcc "../Core/Src/syscalls.c" -mcpu=cortex-m7 -std=gnu11 -g3 -DDEBUG -DUSE_HAL_DRIVER -DSTM32F746xx -c -I../Core/Inc -I../Drivers/STM32F7xx_HAL_Driver/Inc -I../Drivers/STM32F7xx_HAL_Driver/Inc/Legacy -I../Drivers/CMSIS/Device/ST/STM32F7xx/Include -I../Drivers/CMSIS/Include -O0 -ffunction-sections -fdata-sections -Wall -fstack-usage -MMD -MP -MF"Core/Src/syscalls.d" -MT"Core/Src/syscalls.o" --specs=nano.specs -mfpu=fpv5-sp-d16 -mfloat-abi=hard -mthumb -o "Core/Src/syscalls.o"
arm-none-eabi-gcc "../Core/Src/sysmem.c" -mcpu=cortex-m7 -std=gnu11 -g3 -DDEBUG -DUSE_HAL_DRIVER -DSTM32F746xx -c -I../Core/Inc -I../Drivers/STM32F7xx_HAL_Driver/Inc -I../Drivers/STM32F7xx_HAL_Driver/Inc/Legacy -I../Drivers/CMSIS/Device/ST/STM32F7xx/Include -I../Drivers/CMSIS/Include -O0 -ffunction-sections -fdata-sections -Wall -fstack-usage -MMD -MP -MF"Core/Src/sysmem.d" -MT"Core/Src/sysmem.o" --specs=nano.specs -mfpu=fpv5-sp-d16 -mfloat-abi=hard -mthumb -o "Core/Src/sysmem.o"
arm-none-eabi-gcc "../Core/Src/system_stm32f7xx.c" -mcpu=cortex-m7 -std=gnu11 -g3 -DDEBUG -DUSE_HAL_DRIVER -DSTM32F746xx -c -I../Core/Inc -I../Drivers/STM32F7xx_HAL_Driver/Inc -I../Drivers/STM32F7xx_HAL_Driver/Inc/Legacy -I../Drivers/CMSIS/Device/ST/STM32F7xx/Include -I../Drivers/CMSIS/Include -O0 -ffunction-sections -fdata-sections -Wall -fstack-usage -MMD -MP -MF"Core/Src/system_stm32f7xx.d" -MT"Core/Src/system_stm32f7xx.o" --specs=nano.specs -mfpu=fpv5-sp-d16 -mfloat-abi=hard -mthumb -o "Core/Src/system_stm32f7xx.o"
arm-none-eabi-gcc "../Core/Src/tim.c" -mcpu=cortex-m7 -std=gnu11 -g3 -DDEBUG -DUSE_HAL_DRIVER -DSTM32F746xx -c -I../Core/Inc -I../Drivers/STM32F7xx_HAL_Driver/Inc -I../Drivers/STM32F7xx_HAL_Driver/Inc/Legacy -I../Drivers/CMSIS/Device/ST/STM32F7xx/Include -I../Drivers/CMSIS/Include -O0 -ffunction-sections -fdata-sections -Wall -fstack-usage -MMD -MP -MF"Core/Src/tim.d" -MT"Core/Src/tim.o" --specs=nano.specs -mfpu=fpv5-sp-d16 -mfloat-abi=hard -mthumb -o "Core/Src/tim.o"
arm-none-eabi-gcc "../Core/Src/usart.c" -mcpu=cortex-m7 -std=gnu11 -g3 -DDEBUG -DUSE_HAL_DRIVER -DSTM32F746xx -c -I../Core/Inc -I../Drivers/STM32F7xx_HAL_Driver/Inc -I../Drivers/STM32F7xx_HAL_Driver/Inc/Legacy -I../Drivers/CMSIS/Device/ST/STM32F7xx/Include -I../Drivers/CMSIS/Include -O0 -ffunction-sections -fdata-sections -Wall -fstack-usage -MMD -MP -MF"Core/Src/usart.d" -MT"Core/Src/usart.o" --specs=nano.specs -mfpu=fpv5-sp-d16 -mfloat-abi=hard -mthumb -o "Core/Src/usart.o"
arm-none-eabi-gcc -o "SM_FT_VCS.elf" @"objects.list"   -mcpu=cortex-m7 -T"C:\Users\Nihal\Documents\GitHub\MCU-based-Control-and-Measurement-System\STM32CubeIDE\NUCLEO-F746ZG\SM_FT_VCS\STM32F746ZGTX_FLASH.ld" --specs=nosys.specs -Wl,-Map="SM_FT_VCS.map" -Wl,--gc-sections -static --specs=nano.specs -mfpu=fpv5-sp-d16 -mfloat-abi=hard -mthumb -Wl,--start-group -lc -lm -Wl,--end-group
Finished building target: SM_FT_VCS.elf
 
arm-none-eabi-size   SM_FT_VCS.elf 
arm-none-eabi-objdump -h -S  SM_FT_VCS.elf  > "SM_FT_VCS.list"
arm-none-eabi-objcopy  -O binary  SM_FT_VCS.elf  "SM_FT_VCS.bin"
   text	   data	    bss	    dec	    hex	filename
  30836	     20	   2292	  33148	   817c	SM_FT_VCS.elf
Finished building: default.size.stdout
 
Finished building: SM_FT_VCS.bin
Finished building: SM_FT_VCS.list
 
 
18:50:12 **** Incremental Build of configuration Debug for project SM_FT_VCS ****
make -j12 all 
arm-none-eabi-size   SM_FT_VCS.elf 
   text	   data	    bss	    dec	    hex	filename
  30836	     20	   2292	  33148	   817c	SM_FT_VCS.elf
Finished building: default.size.stdout
 
18:53:26 **** Incremental Build of configuration Debug for project SM_FT_VCS ****
make -j12 all 
arm-none-eabi-gcc "../Core/Src/main.c" -mcpu=cortex-m7 -std=gnu11 -g3 -DDEBUG -DUSE_HAL_DRIVER -DSTM32F746xx -c -I../Core/Inc -I../Drivers/STM32F7xx_HAL_Driver/Inc -I../Drivers/STM32F7xx_HAL_Driver/Inc/Legacy -I../Drivers/CMSIS/Device/ST/STM32F7xx/Include -I../Drivers/CMSIS/Include -O0 -ffunction-sections -fdata-sections -Wall -fstack-usage -MMD -MP -MF"Core/Src/main.d" -MT"Core/Src/main.o" --specs=nano.specs -mfpu=fpv5-sp-d16 -mfloat-abi=hard -mthumb -o "Core/Src/main.o"
arm-none-eabi-gcc -o "SM_FT_VCS.elf" @"objects.list"   -mcpu=cortex-m7 -T"C:\Users\Nihal\Documents\GitHub\MCU-based-Control-and-Measurement-System\STM32CubeIDE\NUCLEO-F746ZG\SM_FT_VCS\STM32F746ZGTX_FLASH.ld" --specs=nosys.specs -Wl,-Map="SM_FT_VCS.map" -Wl,--gc-sections -static --specs=nano.specs -mfpu=fpv5-sp-d16 -mfloat-abi=hard -mthumb -Wl,--start-group -lc -lm -Wl,--end-group
Finished building target: SM_FT_VCS.elf
 
arm-none-eabi-size   SM_FT_VCS.elf 
arm-none-eabi-objdump -h -S  SM_FT_VCS.elf  > "SM_FT_VCS.list"
arm-none-eabi-objcopy  -O binary  SM_FT_VCS.elf  "SM_FT_VCS.bin"
   text	   data	    bss	    dec	    hex	filename
  30836	     20	   2292	  33148	   817c	SM_FT_VCS.elf
Finished building: default.size.stdout
 
Finished building: SM_FT_VCS.bin
 
Finished building: SM_FT_VCS.list
 
18:53:32 **** Incremental Build of configuration Debug for project SM_FT_VCS ****
make -j12 all 
arm-none-eabi-size   SM_FT_VCS.elf 
   text	   data	    bss	    dec	    hex	filename
  30836	     20	   2292	  33148	   817c	SM_FT_VCS.elf
Finished building: default.size.stdout
 
19:00:35 **** Incremental Build of configuration Debug for project SM_FT_VCS ****
make -j12 all 
arm-none-eabi-size   SM_FT_VCS.elf 
   text	   data	    bss	    dec	    hex	filename
  30836	     20	   2292	  33148	   817c	SM_FT_VCS.elf
Finished building: default.size.stdout
 
19:01:15 **** Incremental Build of configuration Debug for project SM_FT_VCS ****
make -j12 all 
arm-none-eabi-size   SM_FT_VCS.elf 
   text	   data	    bss	    dec	    hex	filename
  30836	     20	   2292	  33148	   817c	SM_FT_VCS.elf
Finished building: default.size.stdout
 
19:02:30 **** Incremental Build of configuration Debug for project SM_FT_VCS ****
make -j12 all 
arm-none-eabi-gcc "../Core/Src/main.c" -mcpu=cortex-m7 -std=gnu11 -g3 -DDEBUG -DUSE_HAL_DRIVER -DSTM32F746xx -c -I../Core/Inc -I../Drivers/STM32F7xx_HAL_Driver/Inc -I../Drivers/STM32F7xx_HAL_Driver/Inc/Legacy -I../Drivers/CMSIS/Device/ST/STM32F7xx/Include -I../Drivers/CMSIS/Include -O0 -ffunction-sections -fdata-sections -Wall -fstack-usage -MMD -MP -MF"Core/Src/main.d" -MT"Core/Src/main.o" --specs=nano.specs -mfpu=fpv5-sp-d16 -mfloat-abi=hard -mthumb -o "Core/Src/main.o"
arm-none-eabi-gcc -o "SM_FT_VCS.elf" @"objects.list"   -mcpu=cortex-m7 -T"C:\Users\Nihal\Documents\GitHub\MCU-based-Control-and-Measurement-System\STM32CubeIDE\NUCLEO-F746ZG\SM_FT_VCS\STM32F746ZGTX_FLASH.ld" --specs=nosys.specs -Wl,-Map="SM_FT_VCS.map" -Wl,--gc-sections -static --specs=nano.specs -mfpu=fpv5-sp-d16 -mfloat-abi=hard -mthumb -Wl,--start-group -lc -lm -Wl,--end-group
Finished building target: SM_FT_VCS.elf
 
arm-none-eabi-size   SM_FT_VCS.elf 
arm-none-eabi-objdump -h -S  SM_FT_VCS.elf  > "SM_FT_VCS.list"
arm-none-eabi-objcopy  -O binary  SM_FT_VCS.elf  "SM_FT_VCS.bin"
   text	   data	    bss	    dec	    hex	filename
  30836	     20	   2292	  33148	   817c	SM_FT_VCS.elf
Finished building: default.size.stdout
 
Finished building: SM_FT_VCS.bin
 
Finished building: SM_FT_VCS.list
 
19:02:58 **** Incremental Build of configuration Debug for project SM_FT_VCS ****
make -j12 all 
arm-none-eabi-gcc "../Core/Src/main.c" -mcpu=cortex-m7 -std=gnu11 -g3 -DDEBUG -DUSE_HAL_DRIVER -DSTM32F746xx -c -I../Core/Inc -I../Drivers/STM32F7xx_HAL_Driver/Inc -I../Drivers/STM32F7xx_HAL_Driver/Inc/Legacy -I../Drivers/CMSIS/Device/ST/STM32F7xx/Include -I../Drivers/CMSIS/Include -O0 -ffunction-sections -fdata-sections -Wall -fstack-usage -MMD -MP -MF"Core/Src/main.d" -MT"Core/Src/main.o" --specs=nano.specs -mfpu=fpv5-sp-d16 -mfloat-abi=hard -mthumb -o "Core/Src/main.o"
arm-none-eabi-gcc -o "SM_FT_VCS.elf" @"objects.list"   -mcpu=cortex-m7 -T"C:\Users\Nihal\Documents\GitHub\MCU-based-Control-and-Measurement-System\STM32CubeIDE\NUCLEO-F746ZG\SM_FT_VCS\STM32F746ZGTX_FLASH.ld" --specs=nosys.specs -Wl,-Map="SM_FT_VCS.map" -Wl,--gc-sections -static --specs=nano.specs -mfpu=fpv5-sp-d16 -mfloat-abi=hard -mthumb -Wl,--start-group -lc -lm -Wl,--end-group
Finished building target: SM_FT_VCS.elf
 
arm-none-eabi-size   SM_FT_VCS.elf 
arm-none-eabi-objdump -h -S  SM_FT_VCS.elf  > "SM_FT_VCS.list"
arm-none-eabi-objcopy  -O binary  SM_FT_VCS.elf  "SM_FT_VCS.bin"
   text	   data	    bss	    dec	    hex	filename
  30836	     20	   2292	  33148	   817c	SM_FT_VCS.elf
Finished building: default.size.stdout
 
Finished building: SM_FT_VCS.bin
 
Finished building: SM_FT_VCS.list
 
22:33:23 **** Incremental Build of configuration Debug for project SM_FT_VCS ****
make -j12 all 
arm-none-eabi-gcc "../Core/Src/adc.c" -mcpu=cortex-m7 -std=gnu11 -g3 -DDEBUG -DUSE_HAL_DRIVER -DSTM32F746xx -c -I../Core/Inc -I../Drivers/STM32F7xx_HAL_Driver/Inc -I../Drivers/STM32F7xx_HAL_Driver/Inc/Legacy -I../Drivers/CMSIS/Device/ST/STM32F7xx/Include -I../Drivers/CMSIS/Include -O0 -ffunction-sections -fdata-sections -Wall -fstack-usage -MMD -MP -MF"Core/Src/adc.d" -MT"Core/Src/adc.o" --specs=nano.specs -mfpu=fpv5-sp-d16 -mfloat-abi=hard -mthumb -o "Core/Src/adc.o"
arm-none-eabi-gcc "../Core/Src/dma.c" -mcpu=cortex-m7 -std=gnu11 -g3 -DDEBUG -DUSE_HAL_DRIVER -DSTM32F746xx -c -I../Core/Inc -I../Drivers/STM32F7xx_HAL_Driver/Inc -I../Drivers/STM32F7xx_HAL_Driver/Inc/Legacy -I../Drivers/CMSIS/Device/ST/STM32F7xx/Include -I../Drivers/CMSIS/Include -O0 -ffunction-sections -fdata-sections -Wall -fstack-usage -MMD -MP -MF"Core/Src/dma.d" -MT"Core/Src/dma.o" --specs=nano.specs -mfpu=fpv5-sp-d16 -mfloat-abi=hard -mthumb -o "Core/Src/dma.o"
arm-none-eabi-gcc "../Core/Src/gpio.c" -mcpu=cortex-m7 -std=gnu11 -g3 -DDEBUG -DUSE_HAL_DRIVER -DSTM32F746xx -c -I../Core/Inc -I../Drivers/STM32F7xx_HAL_Driver/Inc -I../Drivers/STM32F7xx_HAL_Driver/Inc/Legacy -I../Drivers/CMSIS/Device/ST/STM32F7xx/Include -I../Drivers/CMSIS/Include -O0 -ffunction-sections -fdata-sections -Wall -fstack-usage -MMD -MP -MF"Core/Src/gpio.d" -MT"Core/Src/gpio.o" --specs=nano.specs -mfpu=fpv5-sp-d16 -mfloat-abi=hard -mthumb -o "Core/Src/gpio.o"
arm-none-eabi-gcc "../Core/Src/hcsro4.c" -mcpu=cortex-m7 -std=gnu11 -g3 -DDEBUG -DUSE_HAL_DRIVER -DSTM32F746xx -c -I../Core/Inc -I../Drivers/STM32F7xx_HAL_Driver/Inc -I../Drivers/STM32F7xx_HAL_Driver/Inc/Legacy -I../Drivers/CMSIS/Device/ST/STM32F7xx/Include -I../Drivers/CMSIS/Include -O0 -ffunction-sections -fdata-sections -Wall -fstack-usage -MMD -MP -MF"Core/Src/hcsro4.d" -MT"Core/Src/hcsro4.o" --specs=nano.specs -mfpu=fpv5-sp-d16 -mfloat-abi=hard -mthumb -o "Core/Src/hcsro4.o"
arm-none-eabi-gcc "../Core/Src/i2c.c" -mcpu=cortex-m7 -std=gnu11 -g3 -DDEBUG -DUSE_HAL_DRIVER -DSTM32F746xx -c -I../Core/Inc -I../Drivers/STM32F7xx_HAL_Driver/Inc -I../Drivers/STM32F7xx_HAL_Driver/Inc/Legacy -I../Drivers/CMSIS/Device/ST/STM32F7xx/Include -I../Drivers/CMSIS/Include -O0 -ffunction-sections -fdata-sections -Wall -fstack-usage -MMD -MP -MF"Core/Src/i2c.d" -MT"Core/Src/i2c.o" --specs=nano.specs -mfpu=fpv5-sp-d16 -mfloat-abi=hard -mthumb -o "Core/Src/i2c.o"
arm-none-eabi-gcc "../Core/Src/main.c" -mcpu=cortex-m7 -std=gnu11 -g3 -DDEBUG -DUSE_HAL_DRIVER -DSTM32F746xx -c -I../Core/Inc -I../Drivers/STM32F7xx_HAL_Driver/Inc -I../Drivers/STM32F7xx_HAL_Driver/Inc/Legacy -I../Drivers/CMSIS/Device/ST/STM32F7xx/Include -I../Drivers/CMSIS/Include -O0 -ffunction-sections -fdata-sections -Wall -fstack-usage -MMD -MP -MF"Core/Src/main.d" -MT"Core/Src/main.o" --specs=nano.specs -mfpu=fpv5-sp-d16 -mfloat-abi=hard -mthumb -o "Core/Src/main.o"
arm-none-eabi-gcc "../Core/Src/spi.c" -mcpu=cortex-m7 -std=gnu11 -g3 -DDEBUG -DUSE_HAL_DRIVER -DSTM32F746xx -c -I../Core/Inc -I../Drivers/STM32F7xx_HAL_Driver/Inc -I../Drivers/STM32F7xx_HAL_Driver/Inc/Legacy -I../Drivers/CMSIS/Device/ST/STM32F7xx/Include -I../Drivers/CMSIS/Include -O0 -ffunction-sections -fdata-sections -Wall -fstack-usage -MMD -MP -MF"Core/Src/spi.d" -MT"Core/Src/spi.o" --specs=nano.specs -mfpu=fpv5-sp-d16 -mfloat-abi=hard -mthumb -o "Core/Src/spi.o"
arm-none-eabi-gcc "../Core/Src/stm32f7xx_hal_msp.c" -mcpu=cortex-m7 -std=gnu11 -g3 -DDEBUG -DUSE_HAL_DRIVER -DSTM32F746xx -c -I../Core/Inc -I../Drivers/STM32F7xx_HAL_Driver/Inc -I../Drivers/STM32F7xx_HAL_Driver/Inc/Legacy -I../Drivers/CMSIS/Device/ST/STM32F7xx/Include -I../Drivers/CMSIS/Include -O0 -ffunction-sections -fdata-sections -Wall -fstack-usage -MMD -MP -MF"Core/Src/stm32f7xx_hal_msp.d" -MT"Core/Src/stm32f7xx_hal_msp.o" --specs=nano.specs -mfpu=fpv5-sp-d16 -mfloat-abi=hard -mthumb -o "Core/Src/stm32f7xx_hal_msp.o"
arm-none-eabi-gcc "../Core/Src/stm32f7xx_it.c" -mcpu=cortex-m7 -std=gnu11 -g3 -DDEBUG -DUSE_HAL_DRIVER -DSTM32F746xx -c -I../Core/Inc -I../Drivers/STM32F7xx_HAL_Driver/Inc -I../Drivers/STM32F7xx_HAL_Driver/Inc/Legacy -I../Drivers/CMSIS/Device/ST/STM32F7xx/Include -I../Drivers/CMSIS/Include -O0 -ffunction-sections -fdata-sections -Wall -fstack-usage -MMD -MP -MF"Core/Src/stm32f7xx_it.d" -MT"Core/Src/stm32f7xx_it.o" --specs=nano.specs -mfpu=fpv5-sp-d16 -mfloat-abi=hard -mthumb -o "Core/Src/stm32f7xx_it.o"
arm-none-eabi-gcc "../Core/Src/syscalls.c" -mcpu=cortex-m7 -std=gnu11 -g3 -DDEBUG -DUSE_HAL_DRIVER -DSTM32F746xx -c -I../Core/Inc -I../Drivers/STM32F7xx_HAL_Driver/Inc -I../Drivers/STM32F7xx_HAL_Driver/Inc/Legacy -I../Drivers/CMSIS/Device/ST/STM32F7xx/Include -I../Drivers/CMSIS/Include -O0 -ffunction-sections -fdata-sections -Wall -fstack-usage -MMD -MP -MF"Core/Src/syscalls.d" -MT"Core/Src/syscalls.o" --specs=nano.specs -mfpu=fpv5-sp-d16 -mfloat-abi=hard -mthumb -o "Core/Src/syscalls.o"
arm-none-eabi-gcc "../Core/Src/sysmem.c" -mcpu=cortex-m7 -std=gnu11 -g3 -DDEBUG -DUSE_HAL_DRIVER -DSTM32F746xx -c -I../Core/Inc -I../Drivers/STM32F7xx_HAL_Driver/Inc -I../Drivers/STM32F7xx_HAL_Driver/Inc/Legacy -I../Drivers/CMSIS/Device/ST/STM32F7xx/Include -I../Drivers/CMSIS/Include -O0 -ffunction-sections -fdata-sections -Wall -fstack-usage -MMD -MP -MF"Core/Src/sysmem.d" -MT"Core/Src/sysmem.o" --specs=nano.specs -mfpu=fpv5-sp-d16 -mfloat-abi=hard -mthumb -o "Core/Src/sysmem.o"
arm-none-eabi-gcc "../Core/Src/system_stm32f7xx.c" -mcpu=cortex-m7 -std=gnu11 -g3 -DDEBUG -DUSE_HAL_DRIVER -DSTM32F746xx -c -I../Core/Inc -I../Drivers/STM32F7xx_HAL_Driver/Inc -I../Drivers/STM32F7xx_HAL_Driver/Inc/Legacy -I../Drivers/CMSIS/Device/ST/STM32F7xx/Include -I../Drivers/CMSIS/Include -O0 -ffunction-sections -fdata-sections -Wall -fstack-usage -MMD -MP -MF"Core/Src/system_stm32f7xx.d" -MT"Core/Src/system_stm32f7xx.o" --specs=nano.specs -mfpu=fpv5-sp-d16 -mfloat-abi=hard -mthumb -o "Core/Src/system_stm32f7xx.o"
arm-none-eabi-gcc "../Core/Src/tim.c" -mcpu=cortex-m7 -std=gnu11 -g3 -DDEBUG -DUSE_HAL_DRIVER -DSTM32F746xx -c -I../Core/Inc -I../Drivers/STM32F7xx_HAL_Driver/Inc -I../Drivers/STM32F7xx_HAL_Driver/Inc/Legacy -I../Drivers/CMSIS/Device/ST/STM32F7xx/Include -I../Drivers/CMSIS/Include -O0 -ffunction-sections -fdata-sections -Wall -fstack-usage -MMD -MP -MF"Core/Src/tim.d" -MT"Core/Src/tim.o" --specs=nano.specs -mfpu=fpv5-sp-d16 -mfloat-abi=hard -mthumb -o "Core/Src/tim.o"
In file included from ../Core/Inc/stm32f7xx_hal_conf.h:406,
                 from ../Drivers/STM32F7xx_HAL_Driver/Inc/stm32f7xx_hal.h:30,
                 from ../Core/Inc/main.h:31,
                 from ../Core/Src/main.c:21:
../Core/Src/main.c: In function 'HAL_TIM_IC_CaptureCallback':
../Drivers/STM32F7xx_HAL_Driver/Inc/stm32f7xx_hal_tim.h:1257:72: error: 'htim8' is a pointer; did you mean to use '->'?
 1257 | #define __HAL_TIM_DISABLE_IT(__HANDLE__, __INTERRUPT__)   ((__HANDLE__)->Instance->DIER &= ~(__INTERRUPT__))
      |                                                                        ^~
arm-none-eabi-gcc "../Core/Src/usart.c" -mcpu=cortex-m7 -std=gnu11 -g3 -DDEBUG -DUSE_HAL_DRIVER -DSTM32F746xx -c -I../Core/Inc -I../Drivers/STM32F7xx_HAL_Driver/Inc -I../Drivers/STM32F7xx_HAL_Driver/Inc/Legacy -I../Drivers/CMSIS/Device/ST/STM32F7xx/Include -I../Drivers/CMSIS/Include -O0 -ffunction-sections -fdata-sections -Wall -fstack-usage -MMD -MP -MF"Core/Src/usart.d" -MT"Core/Src/usart.o" --specs=nano.specs -mfpu=fpv5-sp-d16 -mfloat-abi=hard -mthumb -o "Core/Src/usart.o"
../Core/Src/main.c:109:4: note: in expansion of macro '__HAL_TIM_DISABLE_IT'
  109 |    __HAL_TIM_DISABLE_IT(&htim8, TIM_IT_CC1);
      |    ^~~~~~~~~~~~~~~~~~~~
make: *** [Core/Src/subdir.mk:58: Core/Src/main.o] Error 1
make: *** Waiting for unfinished jobs....
"make -j12 all" terminated with exit code 2. Build might be incomplete.
22:33:53 **** Incremental Build of configuration Debug for project SM_FT_VCS ****
make -j12 all 
arm-none-eabi-gcc "../Core/Src/main.c" -mcpu=cortex-m7 -std=gnu11 -g3 -DDEBUG -DUSE_HAL_DRIVER -DSTM32F746xx -c -I../Core/Inc -I../Drivers/STM32F7xx_HAL_Driver/Inc -I../Drivers/STM32F7xx_HAL_Driver/Inc/Legacy -I../Drivers/CMSIS/Device/ST/STM32F7xx/Include -I../Drivers/CMSIS/Include -O0 -ffunction-sections -fdata-sections -Wall -fstack-usage -MMD -MP -MF"Core/Src/main.d" -MT"Core/Src/main.o" --specs=nano.specs -mfpu=fpv5-sp-d16 -mfloat-abi=hard -mthumb -o "Core/Src/main.o"
../Core/Src/main.c: In function 'HAL_TIM_IC_CaptureCallback':
../Core/Src/main.c:79:11: error: invalid type argument of '->' (have 'TIM_HandleTypeDef' {aka 'struct <anonymous>'})
   79 |  if (htim8->Channel == HAL_TIM_ACTIVE_CHANNEL_1)  // if the interrupt source is channel1
      |           ^~
../Core/Src/main.c:83:40: error: incompatible type for argument 1 of 'HAL_TIM_ReadCapturedValue'
   83 |    IC_Val1 = HAL_TIM_ReadCapturedValue(htim8, TIM_CHANNEL_1); // read the first value
      |                                        ^~~~~
      |                                        |
      |                                        TIM_HandleTypeDef {aka struct <anonymous>}
In file included from ../Core/Inc/stm32f7xx_hal_conf.h:406,
                 from ../Drivers/STM32F7xx_HAL_Driver/Inc/stm32f7xx_hal.h:30,
                 from ../Core/Inc/main.h:31,
                 from ../Core/Src/main.c:21:
../Drivers/STM32F7xx_HAL_Driver/Inc/stm32f7xx_hal_tim.h:2279:55: note: expected 'TIM_HandleTypeDef *' {aka 'struct <anonymous> *'} but argument is of type 'TIM_HandleTypeDef' {aka 'struct <anonymous>'}
 2279 | uint32_t HAL_TIM_ReadCapturedValue(TIM_HandleTypeDef *htim, uint32_t Channel);
      |                                    ~~~~~~~~~~~~~~~~~~~^~~~
In file included from ../Core/Inc/stm32f7xx_hal_conf.h:406,
                 from ../Drivers/STM32F7xx_HAL_Driver/Inc/stm32f7xx_hal.h:30,
                 from ../Core/Inc/main.h:31,
                 from ../Core/Src/main.c:21:
../Drivers/STM32F7xx_HAL_Driver/Inc/stm32f7xx_hal_tim.h:2048:52: error: invalid type argument of '->' (have 'TIM_HandleTypeDef' {aka 'struct <anonymous>'})
 2048 |   (((__CHANNEL__) == TIM_CHANNEL_1) ? ((__HANDLE__)->Instance->CCER &= ~(TIM_CCER_CC1P | TIM_CCER_CC1NP)) :\
      |                                                    ^~
../Drivers/STM32F7xx_HAL_Driver/Inc/stm32f7xx_hal_tim.h:1695:5: note: in expansion of macro 'TIM_RESET_CAPTUREPOLARITY'
 1695 |     TIM_RESET_CAPTUREPOLARITY((__HANDLE__), (__CHANNEL__));               \
      |     ^~~~~~~~~~~~~~~~~~~~~~~~~
../Core/Src/main.c:86:4: note: in expansion of macro '__HAL_TIM_SET_CAPTUREPOLARITY'
   86 |    __HAL_TIM_SET_CAPTUREPOLARITY(htim8, TIM_CHANNEL_1, TIM_INPUTCHANNELPOLARITY_FALLING);
      |    ^~~~~~~~~~~~~~~~~~~~~~~~~~~~~
../Drivers/STM32F7xx_HAL_Driver/Inc/stm32f7xx_hal_tim.h:2049:52: error: invalid type argument of '->' (have 'TIM_HandleTypeDef' {aka 'struct <anonymous>'})
 2049 |    ((__CHANNEL__) == TIM_CHANNEL_2) ? ((__HANDLE__)->Instance->CCER &= ~(TIM_CCER_CC2P | TIM_CCER_CC2NP)) :\
      |                                                    ^~
../Drivers/STM32F7xx_HAL_Driver/Inc/stm32f7xx_hal_tim.h:1695:5: note: in expansion of macro 'TIM_RESET_CAPTUREPOLARITY'
 1695 |     TIM_RESET_CAPTUREPOLARITY((__HANDLE__), (__CHANNEL__));               \
      |     ^~~~~~~~~~~~~~~~~~~~~~~~~
../Core/Src/main.c:86:4: note: in expansion of macro '__HAL_TIM_SET_CAPTUREPOLARITY'
   86 |    __HAL_TIM_SET_CAPTUREPOLARITY(htim8, TIM_CHANNEL_1, TIM_INPUTCHANNELPOLARITY_FALLING);
      |    ^~~~~~~~~~~~~~~~~~~~~~~~~~~~~
../Drivers/STM32F7xx_HAL_Driver/Inc/stm32f7xx_hal_tim.h:2050:52: error: invalid type argument of '->' (have 'TIM_HandleTypeDef' {aka 'struct <anonymous>'})
 2050 |    ((__CHANNEL__) == TIM_CHANNEL_3) ? ((__HANDLE__)->Instance->CCER &= ~(TIM_CCER_CC3P | TIM_CCER_CC3NP)) :\
      |                                                    ^~
../Drivers/STM32F7xx_HAL_Driver/Inc/stm32f7xx_hal_tim.h:1695:5: note: in expansion of macro 'TIM_RESET_CAPTUREPOLARITY'
 1695 |     TIM_RESET_CAPTUREPOLARITY((__HANDLE__), (__CHANNEL__));               \
      |     ^~~~~~~~~~~~~~~~~~~~~~~~~
../Core/Src/main.c:86:4: note: in expansion of macro '__HAL_TIM_SET_CAPTUREPOLARITY'
   86 |    __HAL_TIM_SET_CAPTUREPOLARITY(htim8, TIM_CHANNEL_1, TIM_INPUTCHANNELPOLARITY_FALLING);
      |    ^~~~~~~~~~~~~~~~~~~~~~~~~~~~~
../Drivers/STM32F7xx_HAL_Driver/Inc/stm32f7xx_hal_tim.h:2051:17: error: invalid type argument of '->' (have 'TIM_HandleTypeDef' {aka 'struct <anonymous>'})
 2051 |    ((__HANDLE__)->Instance->CCER &= ~(TIM_CCER_CC4P | TIM_CCER_CC4NP)))
      |                 ^~
../Drivers/STM32F7xx_HAL_Driver/Inc/stm32f7xx_hal_tim.h:1695:5: note: in expansion of macro 'TIM_RESET_CAPTUREPOLARITY'
 1695 |     TIM_RESET_CAPTUREPOLARITY((__HANDLE__), (__CHANNEL__));               \
      |     ^~~~~~~~~~~~~~~~~~~~~~~~~
../Core/Src/main.c:86:4: note: in expansion of macro '__HAL_TIM_SET_CAPTUREPOLARITY'
   86 |    __HAL_TIM_SET_CAPTUREPOLARITY(htim8, TIM_CHANNEL_1, TIM_INPUTCHANNELPOLARITY_FALLING);
      |    ^~~~~~~~~~~~~~~~~~~~~~~~~~~~~
../Drivers/STM32F7xx_HAL_Driver/Inc/stm32f7xx_hal_tim.h:2042:52: error: invalid type argument of '->' (have 'TIM_HandleTypeDef' {aka 'struct <anonymous>'})
 2042 |   (((__CHANNEL__) == TIM_CHANNEL_1) ? ((__HANDLE__)->Instance->CCER |= (__POLARITY__)) :\
      |                                                    ^~
../Drivers/STM32F7xx_HAL_Driver/Inc/stm32f7xx_hal_tim.h:1696:5: note: in expansion of macro 'TIM_SET_CAPTUREPOLARITY'
 1696 |     TIM_SET_CAPTUREPOLARITY((__HANDLE__), (__CHANNEL__), (__POLARITY__)); \
      |     ^~~~~~~~~~~~~~~~~~~~~~~
../Core/Src/main.c:86:4: note: in expansion of macro '__HAL_TIM_SET_CAPTUREPOLARITY'
   86 |    __HAL_TIM_SET_CAPTUREPOLARITY(htim8, TIM_CHANNEL_1, TIM_INPUTCHANNELPOLARITY_FALLING);
      |    ^~~~~~~~~~~~~~~~~~~~~~~~~~~~~
../Drivers/STM32F7xx_HAL_Driver/Inc/stm32f7xx_hal_tim.h:2043:52: error: invalid type argument of '->' (have 'TIM_HandleTypeDef' {aka 'struct <anonymous>'})
 2043 |    ((__CHANNEL__) == TIM_CHANNEL_2) ? ((__HANDLE__)->Instance->CCER |= ((__POLARITY__) << 4U)) :\
      |                                                    ^~
../Drivers/STM32F7xx_HAL_Driver/Inc/stm32f7xx_hal_tim.h:1696:5: note: in expansion of macro 'TIM_SET_CAPTUREPOLARITY'
 1696 |     TIM_SET_CAPTUREPOLARITY((__HANDLE__), (__CHANNEL__), (__POLARITY__)); \
      |     ^~~~~~~~~~~~~~~~~~~~~~~
../Core/Src/main.c:86:4: note: in expansion of macro '__HAL_TIM_SET_CAPTUREPOLARITY'
   86 |    __HAL_TIM_SET_CAPTUREPOLARITY(htim8, TIM_CHANNEL_1, TIM_INPUTCHANNELPOLARITY_FALLING);
      |    ^~~~~~~~~~~~~~~~~~~~~~~~~~~~~
../Drivers/STM32F7xx_HAL_Driver/Inc/stm32f7xx_hal_tim.h:2044:52: error: invalid type argument of '->' (have 'TIM_HandleTypeDef' {aka 'struct <anonymous>'})
 2044 |    ((__CHANNEL__) == TIM_CHANNEL_3) ? ((__HANDLE__)->Instance->CCER |= ((__POLARITY__) << 8U)) :\
      |                                                    ^~
../Drivers/STM32F7xx_HAL_Driver/Inc/stm32f7xx_hal_tim.h:1696:5: note: in expansion of macro 'TIM_SET_CAPTUREPOLARITY'
 1696 |     TIM_SET_CAPTUREPOLARITY((__HANDLE__), (__CHANNEL__), (__POLARITY__)); \
      |     ^~~~~~~~~~~~~~~~~~~~~~~
../Core/Src/main.c:86:4: note: in expansion of macro '__HAL_TIM_SET_CAPTUREPOLARITY'
   86 |    __HAL_TIM_SET_CAPTUREPOLARITY(htim8, TIM_CHANNEL_1, TIM_INPUTCHANNELPOLARITY_FALLING);
      |    ^~~~~~~~~~~~~~~~~~~~~~~~~~~~~
../Drivers/STM32F7xx_HAL_Driver/Inc/stm32f7xx_hal_tim.h:2045:17: error: invalid type argument of '->' (have 'TIM_HandleTypeDef' {aka 'struct <anonymous>'})
 2045 |    ((__HANDLE__)->Instance->CCER |= (((__POLARITY__) << 12U))))
      |                 ^~
../Drivers/STM32F7xx_HAL_Driver/Inc/stm32f7xx_hal_tim.h:1696:5: note: in expansion of macro 'TIM_SET_CAPTUREPOLARITY'
 1696 |     TIM_SET_CAPTUREPOLARITY((__HANDLE__), (__CHANNEL__), (__POLARITY__)); \
      |     ^~~~~~~~~~~~~~~~~~~~~~~
../Core/Src/main.c:86:4: note: in expansion of macro '__HAL_TIM_SET_CAPTUREPOLARITY'
   86 |    __HAL_TIM_SET_CAPTUREPOLARITY(htim8, TIM_CHANNEL_1, TIM_INPUTCHANNELPOLARITY_FALLING);
      |    ^~~~~~~~~~~~~~~~~~~~~~~~~~~~~
../Core/Src/main.c:91:40: error: incompatible type for argument 1 of 'HAL_TIM_ReadCapturedValue'
   91 |    IC_Val2 = HAL_TIM_ReadCapturedValue(htim8, TIM_CHANNEL_1);  // read second value
      |                                        ^~~~~
      |                                        |
      |                                        TIM_HandleTypeDef {aka struct <anonymous>}
In file included from ../Core/Inc/stm32f7xx_hal_conf.h:406,
                 from ../Drivers/STM32F7xx_HAL_Driver/Inc/stm32f7xx_hal.h:30,
                 from ../Core/Inc/main.h:31,
                 from ../Core/Src/main.c:21:
../Drivers/STM32F7xx_HAL_Driver/Inc/stm32f7xx_hal_tim.h:2279:55: note: expected 'TIM_HandleTypeDef *' {aka 'struct <anonymous> *'} but argument is of type 'TIM_HandleTypeDef' {aka 'struct <anonymous>'}
 2279 | uint32_t HAL_TIM_ReadCapturedValue(TIM_HandleTypeDef *htim, uint32_t Channel);
      |                                    ~~~~~~~~~~~~~~~~~~~^~~~
In file included from ../Core/Inc/stm32f7xx_hal_conf.h:406,
                 from ../Drivers/STM32F7xx_HAL_Driver/Inc/stm32f7xx_hal.h:30,
                 from ../Core/Inc/main.h:31,
                 from ../Core/Src/main.c:21:
../Drivers/STM32F7xx_HAL_Driver/Inc/stm32f7xx_hal_tim.h:1421:70: error: invalid type argument of '->' (have 'TIM_HandleTypeDef' {aka 'struct <anonymous>'})
 1421 | #define __HAL_TIM_SET_COUNTER(__HANDLE__, __COUNTER__)  ((__HANDLE__)->Instance->CNT = (__COUNTER__))
      |                                                                      ^~
../Core/Src/main.c:92:4: note: in expansion of macro '__HAL_TIM_SET_COUNTER'
   92 |    __HAL_TIM_SET_COUNTER(htim8, 0);  // reset the counter
      |    ^~~~~~~~~~~~~~~~~~~~~
../Drivers/STM32F7xx_HAL_Driver/Inc/stm32f7xx_hal_tim.h:2048:52: error: invalid type argument of '->' (have 'TIM_HandleTypeDef' {aka 'struct <anonymous>'})
 2048 |   (((__CHANNEL__) == TIM_CHANNEL_1) ? ((__HANDLE__)->Instance->CCER &= ~(TIM_CCER_CC1P | TIM_CCER_CC1NP)) :\
      |                                                    ^~
../Drivers/STM32F7xx_HAL_Driver/Inc/stm32f7xx_hal_tim.h:1695:5: note: in expansion of macro 'TIM_RESET_CAPTUREPOLARITY'
 1695 |     TIM_RESET_CAPTUREPOLARITY((__HANDLE__), (__CHANNEL__));               \
      |     ^~~~~~~~~~~~~~~~~~~~~~~~~
../Core/Src/main.c:108:4: note: in expansion of macro '__HAL_TIM_SET_CAPTUREPOLARITY'
  108 |    __HAL_TIM_SET_CAPTUREPOLARITY(htim8, TIM_CHANNEL_1, TIM_INPUTCHANNELPOLARITY_RISING);
      |    ^~~~~~~~~~~~~~~~~~~~~~~~~~~~~
../Drivers/STM32F7xx_HAL_Driver/Inc/stm32f7xx_hal_tim.h:2049:52: error: invalid type argument of '->' (have 'TIM_HandleTypeDef' {aka 'struct <anonymous>'})
 2049 |    ((__CHANNEL__) == TIM_CHANNEL_2) ? ((__HANDLE__)->Instance->CCER &= ~(TIM_CCER_CC2P | TIM_CCER_CC2NP)) :\
      |                                                    ^~
../Drivers/STM32F7xx_HAL_Driver/Inc/stm32f7xx_hal_tim.h:1695:5: note: in expansion of macro 'TIM_RESET_CAPTUREPOLARITY'
 1695 |     TIM_RESET_CAPTUREPOLARITY((__HANDLE__), (__CHANNEL__));               \
      |     ^~~~~~~~~~~~~~~~~~~~~~~~~
../Core/Src/main.c:108:4: note: in expansion of macro '__HAL_TIM_SET_CAPTUREPOLARITY'
  108 |    __HAL_TIM_SET_CAPTUREPOLARITY(htim8, TIM_CHANNEL_1, TIM_INPUTCHANNELPOLARITY_RISING);
      |    ^~~~~~~~~~~~~~~~~~~~~~~~~~~~~
../Drivers/STM32F7xx_HAL_Driver/Inc/stm32f7xx_hal_tim.h:2050:52: error: invalid type argument of '->' (have 'TIM_HandleTypeDef' {aka 'struct <anonymous>'})
 2050 |    ((__CHANNEL__) == TIM_CHANNEL_3) ? ((__HANDLE__)->Instance->CCER &= ~(TIM_CCER_CC3P | TIM_CCER_CC3NP)) :\
      |                                                    ^~
../Drivers/STM32F7xx_HAL_Driver/Inc/stm32f7xx_hal_tim.h:1695:5: note: in expansion of macro 'TIM_RESET_CAPTUREPOLARITY'
 1695 |     TIM_RESET_CAPTUREPOLARITY((__HANDLE__), (__CHANNEL__));               \
      |     ^~~~~~~~~~~~~~~~~~~~~~~~~
../Core/Src/main.c:108:4: note: in expansion of macro '__HAL_TIM_SET_CAPTUREPOLARITY'
  108 |    __HAL_TIM_SET_CAPTUREPOLARITY(htim8, TIM_CHANNEL_1, TIM_INPUTCHANNELPOLARITY_RISING);
      |    ^~~~~~~~~~~~~~~~~~~~~~~~~~~~~
../Drivers/STM32F7xx_HAL_Driver/Inc/stm32f7xx_hal_tim.h:2051:17: error: invalid type argument of '->' (have 'TIM_HandleTypeDef' {aka 'struct <anonymous>'})
 2051 |    ((__HANDLE__)->Instance->CCER &= ~(TIM_CCER_CC4P | TIM_CCER_CC4NP)))
      |                 ^~
../Drivers/STM32F7xx_HAL_Driver/Inc/stm32f7xx_hal_tim.h:1695:5: note: in expansion of macro 'TIM_RESET_CAPTUREPOLARITY'
 1695 |     TIM_RESET_CAPTUREPOLARITY((__HANDLE__), (__CHANNEL__));               \
      |     ^~~~~~~~~~~~~~~~~~~~~~~~~
../Core/Src/main.c:108:4: note: in expansion of macro '__HAL_TIM_SET_CAPTUREPOLARITY'
  108 |    __HAL_TIM_SET_CAPTUREPOLARITY(htim8, TIM_CHANNEL_1, TIM_INPUTCHANNELPOLARITY_RISING);
      |    ^~~~~~~~~~~~~~~~~~~~~~~~~~~~~
../Drivers/STM32F7xx_HAL_Driver/Inc/stm32f7xx_hal_tim.h:2042:52: error: invalid type argument of '->' (have 'TIM_HandleTypeDef' {aka 'struct <anonymous>'})
 2042 |   (((__CHANNEL__) == TIM_CHANNEL_1) ? ((__HANDLE__)->Instance->CCER |= (__POLARITY__)) :\
      |                                                    ^~
../Drivers/STM32F7xx_HAL_Driver/Inc/stm32f7xx_hal_tim.h:1696:5: note: in expansion of macro 'TIM_SET_CAPTUREPOLARITY'
 1696 |     TIM_SET_CAPTUREPOLARITY((__HANDLE__), (__CHANNEL__), (__POLARITY__)); \
      |     ^~~~~~~~~~~~~~~~~~~~~~~
../Core/Src/main.c:108:4: note: in expansion of macro '__HAL_TIM_SET_CAPTUREPOLARITY'
  108 |    __HAL_TIM_SET_CAPTUREPOLARITY(htim8, TIM_CHANNEL_1, TIM_INPUTCHANNELPOLARITY_RISING);
      |    ^~~~~~~~~~~~~~~~~~~~~~~~~~~~~
../Drivers/STM32F7xx_HAL_Driver/Inc/stm32f7xx_hal_tim.h:2043:52: error: invalid type argument of '->' (have 'TIM_HandleTypeDef' {aka 'struct <anonymous>'})
 2043 |    ((__CHANNEL__) == TIM_CHANNEL_2) ? ((__HANDLE__)->Instance->CCER |= ((__POLARITY__) << 4U)) :\
      |                                                    ^~
../Drivers/STM32F7xx_HAL_Driver/Inc/stm32f7xx_hal_tim.h:1696:5: note: in expansion of macro 'TIM_SET_CAPTUREPOLARITY'
 1696 |     TIM_SET_CAPTUREPOLARITY((__HANDLE__), (__CHANNEL__), (__POLARITY__)); \
      |     ^~~~~~~~~~~~~~~~~~~~~~~
../Core/Src/main.c:108:4: note: in expansion of macro '__HAL_TIM_SET_CAPTUREPOLARITY'
  108 |    __HAL_TIM_SET_CAPTUREPOLARITY(htim8, TIM_CHANNEL_1, TIM_INPUTCHANNELPOLARITY_RISING);
      |    ^~~~~~~~~~~~~~~~~~~~~~~~~~~~~
../Drivers/STM32F7xx_HAL_Driver/Inc/stm32f7xx_hal_tim.h:2044:52: error: invalid type argument of '->' (have 'TIM_HandleTypeDef' {aka 'struct <anonymous>'})
 2044 |    ((__CHANNEL__) == TIM_CHANNEL_3) ? ((__HANDLE__)->Instance->CCER |= ((__POLARITY__) << 8U)) :\
      |                                                    ^~
../Drivers/STM32F7xx_HAL_Driver/Inc/stm32f7xx_hal_tim.h:1696:5: note: in expansion of macro 'TIM_SET_CAPTUREPOLARITY'
 1696 |     TIM_SET_CAPTUREPOLARITY((__HANDLE__), (__CHANNEL__), (__POLARITY__)); \
      |     ^~~~~~~~~~~~~~~~~~~~~~~
../Core/Src/main.c:108:4: note: in expansion of macro '__HAL_TIM_SET_CAPTUREPOLARITY'
  108 |    __HAL_TIM_SET_CAPTUREPOLARITY(htim8, TIM_CHANNEL_1, TIM_INPUTCHANNELPOLARITY_RISING);
      |    ^~~~~~~~~~~~~~~~~~~~~~~~~~~~~
../Drivers/STM32F7xx_HAL_Driver/Inc/stm32f7xx_hal_tim.h:2045:17: error: invalid type argument of '->' (have 'TIM_HandleTypeDef' {aka 'struct <anonymous>'})
 2045 |    ((__HANDLE__)->Instance->CCER |= (((__POLARITY__) << 12U))))
      |                 ^~
../Drivers/STM32F7xx_HAL_Driver/Inc/stm32f7xx_hal_tim.h:1696:5: note: in expansion of macro 'TIM_SET_CAPTUREPOLARITY'
 1696 |     TIM_SET_CAPTUREPOLARITY((__HANDLE__), (__CHANNEL__), (__POLARITY__)); \
      |     ^~~~~~~~~~~~~~~~~~~~~~~
../Core/Src/main.c:108:4: note: in expansion of macro '__HAL_TIM_SET_CAPTUREPOLARITY'
  108 |    __HAL_TIM_SET_CAPTUREPOLARITY(htim8, TIM_CHANNEL_1, TIM_INPUTCHANNELPOLARITY_RISING);
      |    ^~~~~~~~~~~~~~~~~~~~~~~~~~~~~
make: *** [Core/Src/subdir.mk:58: Core/Src/main.o] Error 1
"make -j12 all" terminated with exit code 2. Build might be incomplete.
22:35:02 **** Incremental Build of configuration Debug for project SM_FT_VCS ****
make -j12 all 
arm-none-eabi-gcc "../Core/Src/main.c" -mcpu=cortex-m7 -std=gnu11 -g3 -DDEBUG -DUSE_HAL_DRIVER -DSTM32F746xx -c -I../Core/Inc -I../Drivers/STM32F7xx_HAL_Driver/Inc -I../Drivers/STM32F7xx_HAL_Driver/Inc/Legacy -I../Drivers/CMSIS/Device/ST/STM32F7xx/Include -I../Drivers/CMSIS/Include -O0 -ffunction-sections -fdata-sections -Wall -fstack-usage -MMD -MP -MF"Core/Src/main.d" -MT"Core/Src/main.o" --specs=nano.specs -mfpu=fpv5-sp-d16 -mfloat-abi=hard -mthumb -o "Core/Src/main.o"
arm-none-eabi-gcc -o "SM_FT_VCS.elf" @"objects.list"   -mcpu=cortex-m7 -T"C:\Users\Nihal\Documents\GitHub\MCU-based-Control-and-Measurement-System\STM32CubeIDE\NUCLEO-F746ZG\SM_FT_VCS\STM32F746ZGTX_FLASH.ld" --specs=nosys.specs -Wl,-Map="SM_FT_VCS.map" -Wl,--gc-sections -static --specs=nano.specs -mfpu=fpv5-sp-d16 -mfloat-abi=hard -mthumb -Wl,--start-group -lc -lm -Wl,--end-group
Finished building target: SM_FT_VCS.elf
 
arm-none-eabi-size   SM_FT_VCS.elf 
arm-none-eabi-objdump -h -S  SM_FT_VCS.elf  > "SM_FT_VCS.list"
arm-none-eabi-objcopy  -O binary  SM_FT_VCS.elf  "SM_FT_VCS.bin"
   text	   data	    bss	    dec	    hex	filename
  30836	     20	   2292	  33148	   817c	SM_FT_VCS.elf
Finished building: default.size.stdout
 
Finished building: SM_FT_VCS.bin
 
Finished building: SM_FT_VCS.list
 
22:35:10 **** Incremental Build of configuration Debug for project SM_FT_VCS ****
make -j12 all 
arm-none-eabi-size   SM_FT_VCS.elf 
   text	   data	    bss	    dec	    hex	filename
  30836	     20	   2292	  33148	   817c	SM_FT_VCS.elf
Finished building: default.size.stdout
 
22:39:29 **** Incremental Build of configuration Debug for project SM_FT_VCS ****
make -j12 all 
arm-none-eabi-gcc "../Core/Src/hcsro4.c" -mcpu=cortex-m7 -std=gnu11 -g3 -DDEBUG -DUSE_HAL_DRIVER -DSTM32F746xx -c -I../Core/Inc -I../Drivers/STM32F7xx_HAL_Driver/Inc -I../Drivers/STM32F7xx_HAL_Driver/Inc/Legacy -I../Drivers/CMSIS/Device/ST/STM32F7xx/Include -I../Drivers/CMSIS/Include -O0 -ffunction-sections -fdata-sections -Wall -fstack-usage -MMD -MP -MF"Core/Src/hcsro4.d" -MT"Core/Src/hcsro4.o" --specs=nano.specs -mfpu=fpv5-sp-d16 -mfloat-abi=hard -mthumb -o "Core/Src/hcsro4.o"
In file included from ../Core/Src/hcsro4.c:8:
../Core/Inc/hcsro4.h:11:1: error: unknown type name 'uint32_t'
   11 | uint32_t IC_Val1 = 0;
      | ^~~~~~~~
../Core/Inc/hcsro4.h:12:1: error: unknown type name 'uint32_t'
   12 | uint32_t IC_Val2 = 0;
      | ^~~~~~~~
../Core/Inc/hcsro4.h:13:1: error: unknown type name 'uint32_t'
   13 | uint32_t Difference = 0;
      | ^~~~~~~~
../Core/Inc/hcsro4.h:14:1: error: unknown type name 'uint8_t'
   14 | uint8_t Is_First_Captured = 0;  // is the first value captured ?
      | ^~~~~~~
../Core/Inc/hcsro4.h:15:1: error: unknown type name 'uint8_t'
   15 | uint8_t Distance  = 0;
      | ^~~~~~~
../Core/Inc/hcsro4.h:22:15: error: unknown type name 'uint16_t'
   22 | void delay_us(uint16_t time);
      |               ^~~~~~~~
../Core/Inc/hcsro4.h:23:33: error: unknown type name 'TIM_HandleTypeDef'
   23 | void HAL_TIM_IC_CaptureCallback(TIM_HandleTypeDef *htim);
      |                                 ^~~~~~~~~~~~~~~~~
../Core/Src/hcsro4.c:11:15: error: unknown type name 'uint16_t'
   11 | void delay_us(uint16_t time)
      |               ^~~~~~~~
../Core/Src/hcsro4.c:19:33: error: unknown type name 'TIM_HandleTypeDef'
   19 | void HAL_TIM_IC_CaptureCallback(TIM_HandleTypeDef *htim)
      |                                 ^~~~~~~~~~~~~~~~~
../Core/Src/hcsro4.c: In function 'HCSRO4_Read':
../Core/Src/hcsro4.c:59:2: warning: implicit declaration of function 'HAL_GPIO_WritePin' [-Wimplicit-function-declaration]
   59 |  HAL_GPIO_WritePin(TRIG_PORT, TRIG_PIN, GPIO_PIN_SET);  // pull the TRIG pin HIGH
      |  ^~~~~~~~~~~~~~~~~
In file included from ../Core/Src/hcsro4.c:8:
../Core/Inc/hcsro4.h:19:19: error: 'GPIOC' undeclared (first use in this function)
   19 | #define TRIG_PORT GPIOC
      |                   ^~~~~
../Core/Src/hcsro4.c:59:20: note: in expansion of macro 'TRIG_PORT'
   59 |  HAL_GPIO_WritePin(TRIG_PORT, TRIG_PIN, GPIO_PIN_SET);  // pull the TRIG pin HIGH
      |                    ^~~~~~~~~
../Core/Inc/hcsro4.h:19:19: note: each undeclared identifier is reported only once for each function it appears in
   19 | #define TRIG_PORT GPIOC
      |                   ^~~~~
../Core/Src/hcsro4.c:59:20: note: in expansion of macro 'TRIG_PORT'
   59 |  HAL_GPIO_WritePin(TRIG_PORT, TRIG_PIN, GPIO_PIN_SET);  // pull the TRIG pin HIGH
      |                    ^~~~~~~~~
../Core/Inc/hcsro4.h:18:18: error: 'GPIO_PIN_7' undeclared (first use in this function)
   18 | #define TRIG_PIN GPIO_PIN_7
      |                  ^~~~~~~~~~
../Core/Src/hcsro4.c:59:31: note: in expansion of macro 'TRIG_PIN'
   59 |  HAL_GPIO_WritePin(TRIG_PORT, TRIG_PIN, GPIO_PIN_SET);  // pull the TRIG pin HIGH
      |                               ^~~~~~~~
../Core/Src/hcsro4.c:59:41: error: 'GPIO_PIN_SET' undeclared (first use in this function)
   59 |  HAL_GPIO_WritePin(TRIG_PORT, TRIG_PIN, GPIO_PIN_SET);  // pull the TRIG pin HIGH
      |                                         ^~~~~~~~~~~~
../Core/Src/hcsro4.c:60:2: warning: implicit declaration of function 'delay_us' [-Wimplicit-function-declaration]
   60 |  delay_us(10);  // wait for 10 us
      |  ^~~~~~~~
../Core/Src/hcsro4.c:61:41: error: 'GPIO_PIN_RESET' undeclared (first use in this function)
   61 |  HAL_GPIO_WritePin(TRIG_PORT, TRIG_PIN, GPIO_PIN_RESET);  // pull the TRIG pin low
      |                                         ^~~~~~~~~~~~~~
../Core/Src/hcsro4.c:62:2: warning: implicit declaration of function '__HAL_TIM_ENABLE_IT' [-Wimplicit-function-declaration]
   62 |  __HAL_TIM_ENABLE_IT(&htim8, TIM_IT_CC1);
      |  ^~~~~~~~~~~~~~~~~~~
../Core/Src/hcsro4.c:62:23: error: 'htim8' undeclared (first use in this function)
   62 |  __HAL_TIM_ENABLE_IT(&htim8, TIM_IT_CC1);
      |                       ^~~~~
../Core/Src/hcsro4.c:62:30: error: 'TIM_IT_CC1' undeclared (first use in this function)
   62 |  __HAL_TIM_ENABLE_IT(&htim8, TIM_IT_CC1);
      |                              ^~~~~~~~~~
make: *** [Core/Src/subdir.mk:58: Core/Src/hcsro4.o] Error 1
"make -j12 all" terminated with exit code 2. Build might be incomplete.
22:40:10 **** Incremental Build of configuration Debug for project SM_FT_VCS ****
make -j12 all 
arm-none-eabi-gcc "../Core/Src/hcsro4.c" -mcpu=cortex-m7 -std=gnu11 -g3 -DDEBUG -DUSE_HAL_DRIVER -DSTM32F746xx -c -I../Core/Inc -I../Drivers/STM32F7xx_HAL_Driver/Inc -I../Drivers/STM32F7xx_HAL_Driver/Inc/Legacy -I../Drivers/CMSIS/Device/ST/STM32F7xx/Include -I../Drivers/CMSIS/Include -O0 -ffunction-sections -fdata-sections -Wall -fstack-usage -MMD -MP -MF"Core/Src/hcsro4.d" -MT"Core/Src/hcsro4.o" --specs=nano.specs -mfpu=fpv5-sp-d16 -mfloat-abi=hard -mthumb -o "Core/Src/hcsro4.o"
In file included from ../Core/Src/hcsro4.c:8:
../Core/Inc/hcsro4.h:11:1: error: unknown type name 'uint32_t'
   11 | uint32_t IC_Val1 = 0;
      | ^~~~~~~~
../Core/Inc/hcsro4.h:12:1: error: unknown type name 'uint32_t'
   12 | uint32_t IC_Val2 = 0;
      | ^~~~~~~~
../Core/Inc/hcsro4.h:13:1: error: unknown type name 'uint32_t'
   13 | uint32_t Difference = 0;
      | ^~~~~~~~
../Core/Inc/hcsro4.h:14:1: error: unknown type name 'uint8_t'
   14 | uint8_t Is_First_Captured = 0;  // is the first value captured ?
      | ^~~~~~~
../Core/Inc/hcsro4.h:15:1: error: unknown type name 'uint8_t'
   15 | uint8_t Distance  = 0;
      | ^~~~~~~
../Core/Inc/hcsro4.h:22:15: error: unknown type name 'uint16_t'
   22 | void delay_us(uint16_t time);
      |               ^~~~~~~~
../Core/Inc/hcsro4.h:23:33: error: unknown type name 'TIM_HandleTypeDef'
   23 | void HAL_TIM_IC_CaptureCallback(TIM_HandleTypeDef *htim);
      |                                 ^~~~~~~~~~~~~~~~~
../Core/Src/hcsro4.c:11:15: error: unknown type name 'uint16_t'
   11 | void delay_us(uint16_t time)
      |               ^~~~~~~~
../Core/Src/hcsro4.c:19:33: error: unknown type name 'TIM_HandleTypeDef'
   19 | void HAL_TIM_IC_CaptureCallback(TIM_HandleTypeDef *htim)
      |                                 ^~~~~~~~~~~~~~~~~
../Core/Src/hcsro4.c: In function 'HCSRO4_Read':
../Core/Src/hcsro4.c:59:2: warning: implicit declaration of function 'HAL_GPIO_WritePin' [-Wimplicit-function-declaration]
   59 |  HAL_GPIO_WritePin(TRIG_PORT, TRIG_PIN, GPIO_PIN_SET);  // pull the TRIG pin HIGH
      |  ^~~~~~~~~~~~~~~~~
In file included from ../Core/Src/hcsro4.c:8:
../Core/Inc/hcsro4.h:19:19: error: 'GPIOC' undeclared (first use in this function)
   19 | #define TRIG_PORT GPIOC
      |                   ^~~~~
../Core/Src/hcsro4.c:59:20: note: in expansion of macro 'TRIG_PORT'
   59 |  HAL_GPIO_WritePin(TRIG_PORT, TRIG_PIN, GPIO_PIN_SET);  // pull the TRIG pin HIGH
      |                    ^~~~~~~~~
../Core/Inc/hcsro4.h:19:19: note: each undeclared identifier is reported only once for each function it appears in
   19 | #define TRIG_PORT GPIOC
      |                   ^~~~~
../Core/Src/hcsro4.c:59:20: note: in expansion of macro 'TRIG_PORT'
   59 |  HAL_GPIO_WritePin(TRIG_PORT, TRIG_PIN, GPIO_PIN_SET);  // pull the TRIG pin HIGH
      |                    ^~~~~~~~~
../Core/Inc/hcsro4.h:18:18: error: 'GPIO_PIN_7' undeclared (first use in this function)
   18 | #define TRIG_PIN GPIO_PIN_7
      |                  ^~~~~~~~~~
../Core/Src/hcsro4.c:59:31: note: in expansion of macro 'TRIG_PIN'
   59 |  HAL_GPIO_WritePin(TRIG_PORT, TRIG_PIN, GPIO_PIN_SET);  // pull the TRIG pin HIGH
      |                               ^~~~~~~~
../Core/Src/hcsro4.c:59:41: error: 'GPIO_PIN_SET' undeclared (first use in this function)
   59 |  HAL_GPIO_WritePin(TRIG_PORT, TRIG_PIN, GPIO_PIN_SET);  // pull the TRIG pin HIGH
      |                                         ^~~~~~~~~~~~
../Core/Src/hcsro4.c:60:2: warning: implicit declaration of function 'delay_us' [-Wimplicit-function-declaration]
   60 |  delay_us(10);  // wait for 10 us
      |  ^~~~~~~~
../Core/Src/hcsro4.c:61:41: error: 'GPIO_PIN_RESET' undeclared (first use in this function)
   61 |  HAL_GPIO_WritePin(TRIG_PORT, TRIG_PIN, GPIO_PIN_RESET);  // pull the TRIG pin low
      |                                         ^~~~~~~~~~~~~~
../Core/Src/hcsro4.c:62:2: warning: implicit declaration of function '__HAL_TIM_ENABLE_IT' [-Wimplicit-function-declaration]
   62 |  __HAL_TIM_ENABLE_IT(&htim8, TIM_IT_CC1);
      |  ^~~~~~~~~~~~~~~~~~~
../Core/Src/hcsro4.c:62:23: error: 'htim8' undeclared (first use in this function)
   62 |  __HAL_TIM_ENABLE_IT(&htim8, TIM_IT_CC1);
      |                       ^~~~~
../Core/Src/hcsro4.c:62:30: error: 'TIM_IT_CC1' undeclared (first use in this function)
   62 |  __HAL_TIM_ENABLE_IT(&htim8, TIM_IT_CC1);
      |                              ^~~~~~~~~~
make: *** [Core/Src/subdir.mk:58: Core/Src/hcsro4.o] Error 1
"make -j12 all" terminated with exit code 2. Build might be incomplete.
22:40:18 **** Incremental Build of configuration Debug for project SM_FT_VCS ****
make -j12 all 
arm-none-eabi-gcc "../Core/Src/hcsro4.c" -mcpu=cortex-m7 -std=gnu11 -g3 -DDEBUG -DUSE_HAL_DRIVER -DSTM32F746xx -c -I../Core/Inc -I../Drivers/STM32F7xx_HAL_Driver/Inc -I../Drivers/STM32F7xx_HAL_Driver/Inc/Legacy -I../Drivers/CMSIS/Device/ST/STM32F7xx/Include -I../Drivers/CMSIS/Include -O0 -ffunction-sections -fdata-sections -Wall -fstack-usage -MMD -MP -MF"Core/Src/hcsro4.d" -MT"Core/Src/hcsro4.o" --specs=nano.specs -mfpu=fpv5-sp-d16 -mfloat-abi=hard -mthumb -o "Core/Src/hcsro4.o"
In file included from ../Core/Src/hcsro4.c:8:
../Core/Inc/hcsro4.h:11:1: error: unknown type name 'uint32_t'
   11 | uint32_t IC_Val1 = 0;
      | ^~~~~~~~
../Core/Inc/hcsro4.h:12:1: error: unknown type name 'uint32_t'
   12 | uint32_t IC_Val2 = 0;
      | ^~~~~~~~
../Core/Inc/hcsro4.h:13:1: error: unknown type name 'uint32_t'
   13 | uint32_t Difference = 0;
      | ^~~~~~~~
../Core/Inc/hcsro4.h:14:1: error: unknown type name 'uint8_t'
   14 | uint8_t Is_First_Captured = 0;  // is the first value captured ?
      | ^~~~~~~
../Core/Inc/hcsro4.h:15:1: error: unknown type name 'uint8_t'
   15 | uint8_t Distance  = 0;
      | ^~~~~~~
../Core/Inc/hcsro4.h:22:15: error: unknown type name 'uint16_t'
   22 | void delay_us(uint16_t time);
      |               ^~~~~~~~
../Core/Inc/hcsro4.h:23:33: error: unknown type name 'TIM_HandleTypeDef'
   23 | void HAL_TIM_IC_CaptureCallback(TIM_HandleTypeDef *htim);
      |                                 ^~~~~~~~~~~~~~~~~
../Core/Src/hcsro4.c:11:15: error: unknown type name 'uint16_t'
   11 | void delay_us(uint16_t time)
      |               ^~~~~~~~
../Core/Src/hcsro4.c:19:33: error: unknown type name 'TIM_HandleTypeDef'
   19 | void HAL_TIM_IC_CaptureCallback(TIM_HandleTypeDef *htim)
      |                                 ^~~~~~~~~~~~~~~~~
../Core/Src/hcsro4.c: In function 'HCSRO4_Read':
../Core/Src/hcsro4.c:59:2: warning: implicit declaration of function 'HAL_GPIO_WritePin' [-Wimplicit-function-declaration]
   59 |  HAL_GPIO_WritePin(TRIG_PORT, TRIG_PIN, GPIO_PIN_SET);  // pull the TRIG pin HIGH
      |  ^~~~~~~~~~~~~~~~~
In file included from ../Core/Src/hcsro4.c:8:
../Core/Inc/hcsro4.h:19:19: error: 'GPIOC' undeclared (first use in this function)
   19 | #define TRIG_PORT GPIOC
      |                   ^~~~~
../Core/Src/hcsro4.c:59:20: note: in expansion of macro 'TRIG_PORT'
   59 |  HAL_GPIO_WritePin(TRIG_PORT, TRIG_PIN, GPIO_PIN_SET);  // pull the TRIG pin HIGH
      |                    ^~~~~~~~~
../Core/Inc/hcsro4.h:19:19: note: each undeclared identifier is reported only once for each function it appears in
   19 | #define TRIG_PORT GPIOC
      |                   ^~~~~
../Core/Src/hcsro4.c:59:20: note: in expansion of macro 'TRIG_PORT'
   59 |  HAL_GPIO_WritePin(TRIG_PORT, TRIG_PIN, GPIO_PIN_SET);  // pull the TRIG pin HIGH
      |                    ^~~~~~~~~
../Core/Inc/hcsro4.h:18:18: error: 'GPIO_PIN_7' undeclared (first use in this function)
   18 | #define TRIG_PIN GPIO_PIN_7
      |                  ^~~~~~~~~~
../Core/Src/hcsro4.c:59:31: note: in expansion of macro 'TRIG_PIN'
   59 |  HAL_GPIO_WritePin(TRIG_PORT, TRIG_PIN, GPIO_PIN_SET);  // pull the TRIG pin HIGH
      |                               ^~~~~~~~
../Core/Src/hcsro4.c:59:41: error: 'GPIO_PIN_SET' undeclared (first use in this function)
   59 |  HAL_GPIO_WritePin(TRIG_PORT, TRIG_PIN, GPIO_PIN_SET);  // pull the TRIG pin HIGH
      |                                         ^~~~~~~~~~~~
../Core/Src/hcsro4.c:60:2: warning: implicit declaration of function 'delay_us' [-Wimplicit-function-declaration]
   60 |  delay_us(10);  // wait for 10 us
      |  ^~~~~~~~
../Core/Src/hcsro4.c:61:41: error: 'GPIO_PIN_RESET' undeclared (first use in this function)
   61 |  HAL_GPIO_WritePin(TRIG_PORT, TRIG_PIN, GPIO_PIN_RESET);  // pull the TRIG pin low
      |                                         ^~~~~~~~~~~~~~
../Core/Src/hcsro4.c:62:2: warning: implicit declaration of function '__HAL_TIM_ENABLE_IT' [-Wimplicit-function-declaration]
   62 |  __HAL_TIM_ENABLE_IT(&htim8, TIM_IT_CC1);
      |  ^~~~~~~~~~~~~~~~~~~
../Core/Src/hcsro4.c:62:23: error: 'htim8' undeclared (first use in this function)
   62 |  __HAL_TIM_ENABLE_IT(&htim8, TIM_IT_CC1);
      |                       ^~~~~
../Core/Src/hcsro4.c:62:30: error: 'TIM_IT_CC1' undeclared (first use in this function)
   62 |  __HAL_TIM_ENABLE_IT(&htim8, TIM_IT_CC1);
      |                              ^~~~~~~~~~
make: *** [Core/Src/subdir.mk:58: Core/Src/hcsro4.o] Error 1
"make -j12 all" terminated with exit code 2. Build might be incomplete.
22:40:41 **** Incremental Build of configuration Debug for project SM_FT_VCS ****
make -j12 all 
arm-none-eabi-gcc "../Core/Src/hcsro4.c" -mcpu=cortex-m7 -std=gnu11 -g3 -DDEBUG -DUSE_HAL_DRIVER -DSTM32F746xx -c -I../Core/Inc -I../Drivers/STM32F7xx_HAL_Driver/Inc -I../Drivers/STM32F7xx_HAL_Driver/Inc/Legacy -I../Drivers/CMSIS/Device/ST/STM32F7xx/Include -I../Drivers/CMSIS/Include -O0 -ffunction-sections -fdata-sections -Wall -fstack-usage -MMD -MP -MF"Core/Src/hcsro4.d" -MT"Core/Src/hcsro4.o" --specs=nano.specs -mfpu=fpv5-sp-d16 -mfloat-abi=hard -mthumb -o "Core/Src/hcsro4.o"
In file included from ../Core/Src/hcsro4.c:8:
../Core/Inc/hcsro4.h:11:1: error: unknown type name 'uint32_t'
   11 | uint32_t IC_Val1 = 0;
      | ^~~~~~~~
../Core/Inc/hcsro4.h:12:1: error: unknown type name 'uint32_t'
   12 | uint32_t IC_Val2 = 0;
      | ^~~~~~~~
../Core/Inc/hcsro4.h:13:1: error: unknown type name 'uint32_t'
   13 | uint32_t Difference = 0;
      | ^~~~~~~~
../Core/Inc/hcsro4.h:14:1: error: unknown type name 'uint8_t'
   14 | uint8_t Is_First_Captured = 0;  // is the first value captured ?
      | ^~~~~~~
../Core/Inc/hcsro4.h:15:1: error: unknown type name 'uint8_t'
   15 | uint8_t Distance  = 0;
      | ^~~~~~~
../Core/Inc/hcsro4.h:22:15: error: unknown type name 'uint16_t'
   22 | void delay_us(uint16_t time);
      |               ^~~~~~~~
../Core/Inc/hcsro4.h:23:33: error: unknown type name 'TIM_HandleTypeDef'
   23 | void HAL_TIM_IC_CaptureCallback(TIM_HandleTypeDef *htim);
      |                                 ^~~~~~~~~~~~~~~~~
../Core/Src/hcsro4.c:19:33: error: unknown type name 'TIM_HandleTypeDef'
   19 | void HAL_TIM_IC_CaptureCallback(TIM_HandleTypeDef *htim)
      |                                 ^~~~~~~~~~~~~~~~~
../Core/Src/hcsro4.c: In function 'HCSRO4_Read':
../Core/Src/hcsro4.c:59:2: warning: implicit declaration of function 'HAL_GPIO_WritePin' [-Wimplicit-function-declaration]
   59 |  HAL_GPIO_WritePin(TRIG_PORT, TRIG_PIN, GPIO_PIN_SET);  // pull the TRIG pin HIGH
      |  ^~~~~~~~~~~~~~~~~
In file included from ../Core/Src/hcsro4.c:8:
../Core/Inc/hcsro4.h:19:19: error: 'GPIOC' undeclared (first use in this function)
   19 | #define TRIG_PORT GPIOC
      |                   ^~~~~
../Core/Src/hcsro4.c:59:20: note: in expansion of macro 'TRIG_PORT'
   59 |  HAL_GPIO_WritePin(TRIG_PORT, TRIG_PIN, GPIO_PIN_SET);  // pull the TRIG pin HIGH
      |                    ^~~~~~~~~
../Core/Inc/hcsro4.h:19:19: note: each undeclared identifier is reported only once for each function it appears in
   19 | #define TRIG_PORT GPIOC
      |                   ^~~~~
../Core/Src/hcsro4.c:59:20: note: in expansion of macro 'TRIG_PORT'
   59 |  HAL_GPIO_WritePin(TRIG_PORT, TRIG_PIN, GPIO_PIN_SET);  // pull the TRIG pin HIGH
      |                    ^~~~~~~~~
../Core/Inc/hcsro4.h:18:18: error: 'GPIO_PIN_7' undeclared (first use in this function)
   18 | #define TRIG_PIN GPIO_PIN_7
      |                  ^~~~~~~~~~
../Core/Src/hcsro4.c:59:31: note: in expansion of macro 'TRIG_PIN'
   59 |  HAL_GPIO_WritePin(TRIG_PORT, TRIG_PIN, GPIO_PIN_SET);  // pull the TRIG pin HIGH
      |                               ^~~~~~~~
../Core/Src/hcsro4.c:59:41: error: 'GPIO_PIN_SET' undeclared (first use in this function)
   59 |  HAL_GPIO_WritePin(TRIG_PORT, TRIG_PIN, GPIO_PIN_SET);  // pull the TRIG pin HIGH
      |                                         ^~~~~~~~~~~~
../Core/Src/hcsro4.c:60:2: warning: implicit declaration of function 'delay_us' [-Wimplicit-function-declaration]
   60 |  delay_us(10);  // wait for 10 us
      |  ^~~~~~~~
../Core/Src/hcsro4.c:61:41: error: 'GPIO_PIN_RESET' undeclared (first use in this function)
   61 |  HAL_GPIO_WritePin(TRIG_PORT, TRIG_PIN, GPIO_PIN_RESET);  // pull the TRIG pin low
      |                                         ^~~~~~~~~~~~~~
../Core/Src/hcsro4.c:62:2: warning: implicit declaration of function '__HAL_TIM_ENABLE_IT' [-Wimplicit-function-declaration]
   62 |  __HAL_TIM_ENABLE_IT(&htim8, TIM_IT_CC1);
      |  ^~~~~~~~~~~~~~~~~~~
../Core/Src/hcsro4.c:62:23: error: 'htim8' undeclared (first use in this function)
   62 |  __HAL_TIM_ENABLE_IT(&htim8, TIM_IT_CC1);
      |                       ^~~~~
../Core/Src/hcsro4.c:62:30: error: 'TIM_IT_CC1' undeclared (first use in this function)
   62 |  __HAL_TIM_ENABLE_IT(&htim8, TIM_IT_CC1);
      |                              ^~~~~~~~~~
make: *** [Core/Src/subdir.mk:58: Core/Src/hcsro4.o] Error 1
"make -j12 all" terminated with exit code 2. Build might be incomplete.
22:41:16 **** Incremental Build of configuration Debug for project SM_FT_VCS ****
make -j12 all 
arm-none-eabi-gcc "../Core/Src/hcsro4.c" -mcpu=cortex-m7 -std=gnu11 -g3 -DDEBUG -DUSE_HAL_DRIVER -DSTM32F746xx -c -I../Core/Inc -I../Drivers/STM32F7xx_HAL_Driver/Inc -I../Drivers/STM32F7xx_HAL_Driver/Inc/Legacy -I../Drivers/CMSIS/Device/ST/STM32F7xx/Include -I../Drivers/CMSIS/Include -O0 -ffunction-sections -fdata-sections -Wall -fstack-usage -MMD -MP -MF"Core/Src/hcsro4.d" -MT"Core/Src/hcsro4.o" --specs=nano.specs -mfpu=fpv5-sp-d16 -mfloat-abi=hard -mthumb -o "Core/Src/hcsro4.o"
In file included from ../Core/Src/hcsro4.c:8:
../Core/Inc/hcsro4.h:11:1: error: unknown type name 'uint32_t'
   11 | uint32_t IC_Val1 = 0;
      | ^~~~~~~~
../Core/Inc/hcsro4.h:12:1: error: unknown type name 'uint32_t'
   12 | uint32_t IC_Val2 = 0;
      | ^~~~~~~~
../Core/Inc/hcsro4.h:13:1: error: unknown type name 'uint32_t'
   13 | uint32_t Difference = 0;
      | ^~~~~~~~
../Core/Inc/hcsro4.h:14:1: error: unknown type name 'uint8_t'
   14 | uint8_t Is_First_Captured = 0;  // is the first value captured ?
      | ^~~~~~~
../Core/Inc/hcsro4.h:15:1: error: unknown type name 'uint8_t'
   15 | uint8_t Distance  = 0;
      | ^~~~~~~
../Core/Inc/hcsro4.h:22:15: error: unknown type name 'uint16_t'
   22 | void delay_us(uint16_t time);
      |               ^~~~~~~~
../Core/Inc/hcsro4.h:23:33: error: unknown type name 'TIM_HandleTypeDef'
   23 | void HAL_TIM_IC_CaptureCallback(TIM_HandleTypeDef *htim);
      |                                 ^~~~~~~~~~~~~~~~~
In file included from ../Core/Inc/stm32f7xx_hal_conf.h:406,
                 from ../Drivers/STM32F7xx_HAL_Driver/Inc/stm32f7xx_hal.h:30,
                 from ../Core/Inc/main.h:31,
                 from ../Core/Src/hcsro4.c:9:
../Core/Src/hcsro4.c: In function 'delay_us':
../Core/Src/hcsro4.c:13:25: error: 'htim8' undeclared (first use in this function)
   13 |  __HAL_TIM_SET_COUNTER(&htim8, 0);
      |                         ^~~~~
../Drivers/STM32F7xx_HAL_Driver/Inc/stm32f7xx_hal_tim.h:1421:59: note: in definition of macro '__HAL_TIM_SET_COUNTER'
 1421 | #define __HAL_TIM_SET_COUNTER(__HANDLE__, __COUNTER__)  ((__HANDLE__)->Instance->CNT = (__COUNTER__))
      |                                                           ^~~~~~~~~~
../Core/Src/hcsro4.c:13:25: note: each undeclared identifier is reported only once for each function it appears in
   13 |  __HAL_TIM_SET_COUNTER(&htim8, 0);
      |                         ^~~~~
../Drivers/STM32F7xx_HAL_Driver/Inc/stm32f7xx_hal_tim.h:1421:59: note: in definition of macro '__HAL_TIM_SET_COUNTER'
 1421 | #define __HAL_TIM_SET_COUNTER(__HANDLE__, __COUNTER__)  ((__HANDLE__)->Instance->CNT = (__COUNTER__))
      |                                                           ^~~~~~~~~~
../Core/Src/hcsro4.c: In function 'HAL_TIM_IC_CaptureCallback':
../Core/Src/hcsro4.c:51:26: error: 'htim8' undeclared (first use in this function); did you mean 'htim'?
   51 |    __HAL_TIM_DISABLE_IT(&htim8, TIM_IT_CC1);
      |                          ^~~~~
../Drivers/STM32F7xx_HAL_Driver/Inc/stm32f7xx_hal_tim.h:1257:61: note: in definition of macro '__HAL_TIM_DISABLE_IT'
 1257 | #define __HAL_TIM_DISABLE_IT(__HANDLE__, __INTERRUPT__)   ((__HANDLE__)->Instance->DIER &= ~(__INTERRUPT__))
      |                                                             ^~~~~~~~~~
../Core/Src/hcsro4.c: In function 'HCSRO4_Read':
../Core/Src/hcsro4.c:62:23: error: 'htim8' undeclared (first use in this function)
   62 |  __HAL_TIM_ENABLE_IT(&htim8, TIM_IT_CC1);
      |                       ^~~~~
../Drivers/STM32F7xx_HAL_Driver/Inc/stm32f7xx_hal_tim.h:1241:61: note: in definition of macro '__HAL_TIM_ENABLE_IT'
 1241 | #define __HAL_TIM_ENABLE_IT(__HANDLE__, __INTERRUPT__)    ((__HANDLE__)->Instance->DIER |= (__INTERRUPT__))
      |                                                             ^~~~~~~~~~
make: *** [Core/Src/subdir.mk:58: Core/Src/hcsro4.o] Error 1
"make -j12 all" terminated with exit code 2. Build might be incomplete.
22:41:50 **** Incremental Build of configuration Debug for project SM_FT_VCS ****
make -j12 all 
arm-none-eabi-gcc "../Core/Src/hcsro4.c" -mcpu=cortex-m7 -std=gnu11 -g3 -DDEBUG -DUSE_HAL_DRIVER -DSTM32F746xx -c -I../Core/Inc -I../Drivers/STM32F7xx_HAL_Driver/Inc -I../Drivers/STM32F7xx_HAL_Driver/Inc/Legacy -I../Drivers/CMSIS/Device/ST/STM32F7xx/Include -I../Drivers/CMSIS/Include -O0 -ffunction-sections -fdata-sections -Wall -fstack-usage -MMD -MP -MF"Core/Src/hcsro4.d" -MT"Core/Src/hcsro4.o" --specs=nano.specs -mfpu=fpv5-sp-d16 -mfloat-abi=hard -mthumb -o "Core/Src/hcsro4.o"
In file included from ../Core/Src/hcsro4.c:8:
../Core/Inc/hcsro4.h:11:1: error: unknown type name 'uint32_t'
   11 | uint32_t IC_Val1 = 0;
      | ^~~~~~~~
../Core/Inc/hcsro4.h:12:1: error: unknown type name 'uint32_t'
   12 | uint32_t IC_Val2 = 0;
      | ^~~~~~~~
../Core/Inc/hcsro4.h:13:1: error: unknown type name 'uint32_t'
   13 | uint32_t Difference = 0;
      | ^~~~~~~~
../Core/Inc/hcsro4.h:14:1: error: unknown type name 'uint8_t'
   14 | uint8_t Is_First_Captured = 0;  // is the first value captured ?
      | ^~~~~~~
../Core/Inc/hcsro4.h:15:1: error: unknown type name 'uint8_t'
   15 | uint8_t Distance  = 0;
      | ^~~~~~~
../Core/Inc/hcsro4.h:22:15: error: unknown type name 'uint16_t'
   22 | void delay_us(uint16_t time);
      |               ^~~~~~~~
../Core/Inc/hcsro4.h:23:33: error: unknown type name 'TIM_HandleTypeDef'
   23 | void HAL_TIM_IC_CaptureCallback(TIM_HandleTypeDef *htim);
      |                                 ^~~~~~~~~~~~~~~~~
make: *** [Core/Src/subdir.mk:58: Core/Src/hcsro4.o] Error 1
"make -j12 all" terminated with exit code 2. Build might be incomplete.
22:42:18 **** Incremental Build of configuration Debug for project SM_FT_VCS ****
make -j12 all 
arm-none-eabi-gcc "../Core/Src/hcsro4.c" -mcpu=cortex-m7 -std=gnu11 -g3 -DDEBUG -DUSE_HAL_DRIVER -DSTM32F746xx -c -I../Core/Inc -I../Drivers/STM32F7xx_HAL_Driver/Inc -I../Drivers/STM32F7xx_HAL_Driver/Inc/Legacy -I../Drivers/CMSIS/Device/ST/STM32F7xx/Include -I../Drivers/CMSIS/Include -O0 -ffunction-sections -fdata-sections -Wall -fstack-usage -MMD -MP -MF"Core/Src/hcsro4.d" -MT"Core/Src/hcsro4.o" --specs=nano.specs -mfpu=fpv5-sp-d16 -mfloat-abi=hard -mthumb -o "Core/Src/hcsro4.o"
arm-none-eabi-gcc -o "SM_FT_VCS.elf" @"objects.list"   -mcpu=cortex-m7 -T"C:\Users\Nihal\Documents\GitHub\MCU-based-Control-and-Measurement-System\STM32CubeIDE\NUCLEO-F746ZG\SM_FT_VCS\STM32F746ZGTX_FLASH.ld" --specs=nosys.specs -Wl,-Map="SM_FT_VCS.map" -Wl,--gc-sections -static --specs=nano.specs -mfpu=fpv5-sp-d16 -mfloat-abi=hard -mthumb -Wl,--start-group -lc -lm -Wl,--end-group
c:\st\stm32cubeide_1.7.0\stm32cubeide\plugins\com.st.stm32cube.ide.mcu.externaltools.gnu-tools-for-stm32.9-2020-q2-update.win32_2.0.0.202105311346\tools\arm-none-eabi\bin\ld.exe: ./Core/Src/main.o:C:/Users/Nihal/Documents/GitHub/MCU-based-Control-and-Measurement-System/STM32CubeIDE/NUCLEO-F746ZG/SM_FT_VCS/Debug/../Core/Src/main.c:53: multiple definition of `IC_Val1'; ./Core/Src/hcsro4.o:C:/Users/Nihal/Documents/GitHub/MCU-based-Control-and-Measurement-System/STM32CubeIDE/NUCLEO-F746ZG/SM_FT_VCS/Debug/../Core/Inc/hcsro4.h:13: first defined here
c:\st\stm32cubeide_1.7.0\stm32cubeide\plugins\com.st.stm32cube.ide.mcu.externaltools.gnu-tools-for-stm32.9-2020-q2-update.win32_2.0.0.202105311346\tools\arm-none-eabi\bin\ld.exe: ./Core/Src/main.o:C:/Users/Nihal/Documents/GitHub/MCU-based-Control-and-Measurement-System/STM32CubeIDE/NUCLEO-F746ZG/SM_FT_VCS/Debug/../Core/Src/main.c:54: multiple definition of `IC_Val2'; ./Core/Src/hcsro4.o:C:/Users/Nihal/Documents/GitHub/MCU-based-Control-and-Measurement-System/STM32CubeIDE/NUCLEO-F746ZG/SM_FT_VCS/Debug/../Core/Inc/hcsro4.h:14: first defined here
c:\st\stm32cubeide_1.7.0\stm32cubeide\plugins\com.st.stm32cube.ide.mcu.externaltools.gnu-tools-for-stm32.9-2020-q2-update.win32_2.0.0.202105311346\tools\arm-none-eabi\bin\ld.exe: ./Core/Src/main.o:C:/Users/Nihal/Documents/GitHub/MCU-based-Control-and-Measurement-System/STM32CubeIDE/NUCLEO-F746ZG/SM_FT_VCS/Debug/../Core/Src/main.c:55: multiple definition of `Difference'; ./Core/Src/hcsro4.o:C:/Users/Nihal/Documents/GitHub/MCU-based-Control-and-Measurement-System/STM32CubeIDE/NUCLEO-F746ZG/SM_FT_VCS/Debug/../Core/Inc/hcsro4.h:15: first defined here
c:\st\stm32cubeide_1.7.0\stm32cubeide\plugins\com.st.stm32cube.ide.mcu.externaltools.gnu-tools-for-stm32.9-2020-q2-update.win32_2.0.0.202105311346\tools\arm-none-eabi\bin\ld.exe: ./Core/Src/main.o:C:/Users/Nihal/Documents/GitHub/MCU-based-Control-and-Measurement-System/STM32CubeIDE/NUCLEO-F746ZG/SM_FT_VCS/Debug/../Core/Src/main.c:56: multiple definition of `Is_First_Captured'; ./Core/Src/hcsro4.o:C:/Users/Nihal/Documents/GitHub/MCU-based-Control-and-Measurement-System/STM32CubeIDE/NUCLEO-F746ZG/SM_FT_VCS/Debug/../Core/Inc/hcsro4.h:16: first defined here
[...]
c:\st\stm32cubeide_1.7.0\stm32cubeide\plugins\com.st.stm32cube.ide.mcu.externaltools.gnu-tools-for-stm32.9-2020-q2-update.win32_2.0.0.202105311346\tools\arm-none-eabi\bin\ld.exe: ./Core/Src/main.o:C:/Users/Nihal/Documents/GitHub/MCU-based-Control-and-Measurement-System/STM32CubeIDE/NUCLEO-F746ZG/SM_FT_VCS/Debug/../Core/Inc/hcsro4.h:17: multiple definition of `Is_First_Captured'; ./Core/Src/hcsro4.o:C:/Users/Nihal/Documents/GitHub/MCU-based-Control-and-Measurement-System/STM32CubeIDE/NUCLEO-F746ZG/SM_FT_VCS/Debug/../Core/Inc/hcsro4.h:17: first defined here
c:\st\stm32cubeide_1.7.0\stm32cubeide\plugins\com.st.stm32cube.ide.mcu.externaltools.gnu-tools-for-stm32.9-2020-q2-update.win32_2.0.0.202105311346\tools\arm-none-eabi\bin\ld.exe: ./Core/Src/main.o:C:/Users/Nihal/Documents/GitHub/MCU-based-Control-and-Measurement-System/STM32CubeIDE/NUCLEO-F746ZG/SM_FT_VCS/Debug/../Core/Inc/hcsro4.h:18: multiple definition of `Distance'; ./Core/Src/hcsro4.o:C:/Users/Nihal/Documents/GitHub/MCU-based-Control-and-Measurement-System/STM32CubeIDE/NUCLEO-F746ZG/SM_FT_VCS/Debug/../Core/Inc/hcsro4.h:18: first defined here
collect2.exe: error: ld returned 1 exit status
make: *** [makefile:65: SM_FT_VCS.elf] Error 1
"make -j12 all" terminated with exit code 2. Build might be incomplete.
23:37:09 **** Incremental Build of configuration Debug for project SM_FT_VCS ****
make -j12 all 
arm-none-eabi-gcc "../Core/Src/hcsro4.c" -mcpu=cortex-m7 -std=gnu11 -g3 -DDEBUG -DUSE_HAL_DRIVER -DSTM32F746xx -c -I../Core/Inc -I../Drivers/STM32F7xx_HAL_Driver/Inc -I../Drivers/STM32F7xx_HAL_Driver/Inc/Legacy -I../Drivers/CMSIS/Device/ST/STM32F7xx/Include -I../Drivers/CMSIS/Include -O0 -ffunction-sections -fdata-sections -Wall -fstack-usage -MMD -MP -MF"Core/Src/hcsro4.d" -MT"Core/Src/hcsro4.o" --specs=nano.specs -mfpu=fpv5-sp-d16 -mfloat-abi=hard -mthumb -o "Core/Src/hcsro4.o"
arm-none-eabi-gcc "../Core/Src/main.c" -mcpu=cortex-m7 -std=gnu11 -g3 -DDEBUG -DUSE_HAL_DRIVER -DSTM32F746xx -c -I../Core/Inc -I../Drivers/STM32F7xx_HAL_Driver/Inc -I../Drivers/STM32F7xx_HAL_Driver/Inc/Legacy -I../Drivers/CMSIS/Device/ST/STM32F7xx/Include -I../Drivers/CMSIS/Include -O0 -ffunction-sections -fdata-sections -Wall -fstack-usage -MMD -MP -MF"Core/Src/main.d" -MT"Core/Src/main.o" --specs=nano.specs -mfpu=fpv5-sp-d16 -mfloat-abi=hard -mthumb -o "Core/Src/main.o"
arm-none-eabi-gcc -o "SM_FT_VCS.elf" @"objects.list"   -mcpu=cortex-m7 -T"C:\Users\Nihal\Documents\GitHub\MCU-based-Control-and-Measurement-System\STM32CubeIDE\NUCLEO-F746ZG\SM_FT_VCS\STM32F746ZGTX_FLASH.ld" --specs=nosys.specs -Wl,-Map="SM_FT_VCS.map" -Wl,--gc-sections -static --specs=nano.specs -mfpu=fpv5-sp-d16 -mfloat-abi=hard -mthumb -Wl,--start-group -lc -lm -Wl,--end-group
c:\st\stm32cubeide_1.7.0\stm32cubeide\plugins\com.st.stm32cube.ide.mcu.externaltools.gnu-tools-for-stm32.9-2020-q2-update.win32_2.0.0.202105311346\tools\arm-none-eabi\bin\ld.exe: ./Core/Src/main.o:C:/Users/Nihal/Documents/GitHub/MCU-based-Control-and-Measurement-System/STM32CubeIDE/NUCLEO-F746ZG/SM_FT_VCS/Debug/../Core/Inc/hcsro4.h:14: multiple definition of `IC_Val1'; ./Core/Src/hcsro4.o:C:/Users/Nihal/Documents/GitHub/MCU-based-Control-and-Measurement-System/STM32CubeIDE/NUCLEO-F746ZG/SM_FT_VCS/Debug/../Core/Inc/hcsro4.h:14: first defined here
c:\st\stm32cubeide_1.7.0\stm32cubeide\plugins\com.st.stm32cube.ide.mcu.externaltools.gnu-tools-for-stm32.9-2020-q2-update.win32_2.0.0.202105311346\tools\arm-none-eabi\bin\ld.exe: ./Core/Src/main.o:C:/Users/Nihal/Documents/GitHub/MCU-based-Control-and-Measurement-System/STM32CubeIDE/NUCLEO-F746ZG/SM_FT_VCS/Debug/../Core/Inc/hcsro4.h:15: multiple definition of `IC_Val2'; ./Core/Src/hcsro4.o:C:/Users/Nihal/Documents/GitHub/MCU-based-Control-and-Measurement-System/STM32CubeIDE/NUCLEO-F746ZG/SM_FT_VCS/Debug/../Core/Inc/hcsro4.h:15: first defined here
c:\st\stm32cubeide_1.7.0\stm32cubeide\plugins\com.st.stm32cube.ide.mcu.externaltools.gnu-tools-for-stm32.9-2020-q2-update.win32_2.0.0.202105311346\tools\arm-none-eabi\bin\ld.exe: ./Core/Src/main.o:C:/Users/Nihal/Documents/GitHub/MCU-based-Control-and-Measurement-System/STM32CubeIDE/NUCLEO-F746ZG/SM_FT_VCS/Debug/../Core/Inc/hcsro4.h:16: multiple definition of `Difference'; ./Core/Src/hcsro4.o:C:/Users/Nihal/Documents/GitHub/MCU-based-Control-and-Measurement-System/STM32CubeIDE/NUCLEO-F746ZG/SM_FT_VCS/Debug/../Core/Inc/hcsro4.h:16: first defined here
c:\st\stm32cubeide_1.7.0\stm32cubeide\plugins\com.st.stm32cube.ide.mcu.externaltools.gnu-tools-for-stm32.9-2020-q2-update.win32_2.0.0.202105311346\tools\arm-none-eabi\bin\ld.exe: ./Core/Src/main.o:C:/Users/Nihal/Documents/GitHub/MCU-based-Control-and-Measurement-System/STM32CubeIDE/NUCLEO-F746ZG/SM_FT_VCS/Debug/../Core/Inc/hcsro4.h:17: multiple definition of `Is_First_Captured'; ./Core/Src/hcsro4.o:C:/Users/Nihal/Documents/GitHub/MCU-based-Control-and-Measurement-System/STM32CubeIDE/NUCLEO-F746ZG/SM_FT_VCS/Debug/../Core/Inc/hcsro4.h:17: first defined here
c:\st\stm32cubeide_1.7.0\stm32cubeide\plugins\com.st.stm32cube.ide.mcu.externaltools.gnu-tools-for-stm32.9-2020-q2-update.win32_2.0.0.202105311346\tools\arm-none-eabi\bin\ld.exe: ./Core/Src/main.o:C:/Users/Nihal/Documents/GitHub/MCU-based-Control-and-Measurement-System/STM32CubeIDE/NUCLEO-F746ZG/SM_FT_VCS/Debug/../Core/Inc/hcsro4.h:18: multiple definition of `Distance'; ./Core/Src/hcsro4.o:C:/Users/Nihal/Documents/GitHub/MCU-based-Control-and-Measurement-System/STM32CubeIDE/NUCLEO-F746ZG/SM_FT_VCS/Debug/../Core/Inc/hcsro4.h:18: first defined here
c:\st\stm32cubeide_1.7.0\stm32cubeide\plugins\com.st.stm32cube.ide.mcu.externaltools.gnu-tools-for-stm32.9-2020-q2-update.win32_2.0.0.202105311346\tools\arm-none-eabi\bin\ld.exe: ./Core/Src/main.o: in function `delay_us':
C:/Users/Nihal/Documents/GitHub/MCU-based-Control-and-Measurement-System/STM32CubeIDE/NUCLEO-F746ZG/SM_FT_VCS/Debug/../Core/Src/hcsro4.c:12: multiple definition of `delay_us'; ./Core/Src/hcsro4.o:C:/Users/Nihal/Documents/GitHub/MCU-based-Control-and-Measurement-System/STM32CubeIDE/NUCLEO-F746ZG/SM_FT_VCS/Debug/../Core/Src/hcsro4.c:12: first defined here
c:\st\stm32cubeide_1.7.0\stm32cubeide\plugins\com.st.stm32cube.ide.mcu.externaltools.gnu-tools-for-stm32.9-2020-q2-update.win32_2.0.0.202105311346\tools\arm-none-eabi\bin\ld.exe: ./Core/Src/main.o: in function `HAL_TIM_IC_CaptureCallback':
C:/Users/Nihal/Documents/GitHub/MCU-based-Control-and-Measurement-System/STM32CubeIDE/NUCLEO-F746ZG/SM_FT_VCS/Debug/../Core/Src/hcsro4.c:20: multiple definition of `HAL_TIM_IC_CaptureCallback'; ./Core/Src/hcsro4.o:C:/Users/Nihal/Documents/GitHub/MCU-based-Control-and-Measurement-System/STM32CubeIDE/NUCLEO-F746ZG/SM_FT_VCS/Debug/../Core/Src/hcsro4.c:20: first defined here
c:\st\stm32cubeide_1.7.0\stm32cubeide\plugins\com.st.stm32cube.ide.mcu.externaltools.gnu-tools-for-stm32.9-2020-q2-update.win32_2.0.0.202105311346\tools\arm-none-eabi\bin\ld.exe: ./Core/Src/main.o: in function `HCSRO4_Read':
C:/Users/Nihal/Documents/GitHub/MCU-based-Control-and-Measurement-System/STM32CubeIDE/NUCLEO-F746ZG/SM_FT_VCS/Debug/../Core/Src/hcsro4.c:58: multiple definition of `HCSRO4_Read'; ./Core/Src/hcsro4.o:C:/Users/Nihal/Documents/GitHub/MCU-based-Control-and-Measurement-System/STM32CubeIDE/NUCLEO-F746ZG/SM_FT_VCS/Debug/../Core/Src/hcsro4.c:58: first defined here
collect2.exe: error: ld returned 1 exit status
make: *** [makefile:65: SM_FT_VCS.elf] Error 1
"make -j12 all" terminated with exit code 2. Build might be incomplete.
23:37:16 **** Incremental Build of configuration Debug for project SM_FT_VCS ****
make -j12 all 
arm-none-eabi-gcc "../Core/Src/main.c" -mcpu=cortex-m7 -std=gnu11 -g3 -DDEBUG -DUSE_HAL_DRIVER -DSTM32F746xx -c -I../Core/Inc -I../Drivers/STM32F7xx_HAL_Driver/Inc -I../Drivers/STM32F7xx_HAL_Driver/Inc/Legacy -I../Drivers/CMSIS/Device/ST/STM32F7xx/Include -I../Drivers/CMSIS/Include -O0 -ffunction-sections -fdata-sections -Wall -fstack-usage -MMD -MP -MF"Core/Src/main.d" -MT"Core/Src/main.o" --specs=nano.specs -mfpu=fpv5-sp-d16 -mfloat-abi=hard -mthumb -o "Core/Src/main.o"
arm-none-eabi-gcc -o "SM_FT_VCS.elf" @"objects.list"   -mcpu=cortex-m7 -T"C:\Users\Nihal\Documents\GitHub\MCU-based-Control-and-Measurement-System\STM32CubeIDE\NUCLEO-F746ZG\SM_FT_VCS\STM32F746ZGTX_FLASH.ld" --specs=nosys.specs -Wl,-Map="SM_FT_VCS.map" -Wl,--gc-sections -static --specs=nano.specs -mfpu=fpv5-sp-d16 -mfloat-abi=hard -mthumb -Wl,--start-group -lc -lm -Wl,--end-group
c:\st\stm32cubeide_1.7.0\stm32cubeide\plugins\com.st.stm32cube.ide.mcu.externaltools.gnu-tools-for-stm32.9-2020-q2-update.win32_2.0.0.202105311346\tools\arm-none-eabi\bin\ld.exe: ./Core/Src/main.o:C:/Users/Nihal/Documents/GitHub/MCU-based-Control-and-Measurement-System/STM32CubeIDE/NUCLEO-F746ZG/SM_FT_VCS/Debug/../Core/Inc/hcsro4.h:14: multiple definition of `IC_Val1'; ./Core/Src/hcsro4.o:C:/Users/Nihal/Documents/GitHub/MCU-based-Control-and-Measurement-System/STM32CubeIDE/NUCLEO-F746ZG/SM_FT_VCS/Debug/../Core/Inc/hcsro4.h:14: first defined here
c:\st\stm32cubeide_1.7.0\stm32cubeide\plugins\com.st.stm32cube.ide.mcu.externaltools.gnu-tools-for-stm32.9-2020-q2-update.win32_2.0.0.202105311346\tools\arm-none-eabi\bin\ld.exe: ./Core/Src/main.o:C:/Users/Nihal/Documents/GitHub/MCU-based-Control-and-Measurement-System/STM32CubeIDE/NUCLEO-F746ZG/SM_FT_VCS/Debug/../Core/Inc/hcsro4.h:15: multiple definition of `IC_Val2'; ./Core/Src/hcsro4.o:C:/Users/Nihal/Documents/GitHub/MCU-based-Control-and-Measurement-System/STM32CubeIDE/NUCLEO-F746ZG/SM_FT_VCS/Debug/../Core/Inc/hcsro4.h:15: first defined here
c:\st\stm32cubeide_1.7.0\stm32cubeide\plugins\com.st.stm32cube.ide.mcu.externaltools.gnu-tools-for-stm32.9-2020-q2-update.win32_2.0.0.202105311346\tools\arm-none-eabi\bin\ld.exe: ./Core/Src/main.o:C:/Users/Nihal/Documents/GitHub/MCU-based-Control-and-Measurement-System/STM32CubeIDE/NUCLEO-F746ZG/SM_FT_VCS/Debug/../Core/Inc/hcsro4.h:16: multiple definition of `Difference'; ./Core/Src/hcsro4.o:C:/Users/Nihal/Documents/GitHub/MCU-based-Control-and-Measurement-System/STM32CubeIDE/NUCLEO-F746ZG/SM_FT_VCS/Debug/../Core/Inc/hcsro4.h:16: first defined here
c:\st\stm32cubeide_1.7.0\stm32cubeide\plugins\com.st.stm32cube.ide.mcu.externaltools.gnu-tools-for-stm32.9-2020-q2-update.win32_2.0.0.202105311346\tools\arm-none-eabi\bin\ld.exe: ./Core/Src/main.o:C:/Users/Nihal/Documents/GitHub/MCU-based-Control-and-Measurement-System/STM32CubeIDE/NUCLEO-F746ZG/SM_FT_VCS/Debug/../Core/Inc/hcsro4.h:17: multiple definition of `Is_First_Captured'; ./Core/Src/hcsro4.o:C:/Users/Nihal/Documents/GitHub/MCU-based-Control-and-Measurement-System/STM32CubeIDE/NUCLEO-F746ZG/SM_FT_VCS/Debug/../Core/Inc/hcsro4.h:17: first defined here
c:\st\stm32cubeide_1.7.0\stm32cubeide\plugins\com.st.stm32cube.ide.mcu.externaltools.gnu-tools-for-stm32.9-2020-q2-update.win32_2.0.0.202105311346\tools\arm-none-eabi\bin\ld.exe: ./Core/Src/main.o:C:/Users/Nihal/Documents/GitHub/MCU-based-Control-and-Measurement-System/STM32CubeIDE/NUCLEO-F746ZG/SM_FT_VCS/Debug/../Core/Inc/hcsro4.h:18: multiple definition of `Distance'; ./Core/Src/hcsro4.o:C:/Users/Nihal/Documents/GitHub/MCU-based-Control-and-Measurement-System/STM32CubeIDE/NUCLEO-F746ZG/SM_FT_VCS/Debug/../Core/Inc/hcsro4.h:18: first defined here
collect2.exe: error: ld returned 1 exit status
make: *** [makefile:65: SM_FT_VCS.elf] Error 1
"make -j12 all" terminated with exit code 2. Build might be incomplete.
23:39:42 **** Incremental Build of configuration Debug for project SM_FT_VCS ****
make -j12 all 
arm-none-eabi-gcc "../Core/Src/main.c" -mcpu=cortex-m7 -std=gnu11 -g3 -DDEBUG -DUSE_HAL_DRIVER -DSTM32F746xx -c -I../Core/Inc -I../Drivers/STM32F7xx_HAL_Driver/Inc -I../Drivers/STM32F7xx_HAL_Driver/Inc/Legacy -I../Drivers/CMSIS/Device/ST/STM32F7xx/Include -I../Drivers/CMSIS/Include -O0 -ffunction-sections -fdata-sections -Wall -fstack-usage -MMD -MP -MF"Core/Src/main.d" -MT"Core/Src/main.o" --specs=nano.specs -mfpu=fpv5-sp-d16 -mfloat-abi=hard -mthumb -o "Core/Src/main.o"
../Core/Src/main.c: In function 'main':
../Core/Src/main.c:180:4: warning: implicit declaration of function 'HCSRO4_Read' [-Wimplicit-function-declaration]
  180 |    HCSRO4_Read(&htim8);
      |    ^~~~~~~~~~~
arm-none-eabi-gcc -o "SM_FT_VCS.elf" @"objects.list"   -mcpu=cortex-m7 -T"C:\Users\Nihal\Documents\GitHub\MCU-based-Control-and-Measurement-System\STM32CubeIDE\NUCLEO-F746ZG\SM_FT_VCS\STM32F746ZGTX_FLASH.ld" --specs=nosys.specs -Wl,-Map="SM_FT_VCS.map" -Wl,--gc-sections -static --specs=nano.specs -mfpu=fpv5-sp-d16 -mfloat-abi=hard -mthumb -Wl,--start-group -lc -lm -Wl,--end-group
Finished building target: SM_FT_VCS.elf
 
arm-none-eabi-size   SM_FT_VCS.elf 
arm-none-eabi-objdump -h -S  SM_FT_VCS.elf  > "SM_FT_VCS.list"
arm-none-eabi-objcopy  -O binary  SM_FT_VCS.elf  "SM_FT_VCS.bin"
   text	   data	    bss	    dec	    hex	filename
  30840	     20	   2292	  33152	   8180	SM_FT_VCS.elf
Finished building: default.size.stdout
 
Finished building: SM_FT_VCS.bin
 
Finished building: SM_FT_VCS.list
 
23:40:07 **** Incremental Build of configuration Debug for project SM_FT_VCS ****
make -j12 all 
arm-none-eabi-size   SM_FT_VCS.elf 
   text	   data	    bss	    dec	    hex	filename
  30840	     20	   2292	  33152	   8180	SM_FT_VCS.elf
Finished building: default.size.stdout
 
23:44:26 **** Incremental Build of configuration Debug for project SM_FT_VCS ****
make -j12 all 
arm-none-eabi-gcc "../Core/Src/hcsro4.c" -mcpu=cortex-m7 -std=gnu11 -g3 -DDEBUG -DUSE_HAL_DRIVER -DSTM32F746xx -c -I../Core/Inc -I../Drivers/STM32F7xx_HAL_Driver/Inc -I../Drivers/STM32F7xx_HAL_Driver/Inc/Legacy -I../Drivers/CMSIS/Device/ST/STM32F7xx/Include -I../Drivers/CMSIS/Include -O0 -ffunction-sections -fdata-sections -Wall -fstack-usage -MMD -MP -MF"Core/Src/hcsro4.d" -MT"Core/Src/hcsro4.o" --specs=nano.specs -mfpu=fpv5-sp-d16 -mfloat-abi=hard -mthumb -o "Core/Src/hcsro4.o"
arm-none-eabi-gcc "../Core/Src/main.c" -mcpu=cortex-m7 -std=gnu11 -g3 -DDEBUG -DUSE_HAL_DRIVER -DSTM32F746xx -c -I../Core/Inc -I../Drivers/STM32F7xx_HAL_Driver/Inc -I../Drivers/STM32F7xx_HAL_Driver/Inc/Legacy -I../Drivers/CMSIS/Device/ST/STM32F7xx/Include -I../Drivers/CMSIS/Include -O0 -ffunction-sections -fdata-sections -Wall -fstack-usage -MMD -MP -MF"Core/Src/main.d" -MT"Core/Src/main.o" --specs=nano.specs -mfpu=fpv5-sp-d16 -mfloat-abi=hard -mthumb -o "Core/Src/main.o"
../Core/Src/main.c: In function 'main':
../Core/Src/main.c:116:4: warning: implicit declaration of function 'HCSRO4_Read' [-Wimplicit-function-declaration]
  116 |    HCSRO4_Read(&htim8);
      |    ^~~~~~~~~~~
arm-none-eabi-gcc -o "SM_FT_VCS.elf" @"objects.list"   -mcpu=cortex-m7 -T"C:\Users\Nihal\Documents\GitHub\MCU-based-Control-and-Measurement-System\STM32CubeIDE\NUCLEO-F746ZG\SM_FT_VCS\STM32F746ZGTX_FLASH.ld" --specs=nosys.specs -Wl,-Map="SM_FT_VCS.map" -Wl,--gc-sections -static --specs=nano.specs -mfpu=fpv5-sp-d16 -mfloat-abi=hard -mthumb -Wl,--start-group -lc -lm -Wl,--end-group
Finished building target: SM_FT_VCS.elf
 
arm-none-eabi-size   SM_FT_VCS.elf 
arm-none-eabi-objdump -h -S  SM_FT_VCS.elf  > "SM_FT_VCS.list"
arm-none-eabi-objcopy  -O binary  SM_FT_VCS.elf  "SM_FT_VCS.bin"
   text	   data	    bss	    dec	    hex	filename
  30840	     20	   2292	  33152	   8180	SM_FT_VCS.elf
Finished building: default.size.stdout
 
Finished building: SM_FT_VCS.bin
 
Finished building: SM_FT_VCS.list
 
23:44:34 **** Incremental Build of configuration Debug for project SM_FT_VCS ****
make -j12 all 
arm-none-eabi-size   SM_FT_VCS.elf 
   text	   data	    bss	    dec	    hex	filename
  30840	     20	   2292	  33152	   8180	SM_FT_VCS.elf
Finished building: default.size.stdout
 
23:47:45 **** Incremental Build of configuration Debug for project SM_FT_VCS ****
make -j12 all 
arm-none-eabi-gcc "../Core/Src/hcsro4.c" -mcpu=cortex-m7 -std=gnu11 -g3 -DDEBUG -DUSE_HAL_DRIVER -DSTM32F746xx -c -I../Core/Inc -I../Drivers/STM32F7xx_HAL_Driver/Inc -I../Drivers/STM32F7xx_HAL_Driver/Inc/Legacy -I../Drivers/CMSIS/Device/ST/STM32F7xx/Include -I../Drivers/CMSIS/Include -O0 -ffunction-sections -fdata-sections -Wall -fstack-usage -MMD -MP -MF"Core/Src/hcsro4.d" -MT"Core/Src/hcsro4.o" --specs=nano.specs -mfpu=fpv5-sp-d16 -mfloat-abi=hard -mthumb -o "Core/Src/hcsro4.o"
arm-none-eabi-gcc "../Core/Src/main.c" -mcpu=cortex-m7 -std=gnu11 -g3 -DDEBUG -DUSE_HAL_DRIVER -DSTM32F746xx -c -I../Core/Inc -I../Drivers/STM32F7xx_HAL_Driver/Inc -I../Drivers/STM32F7xx_HAL_Driver/Inc/Legacy -I../Drivers/CMSIS/Device/ST/STM32F7xx/Include -I../Drivers/CMSIS/Include -O0 -ffunction-sections -fdata-sections -Wall -fstack-usage -MMD -MP -MF"Core/Src/main.d" -MT"Core/Src/main.o" --specs=nano.specs -mfpu=fpv5-sp-d16 -mfloat-abi=hard -mthumb -o "Core/Src/main.o"
../Core/Src/main.c: In function 'main':
../Core/Src/main.c:115:4: warning: implicit declaration of function 'HCSRO4_Read' [-Wimplicit-function-declaration]
  115 |    HCSRO4_Read(&htim8);
      |    ^~~~~~~~~~~
arm-none-eabi-gcc -o "SM_FT_VCS.elf" @"objects.list"   -mcpu=cortex-m7 -T"C:\Users\Nihal\Documents\GitHub\MCU-based-Control-and-Measurement-System\STM32CubeIDE\NUCLEO-F746ZG\SM_FT_VCS\STM32F746ZGTX_FLASH.ld" --specs=nosys.specs -Wl,-Map="SM_FT_VCS.map" -Wl,--gc-sections -static --specs=nano.specs -mfpu=fpv5-sp-d16 -mfloat-abi=hard -mthumb -Wl,--start-group -lc -lm -Wl,--end-group
Finished building target: SM_FT_VCS.elf
 
arm-none-eabi-size   SM_FT_VCS.elf 
arm-none-eabi-objdump -h -S  SM_FT_VCS.elf  > "SM_FT_VCS.list"
arm-none-eabi-objcopy  -O binary  SM_FT_VCS.elf  "SM_FT_VCS.bin"
   text	   data	    bss	    dec	    hex	filename
  30840	     20	   2292	  33152	   8180	SM_FT_VCS.elf
Finished building: default.size.stdout
 
Finished building: SM_FT_VCS.bin
 
Finished building: SM_FT_VCS.list
 
23:47:53 **** Incremental Build of configuration Debug for project SM_FT_VCS ****
make -j12 all 
arm-none-eabi-size   SM_FT_VCS.elf 
   text	   data	    bss	    dec	    hex	filename
  30840	     20	   2292	  33152	   8180	SM_FT_VCS.elf
Finished building: default.size.stdout
 
23:49:54 **** Incremental Build of configuration Debug for project SM_FT_VCS ****
make -j12 all 
arm-none-eabi-gcc "../Core/Src/main.c" -mcpu=cortex-m7 -std=gnu11 -g3 -DDEBUG -DUSE_HAL_DRIVER -DSTM32F746xx -c -I../Core/Inc -I../Drivers/STM32F7xx_HAL_Driver/Inc -I../Drivers/STM32F7xx_HAL_Driver/Inc/Legacy -I../Drivers/CMSIS/Device/ST/STM32F7xx/Include -I../Drivers/CMSIS/Include -O0 -ffunction-sections -fdata-sections -Wall -fstack-usage -MMD -MP -MF"Core/Src/main.d" -MT"Core/Src/main.o" --specs=nano.specs -mfpu=fpv5-sp-d16 -mfloat-abi=hard -mthumb -o "Core/Src/main.o"
../Core/Src/main.c: In function 'main':
../Core/Src/main.c:115:4: warning: implicit declaration of function 'HCSRO4_Read' [-Wimplicit-function-declaration]
  115 |    HCSRO4_Read(&htim8);
      |    ^~~~~~~~~~~
arm-none-eabi-gcc -o "SM_FT_VCS.elf" @"objects.list"   -mcpu=cortex-m7 -T"C:\Users\Nihal\Documents\GitHub\MCU-based-Control-and-Measurement-System\STM32CubeIDE\NUCLEO-F746ZG\SM_FT_VCS\STM32F746ZGTX_FLASH.ld" --specs=nosys.specs -Wl,-Map="SM_FT_VCS.map" -Wl,--gc-sections -static --specs=nano.specs -mfpu=fpv5-sp-d16 -mfloat-abi=hard -mthumb -Wl,--start-group -lc -lm -Wl,--end-group
Finished building target: SM_FT_VCS.elf
 
arm-none-eabi-size   SM_FT_VCS.elf 
arm-none-eabi-objdump -h -S  SM_FT_VCS.elf  > "SM_FT_VCS.list"
arm-none-eabi-objcopy  -O binary  SM_FT_VCS.elf  "SM_FT_VCS.bin"
   text	   data	    bss	    dec	    hex	filename
  30840	     20	   2292	  33152	   8180	SM_FT_VCS.elf
Finished building: default.size.stdout
 
Finished building: SM_FT_VCS.bin
 
Finished building: SM_FT_VCS.list
 
23:50:02 **** Incremental Build of configuration Debug for project SM_FT_VCS ****
make -j12 all 
arm-none-eabi-size   SM_FT_VCS.elf 
   text	   data	    bss	    dec	    hex	filename
  30840	     20	   2292	  33152	   8180	SM_FT_VCS.elf
Finished building: default.size.stdout
 
