22:06:51 **** Incremental Build of configuration Debug for project BalancingBeam ****
make -j8 all 
arm-none-eabi-gcc "../Core/Src/control_algorithm.c" -mcpu=cortex-m7 -std=gnu11 -g3 -DDEBUG -DUSE_HAL_DRIVER -DSTM32F746xx -c -I../Core/Inc -I../Drivers/STM32F7xx_HAL_Driver/Inc -I../Drivers/STM32F7xx_HAL_Driver/Inc/Legacy -I../Drivers/CMSIS/Device/ST/STM32F7xx/Include -I../Drivers/CMSIS/Include -I../Middlewares/Third_Party/ARM_CMSIS/CMSIS/Core/Include/ -I../Middlewares/Third_Party/ARM_CMSIS/CMSIS/Core_A/Include/ -I../Middlewares/Third_Party/ARM_CMSIS/CMSIS/DSP/Include -O0 -ffunction-sections -fdata-sections -Wall -fstack-usage -MMD -MP -MF"Core/Src/control_algorithm.d" -MT"Core/Src/control_algorithm.o" --specs=nano.specs -mfpu=fpv5-sp-d16 -mfloat-abi=hard -mthumb -o "Core/Src/control_algorithm.o"
arm-none-eabi-gcc -o "BalancingBeam.elf" @"objects.list"  -larm_cortexM7lfsp_math -mcpu=cortex-m7 -T"C:\Users\Maciek\Documents\Studia\Semestr 5\Microprocessor systems\Final Project\MCU-based-Control-and-Measurement-System\STM32CubeIDE\Final\BalancingBeam\STM32F746ZGTX_FLASH.ld" --specs=nosys.specs -Wl,-Map="BalancingBeam.map" -Wl,--gc-sections -static -L"C:\Users\Maciek\STM32Cube\Repository\Packs\ARM\CMSIS\5.7.0\CMSIS\DSP\Lib\GCC" --specs=nano.specs -mfpu=fpv5-sp-d16 -mfloat-abi=hard -mthumb -u _printf_float -u _scanf_float -Wl,--start-group -lc -lm -Wl,--end-group
Finished building target: BalancingBeam.elf
 
arm-none-eabi-size   BalancingBeam.elf 
arm-none-eabi-objdump -h -S  BalancingBeam.elf  > "BalancingBeam.list"
arm-none-eabi-objcopy  -O binary  BalancingBeam.elf  "BalancingBeam.bin"
   text	   data	    bss	    dec	    hex	filename
  57500	    600	   2536	  60636	   ecdc	BalancingBeam.elf
Finished building: default.size.stdout
 
Finished building: BalancingBeam.bin
 
Finished building: BalancingBeam.list
 
22:06:57 **** Incremental Build of configuration Debug for project BalancingBeam ****
make -j8 all 
arm-none-eabi-size   BalancingBeam.elf 
   text	   data	    bss	    dec	    hex	filename
  57500	    600	   2536	  60636	   ecdc	BalancingBeam.elf
Finished building: default.size.stdout
 
22:09:26 **** Incremental Build of configuration Debug for project BalancingBeam ****
make -j8 all 
arm-none-eabi-gcc "../Core/Src/main.c" -mcpu=cortex-m7 -std=gnu11 -g3 -DDEBUG -DUSE_HAL_DRIVER -DSTM32F746xx -c -I../Core/Inc -I../Drivers/STM32F7xx_HAL_Driver/Inc -I../Drivers/STM32F7xx_HAL_Driver/Inc/Legacy -I../Drivers/CMSIS/Device/ST/STM32F7xx/Include -I../Drivers/CMSIS/Include -I../Middlewares/Third_Party/ARM_CMSIS/CMSIS/Core/Include/ -I../Middlewares/Third_Party/ARM_CMSIS/CMSIS/Core_A/Include/ -I../Middlewares/Third_Party/ARM_CMSIS/CMSIS/DSP/Include -O0 -ffunction-sections -fdata-sections -Wall -fstack-usage -MMD -MP -MF"Core/Src/main.d" -MT"Core/Src/main.o" --specs=nano.specs -mfpu=fpv5-sp-d16 -mfloat-abi=hard -mthumb -o "Core/Src/main.o"
../Core/Src/main.c:59:14: warning: 'd' initialized and declared 'extern'
   59 | extern float d = 0;
      |              ^
../Core/Src/main.c:82:17: warning: 'duty_val' initialized and declared 'extern'
   82 | extern uint32_t duty_val = 0;
      |                 ^~~~~~~~
../Core/Src/main.c:83:18: warning: 'SWV_VAR' initialized and declared 'extern'
   83 | extern float32_t SWV_VAR = 0;
      |                  ^~~~~~~
../Core/Src/main.c:84:18: warning: 'error' initialized and declared 'extern'
   84 | extern float32_t error = 0;
      |                  ^~~~~
../Core/Src/main.c:86:12: warning: 'sp' initialized and declared 'extern'
   86 | extern int sp=15;
      |            ^~
../Core/Src/main.c:90:29: warning: 'pid' initialized and declared 'extern'
   90 | extern arm_pid_instance_f32 pid = {.Kp = 1, .Ki = 0.000147368, .Kd =0.35};
      |                             ^~~
../Core/Src/main.c: In function 'HAL_TIM_PeriodElapsedCallback':
../Core/Src/main.c:108:3: warning: implicit declaration of function 'pid_control' [-Wimplicit-function-declaration]
  108 |   pid_control(&htim2, &htim3);
      |   ^~~~~~~~~~~
../Core/Src/main.c: In function 'ADC_SETPOINT':
../Core/Src/main.c:138:9: warning: implicit declaration of function 'abs' [-Wimplicit-function-declaration]
  138 |  return abs((sample_in_1/100) - 20)+10;
      |         ^~~
../Core/Src/main.c:138:31: warning: 'abs' argument 1 type is 'long unsigned int' where 'int' is expected in a call to built-in function declared without prototype [-Wbuiltin-declaration-mismatch]
  138 |  return abs((sample_in_1/100) - 20)+10;
      |             ~~~~~~~~~~~~~~~~~~^~~~
<built-in>: note: built-in 'abs' declared here
../Core/Src/main.c: In function 'main':
../Core/Src/main.c:226:4: warning: implicit declaration of function 'HCSRO4_Read' [-Wimplicit-function-declaration]
  226 |    HCSRO4_Read(&htim8);
      |    ^~~~~~~~~~~
../Core/Src/main.c:236:26: warning: format '%d' expects argument of type 'int', but argument 3 has type 'uint32_t' {aka 'long unsigned int'} [-Wformat=]
  236 |    sprintf(duty_print, "%d", duty_val);
      |                         ~^   ~~~~~~~~
      |                          |   |
      |                          int uint32_t {aka long unsigned int}
      |                         %ld
../Core/Src/main.c: In function 'HAL_TIM_PeriodElapsedCallback':
../Core/Src/main.c:119:27: warning: '0' directive writing 1 byte into a region of size 0 [-Wformat-overflow=]
  119 |     int n = sprintf(msg, "0%.02f, %d", d, sp);
      |                           ^
../Core/Src/main.c:119:26: note: assuming directive output of 4 bytes
  119 |     int n = sprintf(msg, "0%.02f, %d", d, sp);
      |                          ^~~~~~~~~~~~
../Core/Src/main.c:119:13: note: 'sprintf' output between 8 and 328 bytes into a destination of size 0
  119 |     int n = sprintf(msg, "0%.02f, %d", d, sp);
      |             ^~~~~~~~~~~~~~~~~~~~~~~~~~~~~~~~~
../Core/Src/main.c:114:26: warning: '%.02f' directive writing between 3 and 313 bytes into a region of size 0 [-Wformat-overflow=]
  114 |    int n = sprintf(msg, "%.02f, %d", d, sp);
      |                          ^~~~~
../Core/Src/main.c:114:25: note: assuming directive output of 4 bytes
  114 |    int n = sprintf(msg, "%.02f, %d", d, sp);
      |                         ^~~~~~~~~~~
../Core/Src/main.c:114:12: note: 'sprintf' output between 7 and 327 bytes into a destination of size 0
  114 |    int n = sprintf(msg, "%.02f, %d", d, sp);
      |            ^~~~~~~~~~~~~~~~~~~~~~~~~~~~~~~~
../Core/Src/main.c: In function 'main':
../Core/Src/main.c:237:23: warning: 'sprintf' writing a terminating nul past the end of the destination [-Wformat-overflow=]
  237 |    sprintf(sp_str, "%d", sp);
      |                       ^
../Core/Src/main.c:237:4: note: 'sprintf' output between 2 and 12 bytes into a destination of size 1
  237 |    sprintf(sp_str, "%d", sp);
      |    ^~~~~~~~~~~~~~~~~~~~~~~~~
arm-none-eabi-gcc -o "BalancingBeam.elf" @"objects.list"  -larm_cortexM7lfsp_math -mcpu=cortex-m7 -T"C:\Users\Maciek\Documents\Studia\Semestr 5\Microprocessor systems\Final Project\MCU-based-Control-and-Measurement-System\STM32CubeIDE\Final\BalancingBeam\STM32F746ZGTX_FLASH.ld" --specs=nosys.specs -Wl,-Map="BalancingBeam.map" -Wl,--gc-sections -static -L"C:\Users\Maciek\STM32Cube\Repository\Packs\ARM\CMSIS\5.7.0\CMSIS\DSP\Lib\GCC" --specs=nano.specs -mfpu=fpv5-sp-d16 -mfloat-abi=hard -mthumb -u _printf_float -u _scanf_float -Wl,--start-group -lc -lm -Wl,--end-group
Finished building target: BalancingBeam.elf
 
arm-none-eabi-size   BalancingBeam.elf 
arm-none-eabi-objdump -h -S  BalancingBeam.elf  > "BalancingBeam.list"
arm-none-eabi-objcopy  -O binary  BalancingBeam.elf  "BalancingBeam.bin"
   text	   data	    bss	    dec	    hex	filename
  57532	    600	   2536	  60668	   ecfc	BalancingBeam.elf
Finished building: default.size.stdout
 
Finished building: BalancingBeam.bin
 
Finished building: BalancingBeam.list
 
22:09:38 **** Incremental Build of configuration Debug for project BalancingBeam ****
make -j8 all 
arm-none-eabi-size   BalancingBeam.elf 
   text	   data	    bss	    dec	    hex	filename
  57532	    600	   2536	  60668	   ecfc	BalancingBeam.elf
Finished building: default.size.stdout
 
22:11:59 **** Incremental Build of configuration Debug for project BalancingBeam ****
make -j8 all 
arm-none-eabi-gcc "../Core/Src/control_algorithm.c" -mcpu=cortex-m7 -std=gnu11 -g3 -DDEBUG -DUSE_HAL_DRIVER -DSTM32F746xx -c -I../Core/Inc -I../Drivers/STM32F7xx_HAL_Driver/Inc -I../Drivers/STM32F7xx_HAL_Driver/Inc/Legacy -I../Drivers/CMSIS/Device/ST/STM32F7xx/Include -I../Drivers/CMSIS/Include -I../Middlewares/Third_Party/ARM_CMSIS/CMSIS/Core/Include/ -I../Middlewares/Third_Party/ARM_CMSIS/CMSIS/Core_A/Include/ -I../Middlewares/Third_Party/ARM_CMSIS/CMSIS/DSP/Include -O0 -ffunction-sections -fdata-sections -Wall -fstack-usage -MMD -MP -MF"Core/Src/control_algorithm.d" -MT"Core/Src/control_algorithm.o" --specs=nano.specs -mfpu=fpv5-sp-d16 -mfloat-abi=hard -mthumb -o "Core/Src/control_algorithm.o"
arm-none-eabi-gcc -o "BalancingBeam.elf" @"objects.list"  -larm_cortexM7lfsp_math -mcpu=cortex-m7 -T"C:\Users\Maciek\Documents\Studia\Semestr 5\Microprocessor systems\Final Project\MCU-based-Control-and-Measurement-System\STM32CubeIDE\Final\BalancingBeam\STM32F746ZGTX_FLASH.ld" --specs=nosys.specs -Wl,-Map="BalancingBeam.map" -Wl,--gc-sections -static -L"C:\Users\Maciek\STM32Cube\Repository\Packs\ARM\CMSIS\5.7.0\CMSIS\DSP\Lib\GCC" --specs=nano.specs -mfpu=fpv5-sp-d16 -mfloat-abi=hard -mthumb -u _printf_float -u _scanf_float -Wl,--start-group -lc -lm -Wl,--end-group
Finished building target: BalancingBeam.elf
 
arm-none-eabi-size   BalancingBeam.elf 
arm-none-eabi-objdump -h -S  BalancingBeam.elf  > "BalancingBeam.list"
arm-none-eabi-objcopy  -O binary  BalancingBeam.elf  "BalancingBeam.bin"
   text	   data	    bss	    dec	    hex	filename
  57532	    600	   2536	  60668	   ecfc	BalancingBeam.elf
Finished building: default.size.stdout
 
Finished building: BalancingBeam.bin
 
Finished building: BalancingBeam.list
 
22:12:29 **** Incremental Build of configuration Debug for project BalancingBeam ****
make -j8 all 
arm-none-eabi-gcc "../Core/Src/main.c" -mcpu=cortex-m7 -std=gnu11 -g3 -DDEBUG -DUSE_HAL_DRIVER -DSTM32F746xx -c -I../Core/Inc -I../Drivers/STM32F7xx_HAL_Driver/Inc -I../Drivers/STM32F7xx_HAL_Driver/Inc/Legacy -I../Drivers/CMSIS/Device/ST/STM32F7xx/Include -I../Drivers/CMSIS/Include -I../Middlewares/Third_Party/ARM_CMSIS/CMSIS/Core/Include/ -I../Middlewares/Third_Party/ARM_CMSIS/CMSIS/Core_A/Include/ -I../Middlewares/Third_Party/ARM_CMSIS/CMSIS/DSP/Include -O0 -ffunction-sections -fdata-sections -Wall -fstack-usage -MMD -MP -MF"Core/Src/main.d" -MT"Core/Src/main.o" --specs=nano.specs -mfpu=fpv5-sp-d16 -mfloat-abi=hard -mthumb -o "Core/Src/main.o"
../Core/Src/main.c:58:14: warning: 'd' initialized and declared 'extern'
   58 | extern float d = 0;
      |              ^
../Core/Src/main.c:81:17: warning: 'duty_val' initialized and declared 'extern'
   81 | extern uint32_t duty_val = 0;
      |                 ^~~~~~~~
../Core/Src/main.c:82:18: warning: 'SWV_VAR' initialized and declared 'extern'
   82 | extern float32_t SWV_VAR = 0;
      |                  ^~~~~~~
../Core/Src/main.c:83:18: warning: 'error' initialized and declared 'extern'
   83 | extern float32_t error = 0;
      |                  ^~~~~
../Core/Src/main.c:85:12: warning: 'sp' initialized and declared 'extern'
   85 | extern int sp=15;
      |            ^~
../Core/Src/main.c:89:29: warning: 'pid' initialized and declared 'extern'
   89 | extern arm_pid_instance_f32 pid = {.Kp = 1, .Ki = 0.000147368, .Kd =0.35};
      |                             ^~~
../Core/Src/main.c: In function 'HAL_TIM_PeriodElapsedCallback':
../Core/Src/main.c:107:3: warning: implicit declaration of function 'pid_control' [-Wimplicit-function-declaration]
  107 |   pid_control(&htim2, &htim3);
      |   ^~~~~~~~~~~
../Core/Src/main.c: In function 'ADC_SETPOINT':
../Core/Src/main.c:137:9: warning: implicit declaration of function 'abs' [-Wimplicit-function-declaration]
  137 |  return abs((sample_in_1/100) - 20)+10;
      |         ^~~
../Core/Src/main.c:137:31: warning: 'abs' argument 1 type is 'long unsigned int' where 'int' is expected in a call to built-in function declared without prototype [-Wbuiltin-declaration-mismatch]
  137 |  return abs((sample_in_1/100) - 20)+10;
      |             ~~~~~~~~~~~~~~~~~~^~~~
<built-in>: note: built-in 'abs' declared here
../Core/Src/main.c: In function 'main':
../Core/Src/main.c:225:4: warning: implicit declaration of function 'HCSRO4_Read' [-Wimplicit-function-declaration]
  225 |    HCSRO4_Read(&htim8);
      |    ^~~~~~~~~~~
../Core/Src/main.c:235:26: warning: format '%d' expects argument of type 'int', but argument 3 has type 'uint32_t' {aka 'long unsigned int'} [-Wformat=]
  235 |    sprintf(duty_print, "%d", duty_val);
      |                         ~^   ~~~~~~~~
      |                          |   |
      |                          int uint32_t {aka long unsigned int}
      |                         %ld
../Core/Src/main.c: In function 'HAL_TIM_PeriodElapsedCallback':
../Core/Src/main.c:118:27: warning: '0' directive writing 1 byte into a region of size 0 [-Wformat-overflow=]
  118 |     int n = sprintf(msg, "0%.02f, %d", d, sp);
      |                           ^
../Core/Src/main.c:118:26: note: assuming directive output of 4 bytes
  118 |     int n = sprintf(msg, "0%.02f, %d", d, sp);
      |                          ^~~~~~~~~~~~
../Core/Src/main.c:118:13: note: 'sprintf' output between 8 and 328 bytes into a destination of size 0
  118 |     int n = sprintf(msg, "0%.02f, %d", d, sp);
      |             ^~~~~~~~~~~~~~~~~~~~~~~~~~~~~~~~~
../Core/Src/main.c:113:26: warning: '%.02f' directive writing between 3 and 313 bytes into a region of size 0 [-Wformat-overflow=]
  113 |    int n = sprintf(msg, "%.02f, %d", d, sp);
      |                          ^~~~~
../Core/Src/main.c:113:25: note: assuming directive output of 4 bytes
  113 |    int n = sprintf(msg, "%.02f, %d", d, sp);
      |                         ^~~~~~~~~~~
../Core/Src/main.c:113:12: note: 'sprintf' output between 7 and 327 bytes into a destination of size 0
  113 |    int n = sprintf(msg, "%.02f, %d", d, sp);
      |            ^~~~~~~~~~~~~~~~~~~~~~~~~~~~~~~~
../Core/Src/main.c: In function 'main':
../Core/Src/main.c:236:23: warning: 'sprintf' writing a terminating nul past the end of the destination [-Wformat-overflow=]
  236 |    sprintf(sp_str, "%d", sp);
      |                       ^
../Core/Src/main.c:236:4: note: 'sprintf' output between 2 and 12 bytes into a destination of size 1
  236 |    sprintf(sp_str, "%d", sp);
      |    ^~~~~~~~~~~~~~~~~~~~~~~~~
arm-none-eabi-gcc -o "BalancingBeam.elf" @"objects.list"  -larm_cortexM7lfsp_math -mcpu=cortex-m7 -T"C:\Users\Maciek\Documents\Studia\Semestr 5\Microprocessor systems\Final Project\MCU-based-Control-and-Measurement-System\STM32CubeIDE\Final\BalancingBeam\STM32F746ZGTX_FLASH.ld" --specs=nosys.specs -Wl,-Map="BalancingBeam.map" -Wl,--gc-sections -static -L"C:\Users\Maciek\STM32Cube\Repository\Packs\ARM\CMSIS\5.7.0\CMSIS\DSP\Lib\GCC" --specs=nano.specs -mfpu=fpv5-sp-d16 -mfloat-abi=hard -mthumb -u _printf_float -u _scanf_float -Wl,--start-group -lc -lm -Wl,--end-group
Finished building target: BalancingBeam.elf
 
arm-none-eabi-size   BalancingBeam.elf 
arm-none-eabi-objdump -h -S  BalancingBeam.elf  > "BalancingBeam.list"
arm-none-eabi-objcopy  -O binary  BalancingBeam.elf  "BalancingBeam.bin"
   text	   data	    bss	    dec	    hex	filename
  57532	    600	   2536	  60668	   ecfc	BalancingBeam.elf
Finished building: default.size.stdout
 
Finished building: BalancingBeam.bin
 
Finished building: BalancingBeam.list
 
22:13:29 **** Incremental Build of configuration Debug for project BalancingBeam ****
make -j8 all 
arm-none-eabi-gcc "../Core/Src/control_algorithm.c" -mcpu=cortex-m7 -std=gnu11 -g3 -DDEBUG -DUSE_HAL_DRIVER -DSTM32F746xx -c -I../Core/Inc -I../Drivers/STM32F7xx_HAL_Driver/Inc -I../Drivers/STM32F7xx_HAL_Driver/Inc/Legacy -I../Drivers/CMSIS/Device/ST/STM32F7xx/Include -I../Drivers/CMSIS/Include -I../Middlewares/Third_Party/ARM_CMSIS/CMSIS/Core/Include/ -I../Middlewares/Third_Party/ARM_CMSIS/CMSIS/Core_A/Include/ -I../Middlewares/Third_Party/ARM_CMSIS/CMSIS/DSP/Include -O0 -ffunction-sections -fdata-sections -Wall -fstack-usage -MMD -MP -MF"Core/Src/control_algorithm.d" -MT"Core/Src/control_algorithm.o" --specs=nano.specs -mfpu=fpv5-sp-d16 -mfloat-abi=hard -mthumb -o "Core/Src/control_algorithm.o"
arm-none-eabi-gcc "../Core/Src/main.c" -mcpu=cortex-m7 -std=gnu11 -g3 -DDEBUG -DUSE_HAL_DRIVER -DSTM32F746xx -c -I../Core/Inc -I../Drivers/STM32F7xx_HAL_Driver/Inc -I../Drivers/STM32F7xx_HAL_Driver/Inc/Legacy -I../Drivers/CMSIS/Device/ST/STM32F7xx/Include -I../Drivers/CMSIS/Include -I../Middlewares/Third_Party/ARM_CMSIS/CMSIS/Core/Include/ -I../Middlewares/Third_Party/ARM_CMSIS/CMSIS/Core_A/Include/ -I../Middlewares/Third_Party/ARM_CMSIS/CMSIS/DSP/Include -O0 -ffunction-sections -fdata-sections -Wall -fstack-usage -MMD -MP -MF"Core/Src/main.d" -MT"Core/Src/main.o" --specs=nano.specs -mfpu=fpv5-sp-d16 -mfloat-abi=hard -mthumb -o "Core/Src/main.o"
../Core/Src/main.c:58:14: warning: 'd' initialized and declared 'extern'
   58 | extern float d = 0;
      |              ^
../Core/Src/main.c:82:18: warning: 'SWV_VAR' initialized and declared 'extern'
   82 | extern float32_t SWV_VAR = 0;
      |                  ^~~~~~~
../Core/Src/main.c:83:18: warning: 'error' initialized and declared 'extern'
   83 | extern float32_t error = 0;
      |                  ^~~~~
../Core/Src/main.c:85:12: warning: 'sp' initialized and declared 'extern'
   85 | extern int sp=15;
      |            ^~
../Core/Src/main.c:89:29: warning: 'pid' initialized and declared 'extern'
   89 | extern arm_pid_instance_f32 pid = {.Kp = 1, .Ki = 0.000147368, .Kd =0.35};
      |                             ^~~
../Core/Src/main.c: In function 'HAL_TIM_PeriodElapsedCallback':
../Core/Src/main.c:107:3: warning: implicit declaration of function 'pid_control' [-Wimplicit-function-declaration]
  107 |   pid_control(&htim2, &htim3);
      |   ^~~~~~~~~~~
../Core/Src/main.c: In function 'ADC_SETPOINT':
../Core/Src/main.c:137:9: warning: implicit declaration of function 'abs' [-Wimplicit-function-declaration]
  137 |  return abs((sample_in_1/100) - 20)+10;
      |         ^~~
../Core/Src/main.c:137:31: warning: 'abs' argument 1 type is 'long unsigned int' where 'int' is expected in a call to built-in function declared without prototype [-Wbuiltin-declaration-mismatch]
  137 |  return abs((sample_in_1/100) - 20)+10;
      |             ~~~~~~~~~~~~~~~~~~^~~~
<built-in>: note: built-in 'abs' declared here
../Core/Src/main.c: In function 'main':
../Core/Src/main.c:225:4: warning: implicit declaration of function 'HCSRO4_Read' [-Wimplicit-function-declaration]
  225 |    HCSRO4_Read(&htim8);
      |    ^~~~~~~~~~~
../Core/Src/main.c:235:26: warning: format '%d' expects argument of type 'int', but argument 3 has type 'uint32_t' {aka 'long unsigned int'} [-Wformat=]
  235 |    sprintf(duty_print, "%d", duty_val);
      |                         ~^   ~~~~~~~~
      |                          |   |
      |                          int uint32_t {aka long unsigned int}
      |                         %ld
../Core/Src/main.c: In function 'HAL_TIM_PeriodElapsedCallback':
../Core/Src/main.c:118:27: warning: '0' directive writing 1 byte into a region of size 0 [-Wformat-overflow=]
  118 |     int n = sprintf(msg, "0%.02f, %d", d, sp);
      |                           ^
../Core/Src/main.c:118:26: note: assuming directive output of 4 bytes
  118 |     int n = sprintf(msg, "0%.02f, %d", d, sp);
      |                          ^~~~~~~~~~~~
../Core/Src/main.c:118:13: note: 'sprintf' output between 8 and 328 bytes into a destination of size 0
  118 |     int n = sprintf(msg, "0%.02f, %d", d, sp);
      |             ^~~~~~~~~~~~~~~~~~~~~~~~~~~~~~~~~
../Core/Src/main.c:113:26: warning: '%.02f' directive writing between 3 and 313 bytes into a region of size 0 [-Wformat-overflow=]
  113 |    int n = sprintf(msg, "%.02f, %d", d, sp);
      |                          ^~~~~
../Core/Src/main.c:113:25: note: assuming directive output of 4 bytes
  113 |    int n = sprintf(msg, "%.02f, %d", d, sp);
      |                         ^~~~~~~~~~~
../Core/Src/main.c:113:12: note: 'sprintf' output between 7 and 327 bytes into a destination of size 0
  113 |    int n = sprintf(msg, "%.02f, %d", d, sp);
      |            ^~~~~~~~~~~~~~~~~~~~~~~~~~~~~~~~
../Core/Src/main.c: In function 'main':
../Core/Src/main.c:236:23: warning: 'sprintf' writing a terminating nul past the end of the destination [-Wformat-overflow=]
  236 |    sprintf(sp_str, "%d", sp);
      |                       ^
../Core/Src/main.c:236:4: note: 'sprintf' output between 2 and 12 bytes into a destination of size 1
  236 |    sprintf(sp_str, "%d", sp);
      |    ^~~~~~~~~~~~~~~~~~~~~~~~~
arm-none-eabi-gcc -o "BalancingBeam.elf" @"objects.list"  -larm_cortexM7lfsp_math -mcpu=cortex-m7 -T"C:\Users\Maciek\Documents\Studia\Semestr 5\Microprocessor systems\Final Project\MCU-based-Control-and-Measurement-System\STM32CubeIDE\Final\BalancingBeam\STM32F746ZGTX_FLASH.ld" --specs=nosys.specs -Wl,-Map="BalancingBeam.map" -Wl,--gc-sections -static -L"C:\Users\Maciek\STM32Cube\Repository\Packs\ARM\CMSIS\5.7.0\CMSIS\DSP\Lib\GCC" --specs=nano.specs -mfpu=fpv5-sp-d16 -mfloat-abi=hard -mthumb -u _printf_float -u _scanf_float -Wl,--start-group -lc -lm -Wl,--end-group
Finished building target: BalancingBeam.elf
 
arm-none-eabi-size   BalancingBeam.elf 
arm-none-eabi-objdump -h -S  BalancingBeam.elf  > "BalancingBeam.list"
arm-none-eabi-objcopy  -O binary  BalancingBeam.elf  "BalancingBeam.bin"
   text	   data	    bss	    dec	    hex	filename
  57532	    600	   2536	  60668	   ecfc	BalancingBeam.elf
Finished building: default.size.stdout
 
Finished building: BalancingBeam.bin
 
Finished building: BalancingBeam.list
 
22:14:27 **** Incremental Build of configuration Debug for project BalancingBeam ****
make -j8 all 
arm-none-eabi-gcc "../Core/Src/control_algorithm.c" -mcpu=cortex-m7 -std=gnu11 -g3 -DDEBUG -DUSE_HAL_DRIVER -DSTM32F746xx -c -I../Core/Inc -I../Drivers/STM32F7xx_HAL_Driver/Inc -I../Drivers/STM32F7xx_HAL_Driver/Inc/Legacy -I../Drivers/CMSIS/Device/ST/STM32F7xx/Include -I../Drivers/CMSIS/Include -I../Middlewares/Third_Party/ARM_CMSIS/CMSIS/Core/Include/ -I../Middlewares/Third_Party/ARM_CMSIS/CMSIS/Core_A/Include/ -I../Middlewares/Third_Party/ARM_CMSIS/CMSIS/DSP/Include -O0 -ffunction-sections -fdata-sections -Wall -fstack-usage -MMD -MP -MF"Core/Src/control_algorithm.d" -MT"Core/Src/control_algorithm.o" --specs=nano.specs -mfpu=fpv5-sp-d16 -mfloat-abi=hard -mthumb -o "Core/Src/control_algorithm.o"
arm-none-eabi-gcc "../Core/Src/main.c" -mcpu=cortex-m7 -std=gnu11 -g3 -DDEBUG -DUSE_HAL_DRIVER -DSTM32F746xx -c -I../Core/Inc -I../Drivers/STM32F7xx_HAL_Driver/Inc -I../Drivers/STM32F7xx_HAL_Driver/Inc/Legacy -I../Drivers/CMSIS/Device/ST/STM32F7xx/Include -I../Drivers/CMSIS/Include -I../Middlewares/Third_Party/ARM_CMSIS/CMSIS/Core/Include/ -I../Middlewares/Third_Party/ARM_CMSIS/CMSIS/Core_A/Include/ -I../Middlewares/Third_Party/ARM_CMSIS/CMSIS/DSP/Include -O0 -ffunction-sections -fdata-sections -Wall -fstack-usage -MMD -MP -MF"Core/Src/main.d" -MT"Core/Src/main.o" --specs=nano.specs -mfpu=fpv5-sp-d16 -mfloat-abi=hard -mthumb -o "Core/Src/main.o"
../Core/Src/main.c:58:14: warning: 'd' initialized and declared 'extern'
   58 | extern float d = 0;
      |              ^
../Core/Src/main.c: In function 'HAL_TIM_PeriodElapsedCallback':
../Core/Src/main.c:107:3: warning: implicit declaration of function 'pid_control' [-Wimplicit-function-declaration]
  107 |   pid_control(&htim2, &htim3);
      |   ^~~~~~~~~~~
../Core/Src/main.c: In function 'ADC_SETPOINT':
../Core/Src/main.c:137:9: warning: implicit declaration of function 'abs' [-Wimplicit-function-declaration]
  137 |  return abs((sample_in_1/100) - 20)+10;
      |         ^~~
../Core/Src/main.c:137:31: warning: 'abs' argument 1 type is 'long unsigned int' where 'int' is expected in a call to built-in function declared without prototype [-Wbuiltin-declaration-mismatch]
  137 |  return abs((sample_in_1/100) - 20)+10;
      |             ~~~~~~~~~~~~~~~~~~^~~~
<built-in>: note: built-in 'abs' declared here
../Core/Src/main.c: In function 'main':
../Core/Src/main.c:225:4: warning: implicit declaration of function 'HCSRO4_Read' [-Wimplicit-function-declaration]
  225 |    HCSRO4_Read(&htim8);
      |    ^~~~~~~~~~~
../Core/Src/main.c:235:26: warning: format '%d' expects argument of type 'int', but argument 3 has type 'uint32_t' {aka 'long unsigned int'} [-Wformat=]
  235 |    sprintf(duty_print, "%d", duty_val);
      |                         ~^   ~~~~~~~~
      |                          |   |
      |                          int uint32_t {aka long unsigned int}
      |                         %ld
../Core/Src/main.c: In function 'HAL_TIM_PeriodElapsedCallback':
../Core/Src/main.c:118:27: warning: '0' directive writing 1 byte into a region of size 0 [-Wformat-overflow=]
  118 |     int n = sprintf(msg, "0%.02f, %d", d, sp);
      |                           ^
../Core/Src/main.c:118:26: note: assuming directive output of 4 bytes
  118 |     int n = sprintf(msg, "0%.02f, %d", d, sp);
      |                          ^~~~~~~~~~~~
../Core/Src/main.c:118:13: note: 'sprintf' output between 8 and 328 bytes into a destination of size 0
  118 |     int n = sprintf(msg, "0%.02f, %d", d, sp);
      |             ^~~~~~~~~~~~~~~~~~~~~~~~~~~~~~~~~
../Core/Src/main.c:113:26: warning: '%.02f' directive writing between 3 and 313 bytes into a region of size 0 [-Wformat-overflow=]
  113 |    int n = sprintf(msg, "%.02f, %d", d, sp);
      |                          ^~~~~
../Core/Src/main.c:113:25: note: assuming directive output of 4 bytes
  113 |    int n = sprintf(msg, "%.02f, %d", d, sp);
      |                         ^~~~~~~~~~~
../Core/Src/main.c:113:12: note: 'sprintf' output between 7 and 327 bytes into a destination of size 0
  113 |    int n = sprintf(msg, "%.02f, %d", d, sp);
      |            ^~~~~~~~~~~~~~~~~~~~~~~~~~~~~~~~
../Core/Src/main.c: In function 'main':
../Core/Src/main.c:236:23: warning: 'sprintf' writing a terminating nul past the end of the destination [-Wformat-overflow=]
  236 |    sprintf(sp_str, "%d", sp);
      |                       ^
../Core/Src/main.c:236:4: note: 'sprintf' output between 2 and 12 bytes into a destination of size 1
  236 |    sprintf(sp_str, "%d", sp);
      |    ^~~~~~~~~~~~~~~~~~~~~~~~~
arm-none-eabi-gcc -o "BalancingBeam.elf" @"objects.list"  -larm_cortexM7lfsp_math -mcpu=cortex-m7 -T"C:\Users\Maciek\Documents\Studia\Semestr 5\Microprocessor systems\Final Project\MCU-based-Control-and-Measurement-System\STM32CubeIDE\Final\BalancingBeam\STM32F746ZGTX_FLASH.ld" --specs=nosys.specs -Wl,-Map="BalancingBeam.map" -Wl,--gc-sections -static -L"C:\Users\Maciek\STM32Cube\Repository\Packs\ARM\CMSIS\5.7.0\CMSIS\DSP\Lib\GCC" --specs=nano.specs -mfpu=fpv5-sp-d16 -mfloat-abi=hard -mthumb -u _printf_float -u _scanf_float -Wl,--start-group -lc -lm -Wl,--end-group
c:\st\stm32cubeide_1.7.0\stm32cubeide\plugins\com.st.stm32cube.ide.mcu.externaltools.gnu-tools-for-stm32.9-2020-q2-update.win32_2.0.0.202105311346\tools\arm-none-eabi\bin\ld.exe: ./Core/Src/main.o:C:/Users/Maciek/Documents/Studia/Semestr 5/Microprocessor systems/Final Project/MCU-based-Control-and-Measurement-System/STM32CubeIDE/Final/BalancingBeam/Debug/../Core/Src/main.c:58: multiple definition of `d'; ./Core/Src/control_algorithm.o:C:/Users/Maciek/Documents/Studia/Semestr 5/Microprocessor systems/Final Project/MCU-based-Control-and-Measurement-System/STM32CubeIDE/Final/BalancingBeam/Debug/../Core/Inc/control_algorithm.h:31: first defined here
collect2.exe: error: ld returned 1 exit status
make: *** [makefile:65: BalancingBeam.elf] Error 1
"make -j8 all" terminated with exit code 2. Build might be incomplete.
22:14:50 **** Incremental Build of configuration Debug for project BalancingBeam ****
make -j8 all 
arm-none-eabi-gcc "../Core/Src/main.c" -mcpu=cortex-m7 -std=gnu11 -g3 -DDEBUG -DUSE_HAL_DRIVER -DSTM32F746xx -c -I../Core/Inc -I../Drivers/STM32F7xx_HAL_Driver/Inc -I../Drivers/STM32F7xx_HAL_Driver/Inc/Legacy -I../Drivers/CMSIS/Device/ST/STM32F7xx/Include -I../Drivers/CMSIS/Include -I../Middlewares/Third_Party/ARM_CMSIS/CMSIS/Core/Include/ -I../Middlewares/Third_Party/ARM_CMSIS/CMSIS/Core_A/Include/ -I../Middlewares/Third_Party/ARM_CMSIS/CMSIS/DSP/Include -O0 -ffunction-sections -fdata-sections -Wall -fstack-usage -MMD -MP -MF"Core/Src/main.d" -MT"Core/Src/main.o" --specs=nano.specs -mfpu=fpv5-sp-d16 -mfloat-abi=hard -mthumb -o "Core/Src/main.o"
../Core/Src/main.c: In function 'HAL_TIM_PeriodElapsedCallback':
../Core/Src/main.c:107:3: warning: implicit declaration of function 'pid_control' [-Wimplicit-function-declaration]
  107 |   pid_control(&htim2, &htim3);
      |   ^~~~~~~~~~~
../Core/Src/main.c: In function 'ADC_SETPOINT':
../Core/Src/main.c:137:9: warning: implicit declaration of function 'abs' [-Wimplicit-function-declaration]
  137 |  return abs((sample_in_1/100) - 20)+10;
      |         ^~~
../Core/Src/main.c:137:31: warning: 'abs' argument 1 type is 'long unsigned int' where 'int' is expected in a call to built-in function declared without prototype [-Wbuiltin-declaration-mismatch]
  137 |  return abs((sample_in_1/100) - 20)+10;
      |             ~~~~~~~~~~~~~~~~~~^~~~
<built-in>: note: built-in 'abs' declared here
../Core/Src/main.c: In function 'main':
../Core/Src/main.c:225:4: warning: implicit declaration of function 'HCSRO4_Read' [-Wimplicit-function-declaration]
  225 |    HCSRO4_Read(&htim8);
      |    ^~~~~~~~~~~
../Core/Src/main.c:235:26: warning: format '%d' expects argument of type 'int', but argument 3 has type 'uint32_t' {aka 'long unsigned int'} [-Wformat=]
  235 |    sprintf(duty_print, "%d", duty_val);
      |                         ~^   ~~~~~~~~
      |                          |   |
      |                          int uint32_t {aka long unsigned int}
      |                         %ld
../Core/Src/main.c: In function 'HAL_TIM_PeriodElapsedCallback':
../Core/Src/main.c:118:27: warning: '0' directive writing 1 byte into a region of size 0 [-Wformat-overflow=]
  118 |     int n = sprintf(msg, "0%.02f, %d", d, sp);
      |                           ^
../Core/Src/main.c:118:26: note: assuming directive output of 4 bytes
  118 |     int n = sprintf(msg, "0%.02f, %d", d, sp);
      |                          ^~~~~~~~~~~~
../Core/Src/main.c:118:13: note: 'sprintf' output between 8 and 328 bytes into a destination of size 0
  118 |     int n = sprintf(msg, "0%.02f, %d", d, sp);
      |             ^~~~~~~~~~~~~~~~~~~~~~~~~~~~~~~~~
../Core/Src/main.c:113:26: warning: '%.02f' directive writing between 3 and 313 bytes into a region of size 0 [-Wformat-overflow=]
  113 |    int n = sprintf(msg, "%.02f, %d", d, sp);
      |                          ^~~~~
../Core/Src/main.c:113:25: note: assuming directive output of 4 bytes
  113 |    int n = sprintf(msg, "%.02f, %d", d, sp);
      |                         ^~~~~~~~~~~
../Core/Src/main.c:113:12: note: 'sprintf' output between 7 and 327 bytes into a destination of size 0
  113 |    int n = sprintf(msg, "%.02f, %d", d, sp);
      |            ^~~~~~~~~~~~~~~~~~~~~~~~~~~~~~~~
../Core/Src/main.c: In function 'main':
../Core/Src/main.c:236:23: warning: 'sprintf' writing a terminating nul past the end of the destination [-Wformat-overflow=]
  236 |    sprintf(sp_str, "%d", sp);
      |                       ^
../Core/Src/main.c:236:4: note: 'sprintf' output between 2 and 12 bytes into a destination of size 1
  236 |    sprintf(sp_str, "%d", sp);
      |    ^~~~~~~~~~~~~~~~~~~~~~~~~
arm-none-eabi-gcc -o "BalancingBeam.elf" @"objects.list"  -larm_cortexM7lfsp_math -mcpu=cortex-m7 -T"C:\Users\Maciek\Documents\Studia\Semestr 5\Microprocessor systems\Final Project\MCU-based-Control-and-Measurement-System\STM32CubeIDE\Final\BalancingBeam\STM32F746ZGTX_FLASH.ld" --specs=nosys.specs -Wl,-Map="BalancingBeam.map" -Wl,--gc-sections -static -L"C:\Users\Maciek\STM32Cube\Repository\Packs\ARM\CMSIS\5.7.0\CMSIS\DSP\Lib\GCC" --specs=nano.specs -mfpu=fpv5-sp-d16 -mfloat-abi=hard -mthumb -u _printf_float -u _scanf_float -Wl,--start-group -lc -lm -Wl,--end-group
Finished building target: BalancingBeam.elf
 
arm-none-eabi-size   BalancingBeam.elf 
arm-none-eabi-objdump -h -S  BalancingBeam.elf  > "BalancingBeam.list"
arm-none-eabi-objcopy  -O binary  BalancingBeam.elf  "BalancingBeam.bin"
   text	   data	    bss	    dec	    hex	filename
  57532	    600	   2536	  60668	   ecfc	BalancingBeam.elf
Finished building: default.size.stdout
 
Finished building: BalancingBeam.bin
 
Finished building: BalancingBeam.list
 
22:20:38 **** Incremental Build of configuration Debug for project BalancingBeam ****
make -j8 all 
arm-none-eabi-gcc "../Core/Src/adc.c" -mcpu=cortex-m7 -std=gnu11 -g3 -DDEBUG -DUSE_HAL_DRIVER -DSTM32F746xx -c -I../Core/Inc -I../Drivers/STM32F7xx_HAL_Driver/Inc -I../Drivers/STM32F7xx_HAL_Driver/Inc/Legacy -I../Drivers/CMSIS/Device/ST/STM32F7xx/Include -I../Drivers/CMSIS/Include -I../Middlewares/Third_Party/ARM_CMSIS/CMSIS/Core/Include/ -I../Middlewares/Third_Party/ARM_CMSIS/CMSIS/Core_A/Include/ -I../Middlewares/Third_Party/ARM_CMSIS/CMSIS/DSP/Include -O0 -ffunction-sections -fdata-sections -Wall -fstack-usage -MMD -MP -MF"Core/Src/adc.d" -MT"Core/Src/adc.o" --specs=nano.specs -mfpu=fpv5-sp-d16 -mfloat-abi=hard -mthumb -o "Core/Src/adc.o"
arm-none-eabi-gcc "../Core/Src/control_algorithm.c" -mcpu=cortex-m7 -std=gnu11 -g3 -DDEBUG -DUSE_HAL_DRIVER -DSTM32F746xx -c -I../Core/Inc -I../Drivers/STM32F7xx_HAL_Driver/Inc -I../Drivers/STM32F7xx_HAL_Driver/Inc/Legacy -I../Drivers/CMSIS/Device/ST/STM32F7xx/Include -I../Drivers/CMSIS/Include -I../Middlewares/Third_Party/ARM_CMSIS/CMSIS/Core/Include/ -I../Middlewares/Third_Party/ARM_CMSIS/CMSIS/Core_A/Include/ -I../Middlewares/Third_Party/ARM_CMSIS/CMSIS/DSP/Include -O0 -ffunction-sections -fdata-sections -Wall -fstack-usage -MMD -MP -MF"Core/Src/control_algorithm.d" -MT"Core/Src/control_algorithm.o" --specs=nano.specs -mfpu=fpv5-sp-d16 -mfloat-abi=hard -mthumb -o "Core/Src/control_algorithm.o"
arm-none-eabi-gcc "../Core/Src/dma.c" -mcpu=cortex-m7 -std=gnu11 -g3 -DDEBUG -DUSE_HAL_DRIVER -DSTM32F746xx -c -I../Core/Inc -I../Drivers/STM32F7xx_HAL_Driver/Inc -I../Drivers/STM32F7xx_HAL_Driver/Inc/Legacy -I../Drivers/CMSIS/Device/ST/STM32F7xx/Include -I../Drivers/CMSIS/Include -I../Middlewares/Third_Party/ARM_CMSIS/CMSIS/Core/Include/ -I../Middlewares/Third_Party/ARM_CMSIS/CMSIS/Core_A/Include/ -I../Middlewares/Third_Party/ARM_CMSIS/CMSIS/DSP/Include -O0 -ffunction-sections -fdata-sections -Wall -fstack-usage -MMD -MP -MF"Core/Src/dma.d" -MT"Core/Src/dma.o" --specs=nano.specs -mfpu=fpv5-sp-d16 -mfloat-abi=hard -mthumb -o "Core/Src/dma.o"
arm-none-eabi-gcc "../Core/Src/gpio.c" -mcpu=cortex-m7 -std=gnu11 -g3 -DDEBUG -DUSE_HAL_DRIVER -DSTM32F746xx -c -I../Core/Inc -I../Drivers/STM32F7xx_HAL_Driver/Inc -I../Drivers/STM32F7xx_HAL_Driver/Inc/Legacy -I../Drivers/CMSIS/Device/ST/STM32F7xx/Include -I../Drivers/CMSIS/Include -I../Middlewares/Third_Party/ARM_CMSIS/CMSIS/Core/Include/ -I../Middlewares/Third_Party/ARM_CMSIS/CMSIS/Core_A/Include/ -I../Middlewares/Third_Party/ARM_CMSIS/CMSIS/DSP/Include -O0 -ffunction-sections -fdata-sections -Wall -fstack-usage -MMD -MP -MF"Core/Src/gpio.d" -MT"Core/Src/gpio.o" --specs=nano.specs -mfpu=fpv5-sp-d16 -mfloat-abi=hard -mthumb -o "Core/Src/gpio.o"
arm-none-eabi-gcc "../Core/Src/hcsro4.c" -mcpu=cortex-m7 -std=gnu11 -g3 -DDEBUG -DUSE_HAL_DRIVER -DSTM32F746xx -c -I../Core/Inc -I../Drivers/STM32F7xx_HAL_Driver/Inc -I../Drivers/STM32F7xx_HAL_Driver/Inc/Legacy -I../Drivers/CMSIS/Device/ST/STM32F7xx/Include -I../Drivers/CMSIS/Include -I../Middlewares/Third_Party/ARM_CMSIS/CMSIS/Core/Include/ -I../Middlewares/Third_Party/ARM_CMSIS/CMSIS/Core_A/Include/ -I../Middlewares/Third_Party/ARM_CMSIS/CMSIS/DSP/Include -O0 -ffunction-sections -fdata-sections -Wall -fstack-usage -MMD -MP -MF"Core/Src/hcsro4.d" -MT"Core/Src/hcsro4.o" --specs=nano.specs -mfpu=fpv5-sp-d16 -mfloat-abi=hard -mthumb -o "Core/Src/hcsro4.o"
arm-none-eabi-gcc "../Core/Src/i2c.c" -mcpu=cortex-m7 -std=gnu11 -g3 -DDEBUG -DUSE_HAL_DRIVER -DSTM32F746xx -c -I../Core/Inc -I../Drivers/STM32F7xx_HAL_Driver/Inc -I../Drivers/STM32F7xx_HAL_Driver/Inc/Legacy -I../Drivers/CMSIS/Device/ST/STM32F7xx/Include -I../Drivers/CMSIS/Include -I../Middlewares/Third_Party/ARM_CMSIS/CMSIS/Core/Include/ -I../Middlewares/Third_Party/ARM_CMSIS/CMSIS/Core_A/Include/ -I../Middlewares/Third_Party/ARM_CMSIS/CMSIS/DSP/Include -O0 -ffunction-sections -fdata-sections -Wall -fstack-usage -MMD -MP -MF"Core/Src/i2c.d" -MT"Core/Src/i2c.o" --specs=nano.specs -mfpu=fpv5-sp-d16 -mfloat-abi=hard -mthumb -o "Core/Src/i2c.o"
arm-none-eabi-gcc "../Core/Src/lcd.c" -mcpu=cortex-m7 -std=gnu11 -g3 -DDEBUG -DUSE_HAL_DRIVER -DSTM32F746xx -c -I../Core/Inc -I../Drivers/STM32F7xx_HAL_Driver/Inc -I../Drivers/STM32F7xx_HAL_Driver/Inc/Legacy -I../Drivers/CMSIS/Device/ST/STM32F7xx/Include -I../Drivers/CMSIS/Include -I../Middlewares/Third_Party/ARM_CMSIS/CMSIS/Core/Include/ -I../Middlewares/Third_Party/ARM_CMSIS/CMSIS/Core_A/Include/ -I../Middlewares/Third_Party/ARM_CMSIS/CMSIS/DSP/Include -O0 -ffunction-sections -fdata-sections -Wall -fstack-usage -MMD -MP -MF"Core/Src/lcd.d" -MT"Core/Src/lcd.o" --specs=nano.specs -mfpu=fpv5-sp-d16 -mfloat-abi=hard -mthumb -o "Core/Src/lcd.o"
arm-none-eabi-gcc "../Core/Src/lcd_config.c" -mcpu=cortex-m7 -std=gnu11 -g3 -DDEBUG -DUSE_HAL_DRIVER -DSTM32F746xx -c -I../Core/Inc -I../Drivers/STM32F7xx_HAL_Driver/Inc -I../Drivers/STM32F7xx_HAL_Driver/Inc/Legacy -I../Drivers/CMSIS/Device/ST/STM32F7xx/Include -I../Drivers/CMSIS/Include -I../Middlewares/Third_Party/ARM_CMSIS/CMSIS/Core/Include/ -I../Middlewares/Third_Party/ARM_CMSIS/CMSIS/Core_A/Include/ -I../Middlewares/Third_Party/ARM_CMSIS/CMSIS/DSP/Include -O0 -ffunction-sections -fdata-sections -Wall -fstack-usage -MMD -MP -MF"Core/Src/lcd_config.d" -MT"Core/Src/lcd_config.o" --specs=nano.specs -mfpu=fpv5-sp-d16 -mfloat-abi=hard -mthumb -o "Core/Src/lcd_config.o"
arm-none-eabi-gcc "../Core/Src/main.c" -mcpu=cortex-m7 -std=gnu11 -g3 -DDEBUG -DUSE_HAL_DRIVER -DSTM32F746xx -c -I../Core/Inc -I../Drivers/STM32F7xx_HAL_Driver/Inc -I../Drivers/STM32F7xx_HAL_Driver/Inc/Legacy -I../Drivers/CMSIS/Device/ST/STM32F7xx/Include -I../Drivers/CMSIS/Include -I../Middlewares/Third_Party/ARM_CMSIS/CMSIS/Core/Include/ -I../Middlewares/Third_Party/ARM_CMSIS/CMSIS/Core_A/Include/ -I../Middlewares/Third_Party/ARM_CMSIS/CMSIS/DSP/Include -O0 -ffunction-sections -fdata-sections -Wall -fstack-usage -MMD -MP -MF"Core/Src/main.d" -MT"Core/Src/main.o" --specs=nano.specs -mfpu=fpv5-sp-d16 -mfloat-abi=hard -mthumb -o "Core/Src/main.o"
arm-none-eabi-gcc "../Core/Src/spi.c" -mcpu=cortex-m7 -std=gnu11 -g3 -DDEBUG -DUSE_HAL_DRIVER -DSTM32F746xx -c -I../Core/Inc -I../Drivers/STM32F7xx_HAL_Driver/Inc -I../Drivers/STM32F7xx_HAL_Driver/Inc/Legacy -I../Drivers/CMSIS/Device/ST/STM32F7xx/Include -I../Drivers/CMSIS/Include -I../Middlewares/Third_Party/ARM_CMSIS/CMSIS/Core/Include/ -I../Middlewares/Third_Party/ARM_CMSIS/CMSIS/Core_A/Include/ -I../Middlewares/Third_Party/ARM_CMSIS/CMSIS/DSP/Include -O0 -ffunction-sections -fdata-sections -Wall -fstack-usage -MMD -MP -MF"Core/Src/spi.d" -MT"Core/Src/spi.o" --specs=nano.specs -mfpu=fpv5-sp-d16 -mfloat-abi=hard -mthumb -o "Core/Src/spi.o"
arm-none-eabi-gcc "../Core/Src/stm32f7xx_hal_msp.c" -mcpu=cortex-m7 -std=gnu11 -g3 -DDEBUG -DUSE_HAL_DRIVER -DSTM32F746xx -c -I../Core/Inc -I../Drivers/STM32F7xx_HAL_Driver/Inc -I../Drivers/STM32F7xx_HAL_Driver/Inc/Legacy -I../Drivers/CMSIS/Device/ST/STM32F7xx/Include -I../Drivers/CMSIS/Include -I../Middlewares/Third_Party/ARM_CMSIS/CMSIS/Core/Include/ -I../Middlewares/Third_Party/ARM_CMSIS/CMSIS/Core_A/Include/ -I../Middlewares/Third_Party/ARM_CMSIS/CMSIS/DSP/Include -O0 -ffunction-sections -fdata-sections -Wall -fstack-usage -MMD -MP -MF"Core/Src/stm32f7xx_hal_msp.d" -MT"Core/Src/stm32f7xx_hal_msp.o" --specs=nano.specs -mfpu=fpv5-sp-d16 -mfloat-abi=hard -mthumb -o "Core/Src/stm32f7xx_hal_msp.o"
arm-none-eabi-gcc "../Core/Src/stm32f7xx_it.c" -mcpu=cortex-m7 -std=gnu11 -g3 -DDEBUG -DUSE_HAL_DRIVER -DSTM32F746xx -c -I../Core/Inc -I../Drivers/STM32F7xx_HAL_Driver/Inc -I../Drivers/STM32F7xx_HAL_Driver/Inc/Legacy -I../Drivers/CMSIS/Device/ST/STM32F7xx/Include -I../Drivers/CMSIS/Include -I../Middlewares/Third_Party/ARM_CMSIS/CMSIS/Core/Include/ -I../Middlewares/Third_Party/ARM_CMSIS/CMSIS/Core_A/Include/ -I../Middlewares/Third_Party/ARM_CMSIS/CMSIS/DSP/Include -O0 -ffunction-sections -fdata-sections -Wall -fstack-usage -MMD -MP -MF"Core/Src/stm32f7xx_it.d" -MT"Core/Src/stm32f7xx_it.o" --specs=nano.specs -mfpu=fpv5-sp-d16 -mfloat-abi=hard -mthumb -o "Core/Src/stm32f7xx_it.o"
arm-none-eabi-gcc "../Core/Src/syscalls.c" -mcpu=cortex-m7 -std=gnu11 -g3 -DDEBUG -DUSE_HAL_DRIVER -DSTM32F746xx -c -I../Core/Inc -I../Drivers/STM32F7xx_HAL_Driver/Inc -I../Drivers/STM32F7xx_HAL_Driver/Inc/Legacy -I../Drivers/CMSIS/Device/ST/STM32F7xx/Include -I../Drivers/CMSIS/Include -I../Middlewares/Third_Party/ARM_CMSIS/CMSIS/Core/Include/ -I../Middlewares/Third_Party/ARM_CMSIS/CMSIS/Core_A/Include/ -I../Middlewares/Third_Party/ARM_CMSIS/CMSIS/DSP/Include -O0 -ffunction-sections -fdata-sections -Wall -fstack-usage -MMD -MP -MF"Core/Src/syscalls.d" -MT"Core/Src/syscalls.o" --specs=nano.specs -mfpu=fpv5-sp-d16 -mfloat-abi=hard -mthumb -o "Core/Src/syscalls.o"
arm-none-eabi-gcc "../Core/Src/sysmem.c" -mcpu=cortex-m7 -std=gnu11 -g3 -DDEBUG -DUSE_HAL_DRIVER -DSTM32F746xx -c -I../Core/Inc -I../Drivers/STM32F7xx_HAL_Driver/Inc -I../Drivers/STM32F7xx_HAL_Driver/Inc/Legacy -I../Drivers/CMSIS/Device/ST/STM32F7xx/Include -I../Drivers/CMSIS/Include -I../Middlewares/Third_Party/ARM_CMSIS/CMSIS/Core/Include/ -I../Middlewares/Third_Party/ARM_CMSIS/CMSIS/Core_A/Include/ -I../Middlewares/Third_Party/ARM_CMSIS/CMSIS/DSP/Include -O0 -ffunction-sections -fdata-sections -Wall -fstack-usage -MMD -MP -MF"Core/Src/sysmem.d" -MT"Core/Src/sysmem.o" --specs=nano.specs -mfpu=fpv5-sp-d16 -mfloat-abi=hard -mthumb -o "Core/Src/sysmem.o"
arm-none-eabi-gcc "../Core/Src/system_stm32f7xx.c" -mcpu=cortex-m7 -std=gnu11 -g3 -DDEBUG -DUSE_HAL_DRIVER -DSTM32F746xx -c -I../Core/Inc -I../Drivers/STM32F7xx_HAL_Driver/Inc -I../Drivers/STM32F7xx_HAL_Driver/Inc/Legacy -I../Drivers/CMSIS/Device/ST/STM32F7xx/Include -I../Drivers/CMSIS/Include -I../Middlewares/Third_Party/ARM_CMSIS/CMSIS/Core/Include/ -I../Middlewares/Third_Party/ARM_CMSIS/CMSIS/Core_A/Include/ -I../Middlewares/Third_Party/ARM_CMSIS/CMSIS/DSP/Include -O0 -ffunction-sections -fdata-sections -Wall -fstack-usage -MMD -MP -MF"Core/Src/system_stm32f7xx.d" -MT"Core/Src/system_stm32f7xx.o" --specs=nano.specs -mfpu=fpv5-sp-d16 -mfloat-abi=hard -mthumb -o "Core/Src/system_stm32f7xx.o"
arm-none-eabi-gcc "../Core/Src/tim.c" -mcpu=cortex-m7 -std=gnu11 -g3 -DDEBUG -DUSE_HAL_DRIVER -DSTM32F746xx -c -I../Core/Inc -I../Drivers/STM32F7xx_HAL_Driver/Inc -I../Drivers/STM32F7xx_HAL_Driver/Inc/Legacy -I../Drivers/CMSIS/Device/ST/STM32F7xx/Include -I../Drivers/CMSIS/Include -I../Middlewares/Third_Party/ARM_CMSIS/CMSIS/Core/Include/ -I../Middlewares/Third_Party/ARM_CMSIS/CMSIS/Core_A/Include/ -I../Middlewares/Third_Party/ARM_CMSIS/CMSIS/DSP/Include -O0 -ffunction-sections -fdata-sections -Wall -fstack-usage -MMD -MP -MF"Core/Src/tim.d" -MT"Core/Src/tim.o" --specs=nano.specs -mfpu=fpv5-sp-d16 -mfloat-abi=hard -mthumb -o "Core/Src/tim.o"
../Core/Src/main.c: In function 'HAL_TIM_PeriodElapsedCallback':
../Core/Src/main.c:107:3: warning: implicit declaration of function 'pid_control' [-Wimplicit-function-declaration]
  107 |   pid_control(&htim2, &htim3);
      |   ^~~~~~~~~~~
../Core/Src/main.c: In function 'ADC_SETPOINT':
../Core/Src/main.c:137:9: warning: implicit declaration of function 'abs' [-Wimplicit-function-declaration]
  137 |  return abs((sample_in_1/100) - 20)+10;
      |         ^~~
../Core/Src/main.c:137:31: warning: 'abs' argument 1 type is 'long unsigned int' where 'int' is expected in a call to built-in function declared without prototype [-Wbuiltin-declaration-mismatch]
  137 |  return abs((sample_in_1/100) - 20)+10;
      |             ~~~~~~~~~~~~~~~~~~^~~~
<built-in>: note: built-in 'abs' declared here
arm-none-eabi-gcc "../Core/Src/uart_tx.c" -mcpu=cortex-m7 -std=gnu11 -g3 -DDEBUG -DUSE_HAL_DRIVER -DSTM32F746xx -c -I../Core/Inc -I../Drivers/STM32F7xx_HAL_Driver/Inc -I../Drivers/STM32F7xx_HAL_Driver/Inc/Legacy -I../Drivers/CMSIS/Device/ST/STM32F7xx/Include -I../Drivers/CMSIS/Include -I../Middlewares/Third_Party/ARM_CMSIS/CMSIS/Core/Include/ -I../Middlewares/Third_Party/ARM_CMSIS/CMSIS/Core_A/Include/ -I../Middlewares/Third_Party/ARM_CMSIS/CMSIS/DSP/Include -O0 -ffunction-sections -fdata-sections -Wall -fstack-usage -MMD -MP -MF"Core/Src/uart_tx.d" -MT"Core/Src/uart_tx.o" --specs=nano.specs -mfpu=fpv5-sp-d16 -mfloat-abi=hard -mthumb -o "Core/Src/uart_tx.o"
../Core/Src/main.c: In function 'main':
../Core/Src/main.c:225:4: warning: implicit declaration of function 'HCSRO4_Read' [-Wimplicit-function-declaration]
  225 |    HCSRO4_Read(&htim8);
      |    ^~~~~~~~~~~
../Core/Src/main.c:235:26: warning: format '%d' expects argument of type 'int', but argument 3 has type 'uint32_t' {aka 'long unsigned int'} [-Wformat=]
  235 |    sprintf(duty_print, "%d", duty_val);
      |                         ~^   ~~~~~~~~
      |                          |   |
      |                          int uint32_t {aka long unsigned int}
      |                         %ld
../Core/Src/main.c: In function 'HAL_TIM_PeriodElapsedCallback':
../Core/Src/main.c:118:27: warning: '0' directive writing 1 byte into a region of size 0 [-Wformat-overflow=]
  118 |     int n = sprintf(msg, "0%.02f, %d", d, sp);
      |                           ^
../Core/Src/main.c:118:26: note: assuming directive output of 4 bytes
  118 |     int n = sprintf(msg, "0%.02f, %d", d, sp);
      |                          ^~~~~~~~~~~~
../Core/Src/main.c:118:13: note: 'sprintf' output between 8 and 328 bytes into a destination of size 0
  118 |     int n = sprintf(msg, "0%.02f, %d", d, sp);
      |             ^~~~~~~~~~~~~~~~~~~~~~~~~~~~~~~~~
../Core/Src/main.c:113:26: warning: '%.02f' directive writing between 3 and 313 bytes into a region of size 0 [-Wformat-overflow=]
  113 |    int n = sprintf(msg, "%.02f, %d", d, sp);
      |                          ^~~~~
../Core/Src/main.c:113:25: note: assuming directive output of 4 bytes
  113 |    int n = sprintf(msg, "%.02f, %d", d, sp);
      |                         ^~~~~~~~~~~
../Core/Src/main.c:113:12: note: 'sprintf' output between 7 and 327 bytes into a destination of size 0
  113 |    int n = sprintf(msg, "%.02f, %d", d, sp);
      |            ^~~~~~~~~~~~~~~~~~~~~~~~~~~~~~~~
../Core/Src/main.c: In function 'main':
../Core/Src/main.c:236:23: warning: 'sprintf' writing a terminating nul past the end of the destination [-Wformat-overflow=]
  236 |    sprintf(sp_str, "%d", sp);
      |                       ^
../Core/Src/main.c:236:4: note: 'sprintf' output between 2 and 12 bytes into a destination of size 1
  236 |    sprintf(sp_str, "%d", sp);
      |    ^~~~~~~~~~~~~~~~~~~~~~~~~
arm-none-eabi-gcc "../Core/Src/usart.c" -mcpu=cortex-m7 -std=gnu11 -g3 -DDEBUG -DUSE_HAL_DRIVER -DSTM32F746xx -c -I../Core/Inc -I../Drivers/STM32F7xx_HAL_Driver/Inc -I../Drivers/STM32F7xx_HAL_Driver/Inc/Legacy -I../Drivers/CMSIS/Device/ST/STM32F7xx/Include -I../Drivers/CMSIS/Include -I../Middlewares/Third_Party/ARM_CMSIS/CMSIS/Core/Include/ -I../Middlewares/Third_Party/ARM_CMSIS/CMSIS/Core_A/Include/ -I../Middlewares/Third_Party/ARM_CMSIS/CMSIS/DSP/Include -O0 -ffunction-sections -fdata-sections -Wall -fstack-usage -MMD -MP -MF"Core/Src/usart.d" -MT"Core/Src/usart.o" --specs=nano.specs -mfpu=fpv5-sp-d16 -mfloat-abi=hard -mthumb -o "Core/Src/usart.o"
../Core/Src/uart_tx.c: In function 'uart_tx':
../Core/Src/uart_tx.c:33:4: error: 'd' undeclared (first use in this function)
   33 | if(d >= 10.0){
      |    ^
../Core/Src/uart_tx.c:33:4: note: each undeclared identifier is reported only once for each function it appears in
../Core/Src/uart_tx.c:34:12: warning: implicit declaration of function 'sprintf' [-Wimplicit-function-declaration]
   34 |    int n = sprintf(msg, "%.02f, %d", d, sp);
      |            ^~~~~~~
../Core/Src/uart_tx.c:34:12: warning: incompatible implicit declaration of built-in function 'sprintf'
../Core/Src/uart_tx.c:15:1: note: include '<stdio.h>' or provide a declaration of 'sprintf'
   14 | #include <main.h>
  +++ |+#include <stdio.h>
   15 | 
../Core/Src/uart_tx.c:34:20: error: 'msg' undeclared (first use in this function)
   34 |    int n = sprintf(msg, "%.02f, %d", d, sp);
      |                    ^~~
../Core/Src/uart_tx.c:34:41: error: 'sp' undeclared (first use in this function)
   34 |    int n = sprintf(msg, "%.02f, %d", d, sp);
      |                                         ^~
../Core/Src/uart_tx.c:39:13: warning: incompatible implicit declaration of built-in function 'sprintf'
   39 |     int n = sprintf(msg, "0%.02f, %d", d, sp);
      |             ^~~~~~~
../Core/Src/uart_tx.c:39:13: note: include '<stdio.h>' or provide a declaration of 'sprintf'
make: *** [Core/Src/subdir.mk:70: Core/Src/uart_tx.o] Error 1
make: *** Waiting for unfinished jobs....
"make -j8 all" terminated with exit code 2. Build might be incomplete.
22:21:22 **** Incremental Build of configuration Debug for project BalancingBeam ****
make -j8 all 
arm-none-eabi-gcc "../Core/Src/uart_tx.c" -mcpu=cortex-m7 -std=gnu11 -g3 -DDEBUG -DUSE_HAL_DRIVER -DSTM32F746xx -c -I../Core/Inc -I../Drivers/STM32F7xx_HAL_Driver/Inc -I../Drivers/STM32F7xx_HAL_Driver/Inc/Legacy -I../Drivers/CMSIS/Device/ST/STM32F7xx/Include -I../Drivers/CMSIS/Include -I../Middlewares/Third_Party/ARM_CMSIS/CMSIS/Core/Include/ -I../Middlewares/Third_Party/ARM_CMSIS/CMSIS/Core_A/Include/ -I../Middlewares/Third_Party/ARM_CMSIS/CMSIS/DSP/Include -O0 -ffunction-sections -fdata-sections -Wall -fstack-usage -MMD -MP -MF"Core/Src/uart_tx.d" -MT"Core/Src/uart_tx.o" --specs=nano.specs -mfpu=fpv5-sp-d16 -mfloat-abi=hard -mthumb -o "Core/Src/uart_tx.o"
../Core/Src/uart_tx.c: In function 'uart_tx':
../Core/Src/uart_tx.c:34:12: warning: implicit declaration of function 'sprintf' [-Wimplicit-function-declaration]
   34 |    int n = sprintf(msg, "%.02f, %d", distance, sp);
      |            ^~~~~~~
../Core/Src/uart_tx.c:34:12: warning: incompatible implicit declaration of built-in function 'sprintf'
../Core/Src/uart_tx.c:15:1: note: include '<stdio.h>' or provide a declaration of 'sprintf'
   14 | #include <main.h>
  +++ |+#include <stdio.h>
   15 | 
../Core/Src/uart_tx.c:34:20: error: 'msg' undeclared (first use in this function)
   34 |    int n = sprintf(msg, "%.02f, %d", distance, sp);
      |                    ^~~
../Core/Src/uart_tx.c:34:20: note: each undeclared identifier is reported only once for each function it appears in
../Core/Src/uart_tx.c:34:48: error: 'sp' undeclared (first use in this function)
   34 |    int n = sprintf(msg, "%.02f, %d", distance, sp);
      |                                                ^~
../Core/Src/uart_tx.c:39:13: warning: incompatible implicit declaration of built-in function 'sprintf'
   39 |     int n = sprintf(msg, "0%.02f, %d", distance, sp);
      |             ^~~~~~~
../Core/Src/uart_tx.c:39:13: note: include '<stdio.h>' or provide a declaration of 'sprintf'
make: *** [Core/Src/subdir.mk:70: Core/Src/uart_tx.o] Error 1
"make -j8 all" terminated with exit code 2. Build might be incomplete.
22:21:29 **** Incremental Build of configuration Debug for project BalancingBeam ****
make -j8 all 
arm-none-eabi-gcc "../Core/Src/uart_tx.c" -mcpu=cortex-m7 -std=gnu11 -g3 -DDEBUG -DUSE_HAL_DRIVER -DSTM32F746xx -c -I../Core/Inc -I../Drivers/STM32F7xx_HAL_Driver/Inc -I../Drivers/STM32F7xx_HAL_Driver/Inc/Legacy -I../Drivers/CMSIS/Device/ST/STM32F7xx/Include -I../Drivers/CMSIS/Include -I../Middlewares/Third_Party/ARM_CMSIS/CMSIS/Core/Include/ -I../Middlewares/Third_Party/ARM_CMSIS/CMSIS/Core_A/Include/ -I../Middlewares/Third_Party/ARM_CMSIS/CMSIS/DSP/Include -O0 -ffunction-sections -fdata-sections -Wall -fstack-usage -MMD -MP -MF"Core/Src/uart_tx.d" -MT"Core/Src/uart_tx.o" --specs=nano.specs -mfpu=fpv5-sp-d16 -mfloat-abi=hard -mthumb -o "Core/Src/uart_tx.o"
../Core/Src/uart_tx.c: In function 'uart_tx':
../Core/Src/uart_tx.c:34:12: warning: implicit declaration of function 'sprintf' [-Wimplicit-function-declaration]
   34 |    int n = sprintf(msg, "%.02f, %d", distance, setpoint);
      |            ^~~~~~~
../Core/Src/uart_tx.c:34:12: warning: incompatible implicit declaration of built-in function 'sprintf'
../Core/Src/uart_tx.c:15:1: note: include '<stdio.h>' or provide a declaration of 'sprintf'
   14 | #include <main.h>
  +++ |+#include <stdio.h>
   15 | 
../Core/Src/uart_tx.c:34:20: error: 'msg' undeclared (first use in this function)
   34 |    int n = sprintf(msg, "%.02f, %d", distance, setpoint);
      |                    ^~~
../Core/Src/uart_tx.c:34:20: note: each undeclared identifier is reported only once for each function it appears in
../Core/Src/uart_tx.c:39:13: warning: incompatible implicit declaration of built-in function 'sprintf'
   39 |     int n = sprintf(msg, "0%.02f, %d", distance, sp);
      |             ^~~~~~~
../Core/Src/uart_tx.c:39:13: note: include '<stdio.h>' or provide a declaration of 'sprintf'
../Core/Src/uart_tx.c:39:50: error: 'sp' undeclared (first use in this function)
   39 |     int n = sprintf(msg, "0%.02f, %d", distance, sp);
      |                                                  ^~
make: *** [Core/Src/subdir.mk:70: Core/Src/uart_tx.o] Error 1
"make -j8 all" terminated with exit code 2. Build might be incomplete.
22:21:36 **** Incremental Build of configuration Debug for project BalancingBeam ****
make -j8 all 
arm-none-eabi-gcc "../Core/Src/uart_tx.c" -mcpu=cortex-m7 -std=gnu11 -g3 -DDEBUG -DUSE_HAL_DRIVER -DSTM32F746xx -c -I../Core/Inc -I../Drivers/STM32F7xx_HAL_Driver/Inc -I../Drivers/STM32F7xx_HAL_Driver/Inc/Legacy -I../Drivers/CMSIS/Device/ST/STM32F7xx/Include -I../Drivers/CMSIS/Include -I../Middlewares/Third_Party/ARM_CMSIS/CMSIS/Core/Include/ -I../Middlewares/Third_Party/ARM_CMSIS/CMSIS/Core_A/Include/ -I../Middlewares/Third_Party/ARM_CMSIS/CMSIS/DSP/Include -O0 -ffunction-sections -fdata-sections -Wall -fstack-usage -MMD -MP -MF"Core/Src/uart_tx.d" -MT"Core/Src/uart_tx.o" --specs=nano.specs -mfpu=fpv5-sp-d16 -mfloat-abi=hard -mthumb -o "Core/Src/uart_tx.o"
../Core/Src/uart_tx.c: In function 'uart_tx':
../Core/Src/uart_tx.c:34:12: warning: implicit declaration of function 'sprintf' [-Wimplicit-function-declaration]
   34 |    int n = sprintf(msg, "%.02f, %d", distance, setpoint);
      |            ^~~~~~~
../Core/Src/uart_tx.c:34:12: warning: incompatible implicit declaration of built-in function 'sprintf'
../Core/Src/uart_tx.c:15:1: note: include '<stdio.h>' or provide a declaration of 'sprintf'
   14 | #include <main.h>
  +++ |+#include <stdio.h>
   15 | 
../Core/Src/uart_tx.c:34:20: error: 'msg' undeclared (first use in this function)
   34 |    int n = sprintf(msg, "%.02f, %d", distance, setpoint);
      |                    ^~~
../Core/Src/uart_tx.c:34:20: note: each undeclared identifier is reported only once for each function it appears in
../Core/Src/uart_tx.c:39:13: warning: incompatible implicit declaration of built-in function 'sprintf'
   39 |     int n = sprintf(msg, "0%.02f, %d", distance, setpoint);
      |             ^~~~~~~
../Core/Src/uart_tx.c:39:13: note: include '<stdio.h>' or provide a declaration of 'sprintf'
make: *** [Core/Src/subdir.mk:70: Core/Src/uart_tx.o] Error 1
"make -j8 all" terminated with exit code 2. Build might be incomplete.
22:21:57 **** Incremental Build of configuration Debug for project BalancingBeam ****
make -j8 all 
arm-none-eabi-gcc "../Core/Src/uart_tx.c" -mcpu=cortex-m7 -std=gnu11 -g3 -DDEBUG -DUSE_HAL_DRIVER -DSTM32F746xx -c -I../Core/Inc -I../Drivers/STM32F7xx_HAL_Driver/Inc -I../Drivers/STM32F7xx_HAL_Driver/Inc/Legacy -I../Drivers/CMSIS/Device/ST/STM32F7xx/Include -I../Drivers/CMSIS/Include -I../Middlewares/Third_Party/ARM_CMSIS/CMSIS/Core/Include/ -I../Middlewares/Third_Party/ARM_CMSIS/CMSIS/Core_A/Include/ -I../Middlewares/Third_Party/ARM_CMSIS/CMSIS/DSP/Include -O0 -ffunction-sections -fdata-sections -Wall -fstack-usage -MMD -MP -MF"Core/Src/uart_tx.d" -MT"Core/Src/uart_tx.o" --specs=nano.specs -mfpu=fpv5-sp-d16 -mfloat-abi=hard -mthumb -o "Core/Src/uart_tx.o"
../Core/Src/uart_tx.c: In function 'uart_tx':
../Core/Src/uart_tx.c:35:20: error: 'msg' undeclared (first use in this function)
   35 |    int n = sprintf(msg, "%.02f, %d", distance, setpoint);
      |                    ^~~
../Core/Src/uart_tx.c:35:20: note: each undeclared identifier is reported only once for each function it appears in
make: *** [Core/Src/subdir.mk:70: Core/Src/uart_tx.o] Error 1
"make -j8 all" terminated with exit code 2. Build might be incomplete.
22:22:35 **** Incremental Build of configuration Debug for project BalancingBeam ****
make -j8 all 
arm-none-eabi-gcc "../Core/Src/main.c" -mcpu=cortex-m7 -std=gnu11 -g3 -DDEBUG -DUSE_HAL_DRIVER -DSTM32F746xx -c -I../Core/Inc -I../Drivers/STM32F7xx_HAL_Driver/Inc -I../Drivers/STM32F7xx_HAL_Driver/Inc/Legacy -I../Drivers/CMSIS/Device/ST/STM32F7xx/Include -I../Drivers/CMSIS/Include -I../Middlewares/Third_Party/ARM_CMSIS/CMSIS/Core/Include/ -I../Middlewares/Third_Party/ARM_CMSIS/CMSIS/Core_A/Include/ -I../Middlewares/Third_Party/ARM_CMSIS/CMSIS/DSP/Include -O0 -ffunction-sections -fdata-sections -Wall -fstack-usage -MMD -MP -MF"Core/Src/main.d" -MT"Core/Src/main.o" --specs=nano.specs -mfpu=fpv5-sp-d16 -mfloat-abi=hard -mthumb -o "Core/Src/main.o"
arm-none-eabi-gcc "../Core/Src/uart_tx.c" -mcpu=cortex-m7 -std=gnu11 -g3 -DDEBUG -DUSE_HAL_DRIVER -DSTM32F746xx -c -I../Core/Inc -I../Drivers/STM32F7xx_HAL_Driver/Inc -I../Drivers/STM32F7xx_HAL_Driver/Inc/Legacy -I../Drivers/CMSIS/Device/ST/STM32F7xx/Include -I../Drivers/CMSIS/Include -I../Middlewares/Third_Party/ARM_CMSIS/CMSIS/Core/Include/ -I../Middlewares/Third_Party/ARM_CMSIS/CMSIS/Core_A/Include/ -I../Middlewares/Third_Party/ARM_CMSIS/CMSIS/DSP/Include -O0 -ffunction-sections -fdata-sections -Wall -fstack-usage -MMD -MP -MF"Core/Src/uart_tx.d" -MT"Core/Src/uart_tx.o" --specs=nano.specs -mfpu=fpv5-sp-d16 -mfloat-abi=hard -mthumb -o "Core/Src/uart_tx.o"
../Core/Src/uart_tx.c: In function 'uart_tx':
../Core/Src/uart_tx.c:40:27: warning: '0' directive writing 1 byte into a region of size 0 [-Wformat-overflow=]
   40 |     int n = sprintf(msg, "0%.02f, %d", distance, setpoint);
      |                           ^
../Core/Src/uart_tx.c:40:26: note: assuming directive output of 4 bytes
   40 |     int n = sprintf(msg, "0%.02f, %d", distance, setpoint);
      |                          ^~~~~~~~~~~~
../Core/Src/uart_tx.c:40:13: note: 'sprintf' output between 8 and 328 bytes into a destination of size 0
   40 |     int n = sprintf(msg, "0%.02f, %d", distance, setpoint);
      |             ^~~~~~~~~~~~~~~~~~~~~~~~~~~~~~~~~~~~~~~~~~~~~~
../Core/Src/uart_tx.c:35:26: warning: '%.02f' directive writing between 3 and 313 bytes into a region of size 0 [-Wformat-overflow=]
   35 |    int n = sprintf(msg, "%.02f, %d", distance, setpoint);
      |                          ^~~~~
../Core/Src/uart_tx.c:35:25: note: assuming directive output of 4 bytes
   35 |    int n = sprintf(msg, "%.02f, %d", distance, setpoint);
      |                         ^~~~~~~~~~~
../Core/Src/uart_tx.c:35:12: note: 'sprintf' output between 7 and 327 bytes into a destination of size 0
   35 |    int n = sprintf(msg, "%.02f, %d", distance, setpoint);
      |            ^~~~~~~~~~~~~~~~~~~~~~~~~~~~~~~~~~~~~~~~~~~~~
../Core/Src/main.c: In function 'HAL_TIM_PeriodElapsedCallback':
../Core/Src/main.c:107:3: warning: implicit declaration of function 'pid_control' [-Wimplicit-function-declaration]
  107 |   pid_control(&htim2, &htim3);
      |   ^~~~~~~~~~~
../Core/Src/main.c: In function 'ADC_SETPOINT':
../Core/Src/main.c:137:9: warning: implicit declaration of function 'abs' [-Wimplicit-function-declaration]
  137 |  return abs((sample_in_1/100) - 20)+10;
      |         ^~~
../Core/Src/main.c:137:31: warning: 'abs' argument 1 type is 'long unsigned int' where 'int' is expected in a call to built-in function declared without prototype [-Wbuiltin-declaration-mismatch]
  137 |  return abs((sample_in_1/100) - 20)+10;
      |             ~~~~~~~~~~~~~~~~~~^~~~
<built-in>: note: built-in 'abs' declared here
../Core/Src/main.c: In function 'main':
../Core/Src/main.c:225:4: warning: implicit declaration of function 'HCSRO4_Read' [-Wimplicit-function-declaration]
  225 |    HCSRO4_Read(&htim8);
      |    ^~~~~~~~~~~
../Core/Src/main.c:235:26: warning: format '%d' expects argument of type 'int', but argument 3 has type 'uint32_t' {aka 'long unsigned int'} [-Wformat=]
  235 |    sprintf(duty_print, "%d", duty_val);
      |                         ~^   ~~~~~~~~
      |                          |   |
      |                          int uint32_t {aka long unsigned int}
      |                         %ld
../Core/Src/main.c:236:23: warning: 'sprintf' writing a terminating nul past the end of the destination [-Wformat-overflow=]
  236 |    sprintf(sp_str, "%d", sp);
      |                       ^
../Core/Src/main.c:236:4: note: 'sprintf' output between 2 and 12 bytes into a destination of size 1
  236 |    sprintf(sp_str, "%d", sp);
      |    ^~~~~~~~~~~~~~~~~~~~~~~~~
arm-none-eabi-gcc -o "BalancingBeam.elf" @"objects.list"  -larm_cortexM7lfsp_math -mcpu=cortex-m7 -T"C:\Users\Maciek\Documents\Studia\Semestr 5\Microprocessor systems\Final Project\MCU-based-Control-and-Measurement-System\STM32CubeIDE\Final\BalancingBeam\STM32F746ZGTX_FLASH.ld" --specs=nosys.specs -Wl,-Map="BalancingBeam.map" -Wl,--gc-sections -static -L"C:\Users\Maciek\STM32Cube\Repository\Packs\ARM\CMSIS\5.7.0\CMSIS\DSP\Lib\GCC" --specs=nano.specs -mfpu=fpv5-sp-d16 -mfloat-abi=hard -mthumb -u _printf_float -u _scanf_float -Wl,--start-group -lc -lm -Wl,--end-group
Finished building target: BalancingBeam.elf
 
arm-none-eabi-size   BalancingBeam.elf 
arm-none-eabi-objdump -h -S  BalancingBeam.elf  > "BalancingBeam.list"
arm-none-eabi-objcopy  -O binary  BalancingBeam.elf  "BalancingBeam.bin"
   text	   data	    bss	    dec	    hex	filename
  57532	    600	   2536	  60668	   ecfc	BalancingBeam.elf
Finished building: default.size.stdout
 
Finished building: BalancingBeam.bin
 
Finished building: BalancingBeam.list
 
22:23:29 **** Incremental Build of configuration Debug for project BalancingBeam ****
make -j8 all 
arm-none-eabi-gcc "../Core/Src/control_algorithm.c" -mcpu=cortex-m7 -std=gnu11 -g3 -DDEBUG -DUSE_HAL_DRIVER -DSTM32F746xx -c -I../Core/Inc -I../Drivers/STM32F7xx_HAL_Driver/Inc -I../Drivers/STM32F7xx_HAL_Driver/Inc/Legacy -I../Drivers/CMSIS/Device/ST/STM32F7xx/Include -I../Drivers/CMSIS/Include -I../Middlewares/Third_Party/ARM_CMSIS/CMSIS/Core/Include/ -I../Middlewares/Third_Party/ARM_CMSIS/CMSIS/Core_A/Include/ -I../Middlewares/Third_Party/ARM_CMSIS/CMSIS/DSP/Include -O0 -ffunction-sections -fdata-sections -Wall -fstack-usage -MMD -MP -MF"Core/Src/control_algorithm.d" -MT"Core/Src/control_algorithm.o" --specs=nano.specs -mfpu=fpv5-sp-d16 -mfloat-abi=hard -mthumb -o "Core/Src/control_algorithm.o"
arm-none-eabi-gcc -o "BalancingBeam.elf" @"objects.list"  -larm_cortexM7lfsp_math -mcpu=cortex-m7 -T"C:\Users\Maciek\Documents\Studia\Semestr 5\Microprocessor systems\Final Project\MCU-based-Control-and-Measurement-System\STM32CubeIDE\Final\BalancingBeam\STM32F746ZGTX_FLASH.ld" --specs=nosys.specs -Wl,-Map="BalancingBeam.map" -Wl,--gc-sections -static -L"C:\Users\Maciek\STM32Cube\Repository\Packs\ARM\CMSIS\5.7.0\CMSIS\DSP\Lib\GCC" --specs=nano.specs -mfpu=fpv5-sp-d16 -mfloat-abi=hard -mthumb -u _printf_float -u _scanf_float -Wl,--start-group -lc -lm -Wl,--end-group
Finished building target: BalancingBeam.elf
 
arm-none-eabi-size   BalancingBeam.elf 
arm-none-eabi-objdump -h -S  BalancingBeam.elf  > "BalancingBeam.list"
arm-none-eabi-objcopy  -O binary  BalancingBeam.elf  "BalancingBeam.bin"
   text	   data	    bss	    dec	    hex	filename
  57548	    600	   2536	  60684	   ed0c	BalancingBeam.elf
Finished building: default.size.stdout
 
Finished building: BalancingBeam.bin
 
Finished building: BalancingBeam.list
 
22:23:38 **** Incremental Build of configuration Debug for project BalancingBeam ****
make -j8 all 
arm-none-eabi-size   BalancingBeam.elf 
   text	   data	    bss	    dec	    hex	filename
  57548	    600	   2536	  60684	   ed0c	BalancingBeam.elf
Finished building: default.size.stdout
 
22:24:25 **** Incremental Build of configuration Debug for project BalancingBeam ****
make -j8 all 
arm-none-eabi-gcc "../Core/Src/main.c" -mcpu=cortex-m7 -std=gnu11 -g3 -DDEBUG -DUSE_HAL_DRIVER -DSTM32F746xx -c -I../Core/Inc -I../Drivers/STM32F7xx_HAL_Driver/Inc -I../Drivers/STM32F7xx_HAL_Driver/Inc/Legacy -I../Drivers/CMSIS/Device/ST/STM32F7xx/Include -I../Drivers/CMSIS/Include -I../Middlewares/Third_Party/ARM_CMSIS/CMSIS/Core/Include/ -I../Middlewares/Third_Party/ARM_CMSIS/CMSIS/Core_A/Include/ -I../Middlewares/Third_Party/ARM_CMSIS/CMSIS/DSP/Include -O0 -ffunction-sections -fdata-sections -Wall -fstack-usage -MMD -MP -MF"Core/Src/main.d" -MT"Core/Src/main.o" --specs=nano.specs -mfpu=fpv5-sp-d16 -mfloat-abi=hard -mthumb -o "Core/Src/main.o"
../Core/Src/main.c: In function 'HAL_TIM_PeriodElapsedCallback':
../Core/Src/main.c:107:3: warning: implicit declaration of function 'pid_control' [-Wimplicit-function-declaration]
  107 |   pid_control(&htim2, &htim3);
      |   ^~~~~~~~~~~
../Core/Src/main.c:112:3: warning: implicit declaration of function 'uart_tx' [-Wimplicit-function-declaration]
  112 |   uart_tx(&huart3, d, sp);
      |   ^~~~~~~
../Core/Src/main.c: In function 'ADC_SETPOINT':
../Core/Src/main.c:128:9: warning: implicit declaration of function 'abs' [-Wimplicit-function-declaration]
  128 |  return abs((sample_in_1/100) - 20)+10;
      |         ^~~
../Core/Src/main.c:128:31: warning: 'abs' argument 1 type is 'long unsigned int' where 'int' is expected in a call to built-in function declared without prototype [-Wbuiltin-declaration-mismatch]
  128 |  return abs((sample_in_1/100) - 20)+10;
      |             ~~~~~~~~~~~~~~~~~~^~~~
<built-in>: note: built-in 'abs' declared here
../Core/Src/main.c: In function 'main':
../Core/Src/main.c:216:4: warning: implicit declaration of function 'HCSRO4_Read' [-Wimplicit-function-declaration]
  216 |    HCSRO4_Read(&htim8);
      |    ^~~~~~~~~~~
../Core/Src/main.c:226:26: warning: format '%d' expects argument of type 'int', but argument 3 has type 'uint32_t' {aka 'long unsigned int'} [-Wformat=]
  226 |    sprintf(duty_print, "%d", duty_val);
      |                         ~^   ~~~~~~~~
      |                          |   |
      |                          int uint32_t {aka long unsigned int}
      |                         %ld
../Core/Src/main.c:227:23: warning: 'sprintf' writing a terminating nul past the end of the destination [-Wformat-overflow=]
  227 |    sprintf(sp_str, "%d", sp);
      |                       ^
../Core/Src/main.c:227:4: note: 'sprintf' output between 2 and 12 bytes into a destination of size 1
  227 |    sprintf(sp_str, "%d", sp);
      |    ^~~~~~~~~~~~~~~~~~~~~~~~~
arm-none-eabi-gcc -o "BalancingBeam.elf" @"objects.list"  -larm_cortexM7lfsp_math -mcpu=cortex-m7 -T"C:\Users\Maciek\Documents\Studia\Semestr 5\Microprocessor systems\Final Project\MCU-based-Control-and-Measurement-System\STM32CubeIDE\Final\BalancingBeam\STM32F746ZGTX_FLASH.ld" --specs=nosys.specs -Wl,-Map="BalancingBeam.map" -Wl,--gc-sections -static -L"C:\Users\Maciek\STM32Cube\Repository\Packs\ARM\CMSIS\5.7.0\CMSIS\DSP\Lib\GCC" --specs=nano.specs -mfpu=fpv5-sp-d16 -mfloat-abi=hard -mthumb -u _printf_float -u _scanf_float -Wl,--start-group -lc -lm -Wl,--end-group
Finished building target: BalancingBeam.elf
 
arm-none-eabi-size   BalancingBeam.elf 
arm-none-eabi-objdump -h -S  BalancingBeam.elf  > "BalancingBeam.list"
arm-none-eabi-objcopy  -O binary  BalancingBeam.elf  "BalancingBeam.bin"
   text	   data	    bss	    dec	    hex	filename
  57604	    600	   2536	  60740	   ed44	BalancingBeam.elf
Finished building: default.size.stdout
 
Finished building: BalancingBeam.bin
 
Finished building: BalancingBeam.list
 
22:24:34 **** Incremental Build of configuration Debug for project BalancingBeam ****
make -j8 all 
arm-none-eabi-gcc "../Core/Src/main.c" -mcpu=cortex-m7 -std=gnu11 -g3 -DDEBUG -DUSE_HAL_DRIVER -DSTM32F746xx -c -I../Core/Inc -I../Drivers/STM32F7xx_HAL_Driver/Inc -I../Drivers/STM32F7xx_HAL_Driver/Inc/Legacy -I../Drivers/CMSIS/Device/ST/STM32F7xx/Include -I../Drivers/CMSIS/Include -I../Middlewares/Third_Party/ARM_CMSIS/CMSIS/Core/Include/ -I../Middlewares/Third_Party/ARM_CMSIS/CMSIS/Core_A/Include/ -I../Middlewares/Third_Party/ARM_CMSIS/CMSIS/DSP/Include -O0 -ffunction-sections -fdata-sections -Wall -fstack-usage -MMD -MP -MF"Core/Src/main.d" -MT"Core/Src/main.o" --specs=nano.specs -mfpu=fpv5-sp-d16 -mfloat-abi=hard -mthumb -o "Core/Src/main.o"
../Core/Src/main.c: In function 'HAL_TIM_PeriodElapsedCallback':
../Core/Src/main.c:107:3: warning: implicit declaration of function 'pid_control' [-Wimplicit-function-declaration]
  107 |   pid_control(htim2, htim3);
      |   ^~~~~~~~~~~
../Core/Src/main.c:112:3: warning: implicit declaration of function 'uart_tx' [-Wimplicit-function-declaration]
  112 |   uart_tx(&huart3, d, sp);
      |   ^~~~~~~
../Core/Src/main.c: In function 'ADC_SETPOINT':
../Core/Src/main.c:128:9: warning: implicit declaration of function 'abs' [-Wimplicit-function-declaration]
  128 |  return abs((sample_in_1/100) - 20)+10;
      |         ^~~
../Core/Src/main.c:128:31: warning: 'abs' argument 1 type is 'long unsigned int' where 'int' is expected in a call to built-in function declared without prototype [-Wbuiltin-declaration-mismatch]
  128 |  return abs((sample_in_1/100) - 20)+10;
      |             ~~~~~~~~~~~~~~~~~~^~~~
<built-in>: note: built-in 'abs' declared here
../Core/Src/main.c: In function 'main':
../Core/Src/main.c:216:4: warning: implicit declaration of function 'HCSRO4_Read' [-Wimplicit-function-declaration]
  216 |    HCSRO4_Read(&htim8);
      |    ^~~~~~~~~~~
../Core/Src/main.c:226:26: warning: format '%d' expects argument of type 'int', but argument 3 has type 'uint32_t' {aka 'long unsigned int'} [-Wformat=]
  226 |    sprintf(duty_print, "%d", duty_val);
      |                         ~^   ~~~~~~~~
      |                          |   |
      |                          int uint32_t {aka long unsigned int}
      |                         %ld
../Core/Src/main.c:227:23: warning: 'sprintf' writing a terminating nul past the end of the destination [-Wformat-overflow=]
  227 |    sprintf(sp_str, "%d", sp);
      |                       ^
../Core/Src/main.c:227:4: note: 'sprintf' output between 2 and 12 bytes into a destination of size 1
  227 |    sprintf(sp_str, "%d", sp);
      |    ^~~~~~~~~~~~~~~~~~~~~~~~~
arm-none-eabi-gcc -o "BalancingBeam.elf" @"objects.list"  -larm_cortexM7lfsp_math -mcpu=cortex-m7 -T"C:\Users\Maciek\Documents\Studia\Semestr 5\Microprocessor systems\Final Project\MCU-based-Control-and-Measurement-System\STM32CubeIDE\Final\BalancingBeam\STM32F746ZGTX_FLASH.ld" --specs=nosys.specs -Wl,-Map="BalancingBeam.map" -Wl,--gc-sections -static -L"C:\Users\Maciek\STM32Cube\Repository\Packs\ARM\CMSIS\5.7.0\CMSIS\DSP\Lib\GCC" --specs=nano.specs -mfpu=fpv5-sp-d16 -mfloat-abi=hard -mthumb -u _printf_float -u _scanf_float -Wl,--start-group -lc -lm -Wl,--end-group
Finished building target: BalancingBeam.elf
 
arm-none-eabi-size   BalancingBeam.elf 
arm-none-eabi-objdump -h -S  BalancingBeam.elf  > "BalancingBeam.list"
arm-none-eabi-objcopy  -O binary  BalancingBeam.elf  "BalancingBeam.bin"
   text	   data	    bss	    dec	    hex	filename
  57652	    600	   2536	  60788	   ed74	BalancingBeam.elf
Finished building: default.size.stdout
 
Finished building: BalancingBeam.bin
 
Finished building: BalancingBeam.list
 
22:24:51 **** Incremental Build of configuration Debug for project BalancingBeam ****
make -j8 all 
arm-none-eabi-size   BalancingBeam.elf 
   text	   data	    bss	    dec	    hex	filename
  57652	    600	   2536	  60788	   ed74	BalancingBeam.elf
Finished building: default.size.stdout
 
22:24:57 **** Incremental Build of configuration Debug for project BalancingBeam ****
make -j8 all 
arm-none-eabi-size   BalancingBeam.elf 
   text	   data	    bss	    dec	    hex	filename
  57652	    600	   2536	  60788	   ed74	BalancingBeam.elf
Finished building: default.size.stdout
 
22:25:15 **** Incremental Build of configuration Debug for project BalancingBeam ****
make -j8 all 
arm-none-eabi-size   BalancingBeam.elf 
   text	   data	    bss	    dec	    hex	filename
  57652	    600	   2536	  60788	   ed74	BalancingBeam.elf
Finished building: default.size.stdout
 
22:26:24 **** Incremental Build of configuration Debug for project BalancingBeam ****
make -j8 all 
arm-none-eabi-gcc "../Core/Src/control_algorithm.c" -mcpu=cortex-m7 -std=gnu11 -g3 -DDEBUG -DUSE_HAL_DRIVER -DSTM32F746xx -c -I../Core/Inc -I../Drivers/STM32F7xx_HAL_Driver/Inc -I../Drivers/STM32F7xx_HAL_Driver/Inc/Legacy -I../Drivers/CMSIS/Device/ST/STM32F7xx/Include -I../Drivers/CMSIS/Include -I../Middlewares/Third_Party/ARM_CMSIS/CMSIS/Core/Include/ -I../Middlewares/Third_Party/ARM_CMSIS/CMSIS/Core_A/Include/ -I../Middlewares/Third_Party/ARM_CMSIS/CMSIS/DSP/Include -O0 -ffunction-sections -fdata-sections -Wall -fstack-usage -MMD -MP -MF"Core/Src/control_algorithm.d" -MT"Core/Src/control_algorithm.o" --specs=nano.specs -mfpu=fpv5-sp-d16 -mfloat-abi=hard -mthumb -o "Core/Src/control_algorithm.o"
arm-none-eabi-gcc "../Core/Src/main.c" -mcpu=cortex-m7 -std=gnu11 -g3 -DDEBUG -DUSE_HAL_DRIVER -DSTM32F746xx -c -I../Core/Inc -I../Drivers/STM32F7xx_HAL_Driver/Inc -I../Drivers/STM32F7xx_HAL_Driver/Inc/Legacy -I../Drivers/CMSIS/Device/ST/STM32F7xx/Include -I../Drivers/CMSIS/Include -I../Middlewares/Third_Party/ARM_CMSIS/CMSIS/Core/Include/ -I../Middlewares/Third_Party/ARM_CMSIS/CMSIS/Core_A/Include/ -I../Middlewares/Third_Party/ARM_CMSIS/CMSIS/DSP/Include -O0 -ffunction-sections -fdata-sections -Wall -fstack-usage -MMD -MP -MF"Core/Src/main.d" -MT"Core/Src/main.o" --specs=nano.specs -mfpu=fpv5-sp-d16 -mfloat-abi=hard -mthumb -o "Core/Src/main.o"
arm-none-eabi-gcc "../Core/Src/uart_tx.c" -mcpu=cortex-m7 -std=gnu11 -g3 -DDEBUG -DUSE_HAL_DRIVER -DSTM32F746xx -c -I../Core/Inc -I../Drivers/STM32F7xx_HAL_Driver/Inc -I../Drivers/STM32F7xx_HAL_Driver/Inc/Legacy -I../Drivers/CMSIS/Device/ST/STM32F7xx/Include -I../Drivers/CMSIS/Include -I../Middlewares/Third_Party/ARM_CMSIS/CMSIS/Core/Include/ -I../Middlewares/Third_Party/ARM_CMSIS/CMSIS/Core_A/Include/ -I../Middlewares/Third_Party/ARM_CMSIS/CMSIS/DSP/Include -O0 -ffunction-sections -fdata-sections -Wall -fstack-usage -MMD -MP -MF"Core/Src/uart_tx.d" -MT"Core/Src/uart_tx.o" --specs=nano.specs -mfpu=fpv5-sp-d16 -mfloat-abi=hard -mthumb -o "Core/Src/uart_tx.o"
../Core/Src/uart_tx.c: In function 'uart_tx':
../Core/Src/uart_tx.c:40:27: warning: '0' directive writing 1 byte into a region of size 0 [-Wformat-overflow=]
   40 |     int n = sprintf(msg, "0%.02f, %d", distance, setpoint);
      |                           ^
../Core/Src/uart_tx.c:40:26: note: assuming directive output of 4 bytes
   40 |     int n = sprintf(msg, "0%.02f, %d", distance, setpoint);
      |                          ^~~~~~~~~~~~
../Core/Src/uart_tx.c:40:13: note: 'sprintf' output between 8 and 328 bytes into a destination of size 0
   40 |     int n = sprintf(msg, "0%.02f, %d", distance, setpoint);
      |             ^~~~~~~~~~~~~~~~~~~~~~~~~~~~~~~~~~~~~~~~~~~~~~
../Core/Src/uart_tx.c:35:26: warning: '%.02f' directive writing between 3 and 313 bytes into a region of size 0 [-Wformat-overflow=]
   35 |    int n = sprintf(msg, "%.02f, %d", distance, setpoint);
      |                          ^~~~~
../Core/Src/uart_tx.c:35:25: note: assuming directive output of 4 bytes
   35 |    int n = sprintf(msg, "%.02f, %d", distance, setpoint);
      |                         ^~~~~~~~~~~
../Core/Src/uart_tx.c:35:12: note: 'sprintf' output between 7 and 327 bytes into a destination of size 0
   35 |    int n = sprintf(msg, "%.02f, %d", distance, setpoint);
      |            ^~~~~~~~~~~~~~~~~~~~~~~~~~~~~~~~~~~~~~~~~~~~~
../Core/Src/main.c: In function 'HAL_TIM_PeriodElapsedCallback':
../Core/Src/main.c:107:3: warning: implicit declaration of function 'pid_control' [-Wimplicit-function-declaration]
  107 |   pid_control(&htim2, &htim3);
      |   ^~~~~~~~~~~
../Core/Src/main.c:112:3: warning: implicit declaration of function 'uart_tx' [-Wimplicit-function-declaration]
  112 |   uart_tx(&huart3, d, sp);
      |   ^~~~~~~
../Core/Src/main.c: In function 'ADC_SETPOINT':
../Core/Src/main.c:128:9: warning: implicit declaration of function 'abs' [-Wimplicit-function-declaration]
  128 |  return abs((sample_in_1/100) - 20)+10;
      |         ^~~
../Core/Src/main.c:128:31: warning: 'abs' argument 1 type is 'long unsigned int' where 'int' is expected in a call to built-in function declared without prototype [-Wbuiltin-declaration-mismatch]
  128 |  return abs((sample_in_1/100) - 20)+10;
      |             ~~~~~~~~~~~~~~~~~~^~~~
<built-in>: note: built-in 'abs' declared here
../Core/Src/main.c: In function 'main':
../Core/Src/main.c:216:4: warning: implicit declaration of function 'HCSRO4_Read' [-Wimplicit-function-declaration]
  216 |    HCSRO4_Read(&htim8);
      |    ^~~~~~~~~~~
../Core/Src/main.c:226:26: warning: format '%d' expects argument of type 'int', but argument 3 has type 'uint32_t' {aka 'long unsigned int'} [-Wformat=]
  226 |    sprintf(duty_print, "%d", duty_val);
      |                         ~^   ~~~~~~~~
      |                          |   |
      |                          int uint32_t {aka long unsigned int}
      |                         %ld
../Core/Src/main.c:227:23: warning: 'sprintf' writing a terminating nul past the end of the destination [-Wformat-overflow=]
  227 |    sprintf(sp_str, "%d", sp);
      |                       ^
../Core/Src/main.c:227:4: note: 'sprintf' output between 2 and 12 bytes into a destination of size 1
  227 |    sprintf(sp_str, "%d", sp);
      |    ^~~~~~~~~~~~~~~~~~~~~~~~~
arm-none-eabi-gcc -o "BalancingBeam.elf" @"objects.list"  -larm_cortexM7lfsp_math -mcpu=cortex-m7 -T"C:\Users\Maciek\Documents\Studia\Semestr 5\Microprocessor systems\Final Project\MCU-based-Control-and-Measurement-System\STM32CubeIDE\Final\BalancingBeam\STM32F746ZGTX_FLASH.ld" --specs=nosys.specs -Wl,-Map="BalancingBeam.map" -Wl,--gc-sections -static -L"C:\Users\Maciek\STM32Cube\Repository\Packs\ARM\CMSIS\5.7.0\CMSIS\DSP\Lib\GCC" --specs=nano.specs -mfpu=fpv5-sp-d16 -mfloat-abi=hard -mthumb -u _printf_float -u _scanf_float -Wl,--start-group -lc -lm -Wl,--end-group
Finished building target: BalancingBeam.elf
 
arm-none-eabi-size   BalancingBeam.elf 
arm-none-eabi-objdump -h -S  BalancingBeam.elf  > "BalancingBeam.list"
arm-none-eabi-objcopy  -O binary  BalancingBeam.elf  "BalancingBeam.bin"
   text	   data	    bss	    dec	    hex	filename
  57572	    600	   2536	  60708	   ed24	BalancingBeam.elf
Finished building: default.size.stdout
 
Finished building: BalancingBeam.bin
 
Finished building: BalancingBeam.list
 
22:27:13 **** Incremental Build of configuration Debug for project BalancingBeam ****
make -j8 all 
[...]
In file included from ../Core/Src/ui.c:14:
../Core/Src/ui.c: At top level:
../Core/Inc/ui.h:27:6: warning: array 'sp_str' assumed to have one element
   27 | char sp_str[];
      |      ^~~~~~
../Core/Src/ui.c: In function 'lcd_routine':
../Core/Src/ui.c:75:23: warning: 'sprintf' writing a terminating nul past the end of the destination [-Wformat-overflow=]
   75 |    sprintf(sp_str, "%d", sp);
      |                       ^
../Core/Src/ui.c:75:4: note: 'sprintf' output between 2 and 12 bytes into a destination of size 1
   75 |    sprintf(sp_str, "%d", sp);
      |    ^~~~~~~~~~~~~~~~~~~~~~~~~
../Core/Src/main.c: In function 'HAL_TIM_PeriodElapsedCallback':
../Core/Src/main.c:103:3: warning: implicit declaration of function 'pid_control' [-Wimplicit-function-declaration]
  103 |   pid_control(&htim2, &htim3);
      |   ^~~~~~~~~~~
../Core/Src/main.c: In function 'ADC_SETPOINT':
../Core/Src/main.c:123:4: error: 'sample_in_1' undeclared (first use in this function); did you mean 'sample_in'?
  123 |    sample_in_1 = HAL_ADC_GetValue(&hadc1);
      |    ^~~~~~~~~~~
      |    sample_in
../Core/Src/main.c:123:4: note: each undeclared identifier is reported only once for each function it appears in
../Core/Src/main.c:127:9: warning: implicit declaration of function 'abs' [-Wimplicit-function-declaration]
  127 |  return abs((sample_in_1/100) - 20)+10;
      |         ^~~
../Core/Src/main.c: In function 'main':
../Core/Src/main.c:189:4: warning: implicit declaration of function 'HCSRO4_Read' [-Wimplicit-function-declaration]
  189 |    HCSRO4_Read(&htim8);
      |    ^~~~~~~~~~~
In file included from ../Core/Src/main.c:38:
../Core/Src/main.c: At top level:
../Core/Inc/ui.h:27:6: warning: array 'sp_str' assumed to have one element
   27 | char sp_str[];
      |      ^~~~~~
../Core/Src/main.c: In function 'ADC_SETPOINT':
../Core/Src/main.c:129:1: warning: control reaches end of non-void function [-Wreturn-type]
  129 | }
      | ^
make: *** [Core/Src/subdir.mk:73: Core/Src/main.o] Error 1
make: *** Waiting for unfinished jobs....
"make -j8 all" terminated with exit code 2. Build might be incomplete.
00:09:44 **** Incremental Build of configuration Debug for project BalancingBeam ****
make -j8 all 
arm-none-eabi-gcc "../Core/Src/main.c" -mcpu=cortex-m7 -std=gnu11 -g3 -DDEBUG -DUSE_HAL_DRIVER -DSTM32F746xx -c -I../Core/Inc -I../Drivers/STM32F7xx_HAL_Driver/Inc -I../Drivers/STM32F7xx_HAL_Driver/Inc/Legacy -I../Drivers/CMSIS/Device/ST/STM32F7xx/Include -I../Drivers/CMSIS/Include -I../Middlewares/Third_Party/ARM_CMSIS/CMSIS/Core/Include/ -I../Middlewares/Third_Party/ARM_CMSIS/CMSIS/Core_A/Include/ -I../Middlewares/Third_Party/ARM_CMSIS/CMSIS/DSP/Include -O0 -ffunction-sections -fdata-sections -Wall -fstack-usage -MMD -MP -MF"Core/Src/main.d" -MT"Core/Src/main.o" --specs=nano.specs -mfpu=fpv5-sp-d16 -mfloat-abi=hard -mthumb -o "Core/Src/main.o"
../Core/Src/main.c: In function 'HAL_TIM_PeriodElapsedCallback':
../Core/Src/main.c:103:3: warning: implicit declaration of function 'pid_control' [-Wimplicit-function-declaration]
  103 |   pid_control(&htim2, &htim3);
      |   ^~~~~~~~~~~
../Core/Src/main.c: In function 'ADC_SETPOINT':
../Core/Src/main.c:123:4: error: 'sample_in_1' undeclared (first use in this function); did you mean 'sample_in'?
  123 |    sample_in_1 = HAL_ADC_GetValue(&hadc1);
      |    ^~~~~~~~~~~
      |    sample_in
../Core/Src/main.c:123:4: note: each undeclared identifier is reported only once for each function it appears in
../Core/Src/main.c:127:9: warning: implicit declaration of function 'abs' [-Wimplicit-function-declaration]
  127 |  return abs((sample_in_1/100) - 20)+10;
      |         ^~~
../Core/Src/main.c: In function 'main':
../Core/Src/main.c:189:4: warning: implicit declaration of function 'HCSRO4_Read' [-Wimplicit-function-declaration]
  189 |    HCSRO4_Read(&htim8);
      |    ^~~~~~~~~~~
In file included from ../Core/Src/main.c:38:
../Core/Src/main.c: At top level:
../Core/Inc/ui.h:27:6: warning: array 'sp_str' assumed to have one element
   27 | char sp_str[];
      |      ^~~~~~
../Core/Src/main.c: In function 'ADC_SETPOINT':
../Core/Src/main.c:129:1: warning: control reaches end of non-void function [-Wreturn-type]
  129 | }
      | ^
make: *** [Core/Src/subdir.mk:73: Core/Src/main.o] Error 1
"make -j8 all" terminated with exit code 2. Build might be incomplete.
00:09:58 **** Incremental Build of configuration Debug for project BalancingBeam ****
make -j8 all 
arm-none-eabi-gcc "../Core/Src/main.c" -mcpu=cortex-m7 -std=gnu11 -g3 -DDEBUG -DUSE_HAL_DRIVER -DSTM32F746xx -c -I../Core/Inc -I../Drivers/STM32F7xx_HAL_Driver/Inc -I../Drivers/STM32F7xx_HAL_Driver/Inc/Legacy -I../Drivers/CMSIS/Device/ST/STM32F7xx/Include -I../Drivers/CMSIS/Include -I../Middlewares/Third_Party/ARM_CMSIS/CMSIS/Core/Include/ -I../Middlewares/Third_Party/ARM_CMSIS/CMSIS/Core_A/Include/ -I../Middlewares/Third_Party/ARM_CMSIS/CMSIS/DSP/Include -O0 -ffunction-sections -fdata-sections -Wall -fstack-usage -MMD -MP -MF"Core/Src/main.d" -MT"Core/Src/main.o" --specs=nano.specs -mfpu=fpv5-sp-d16 -mfloat-abi=hard -mthumb -o "Core/Src/main.o"
../Core/Src/main.c: In function 'HAL_TIM_PeriodElapsedCallback':
../Core/Src/main.c:103:3: warning: implicit declaration of function 'pid_control' [-Wimplicit-function-declaration]
  103 |   pid_control(&htim2, &htim3);
      |   ^~~~~~~~~~~
../Core/Src/main.c: In function 'main':
../Core/Src/main.c:189:4: warning: implicit declaration of function 'HCSRO4_Read' [-Wimplicit-function-declaration]
  189 |    HCSRO4_Read(&htim8);
      |    ^~~~~~~~~~~
In file included from ../Core/Src/main.c:38:
../Core/Src/main.c: At top level:
../Core/Inc/ui.h:27:6: warning: array 'sp_str' assumed to have one element
   27 | char sp_str[];
      |      ^~~~~~
arm-none-eabi-gcc -o "BalancingBeam.elf" @"objects.list"  -larm_cortexM7lfsp_math -mcpu=cortex-m7 -T"C:\Users\Maciek\Documents\Studia\Semestr 5\Microprocessor systems\Final Project\MCU-based-Control-and-Measurement-System\STM32CubeIDE\Final\BalancingBeam\STM32F746ZGTX_FLASH.ld" --specs=nosys.specs -Wl,-Map="BalancingBeam.map" -Wl,--gc-sections -static -L"C:\Users\Maciek\STM32Cube\Repository\Packs\ARM\CMSIS\5.7.0\CMSIS\DSP\Lib\GCC" --specs=nano.specs -mfpu=fpv5-sp-d16 -mfloat-abi=hard -mthumb -u _printf_float -u _scanf_float -Wl,--start-group -lc -lm -Wl,--end-group
Finished building target: BalancingBeam.elf
 
arm-none-eabi-size   BalancingBeam.elf 
arm-none-eabi-objdump -h -S  BalancingBeam.elf  > "BalancingBeam.list"
arm-none-eabi-objcopy  -O binary  BalancingBeam.elf  "BalancingBeam.bin"
   text	   data	    bss	    dec	    hex	filename
  57708	    584	   2584	  60876	   edcc	BalancingBeam.elf
Finished building: default.size.stdout
 
Finished building: BalancingBeam.bin
 
Finished building: BalancingBeam.list
 
00:11:38 **** Incremental Build of configuration Debug for project BalancingBeam ****
make -j8 all 
arm-none-eabi-gcc "../Core/Src/main.c" -mcpu=cortex-m7 -std=gnu11 -g3 -DDEBUG -DUSE_HAL_DRIVER -DSTM32F746xx -c -I../Core/Inc -I../Drivers/STM32F7xx_HAL_Driver/Inc -I../Drivers/STM32F7xx_HAL_Driver/Inc/Legacy -I../Drivers/CMSIS/Device/ST/STM32F7xx/Include -I../Drivers/CMSIS/Include -I../Middlewares/Third_Party/ARM_CMSIS/CMSIS/Core/Include/ -I../Middlewares/Third_Party/ARM_CMSIS/CMSIS/Core_A/Include/ -I../Middlewares/Third_Party/ARM_CMSIS/CMSIS/DSP/Include -O0 -ffunction-sections -fdata-sections -Wall -fstack-usage -MMD -MP -MF"Core/Src/main.d" -MT"Core/Src/main.o" --specs=nano.specs -mfpu=fpv5-sp-d16 -mfloat-abi=hard -mthumb -o "Core/Src/main.o"
../Core/Src/main.c: In function 'HAL_TIM_PeriodElapsedCallback':
../Core/Src/main.c:103:3: warning: implicit declaration of function 'pid_control' [-Wimplicit-function-declaration]
  103 |   pid_control(&htim2, &htim3);
      |   ^~~~~~~~~~~
../Core/Src/main.c: In function 'main':
../Core/Src/main.c:188:4: warning: implicit declaration of function 'HCSRO4_Read' [-Wimplicit-function-declaration]
  188 |    HCSRO4_Read(&htim8);
      |    ^~~~~~~~~~~
In file included from ../Core/Src/main.c:38:
../Core/Src/main.c: At top level:
../Core/Inc/ui.h:27:6: warning: array 'sp_str' assumed to have one element
   27 | char sp_str[];
      |      ^~~~~~
arm-none-eabi-gcc -o "BalancingBeam.elf" @"objects.list"  -larm_cortexM7lfsp_math -mcpu=cortex-m7 -T"C:\Users\Maciek\Documents\Studia\Semestr 5\Microprocessor systems\Final Project\MCU-based-Control-and-Measurement-System\STM32CubeIDE\Final\BalancingBeam\STM32F746ZGTX_FLASH.ld" --specs=nosys.specs -Wl,-Map="BalancingBeam.map" -Wl,--gc-sections -static -L"C:\Users\Maciek\STM32Cube\Repository\Packs\ARM\CMSIS\5.7.0\CMSIS\DSP\Lib\GCC" --specs=nano.specs -mfpu=fpv5-sp-d16 -mfloat-abi=hard -mthumb -u _printf_float -u _scanf_float -Wl,--start-group -lc -lm -Wl,--end-group
Finished building target: BalancingBeam.elf
 
arm-none-eabi-size   BalancingBeam.elf 
arm-none-eabi-objdump -h -S  BalancingBeam.elf  > "BalancingBeam.list"
arm-none-eabi-objcopy  -O binary  BalancingBeam.elf  "BalancingBeam.bin"
   text	   data	    bss	    dec	    hex	filename
  57708	    584	   2584	  60876	   edcc	BalancingBeam.elf
Finished building: default.size.stdout
 
Finished building: BalancingBeam.bin
 
Finished building: BalancingBeam.list
 
00:12:11 **** Incremental Build of configuration Debug for project BalancingBeam ****
make -j8 all 
arm-none-eabi-gcc "../Core/Src/main.c" -mcpu=cortex-m7 -std=gnu11 -g3 -DDEBUG -DUSE_HAL_DRIVER -DSTM32F746xx -c -I../Core/Inc -I../Drivers/STM32F7xx_HAL_Driver/Inc -I../Drivers/STM32F7xx_HAL_Driver/Inc/Legacy -I../Drivers/CMSIS/Device/ST/STM32F7xx/Include -I../Drivers/CMSIS/Include -I../Middlewares/Third_Party/ARM_CMSIS/CMSIS/Core/Include/ -I../Middlewares/Third_Party/ARM_CMSIS/CMSIS/Core_A/Include/ -I../Middlewares/Third_Party/ARM_CMSIS/CMSIS/DSP/Include -O0 -ffunction-sections -fdata-sections -Wall -fstack-usage -MMD -MP -MF"Core/Src/main.d" -MT"Core/Src/main.o" --specs=nano.specs -mfpu=fpv5-sp-d16 -mfloat-abi=hard -mthumb -o "Core/Src/main.o"
../Core/Src/main.c: In function 'HAL_TIM_PeriodElapsedCallback':
../Core/Src/main.c:103:3: warning: implicit declaration of function 'pid_control' [-Wimplicit-function-declaration]
  103 |   pid_control(&htim2, &htim3);
      |   ^~~~~~~~~~~
../Core/Src/main.c: In function 'main':
../Core/Src/main.c:172:4: warning: implicit declaration of function 'HCSRO4_Read' [-Wimplicit-function-declaration]
  172 |    HCSRO4_Read(&htim8);
      |    ^~~~~~~~~~~
In file included from ../Core/Src/main.c:38:
../Core/Src/main.c: At top level:
../Core/Inc/ui.h:27:6: warning: array 'sp_str' assumed to have one element
   27 | char sp_str[];
      |      ^~~~~~
arm-none-eabi-gcc -o "BalancingBeam.elf" @"objects.list"  -larm_cortexM7lfsp_math -mcpu=cortex-m7 -T"C:\Users\Maciek\Documents\Studia\Semestr 5\Microprocessor systems\Final Project\MCU-based-Control-and-Measurement-System\STM32CubeIDE\Final\BalancingBeam\STM32F746ZGTX_FLASH.ld" --specs=nosys.specs -Wl,-Map="BalancingBeam.map" -Wl,--gc-sections -static -L"C:\Users\Maciek\STM32Cube\Repository\Packs\ARM\CMSIS\5.7.0\CMSIS\DSP\Lib\GCC" --specs=nano.specs -mfpu=fpv5-sp-d16 -mfloat-abi=hard -mthumb -u _printf_float -u _scanf_float -Wl,--start-group -lc -lm -Wl,--end-group
Finished building target: BalancingBeam.elf
 
arm-none-eabi-size   BalancingBeam.elf 
arm-none-eabi-objdump -h -S  BalancingBeam.elf  > "BalancingBeam.list"
arm-none-eabi-objcopy  -O binary  BalancingBeam.elf  "BalancingBeam.bin"
   text	   data	    bss	    dec	    hex	filename
  57708	    584	   2584	  60876	   edcc	BalancingBeam.elf
Finished building: default.size.stdout
 
Finished building: BalancingBeam.bin
 
Finished building: BalancingBeam.list
 
00:12:26 **** Incremental Build of configuration Debug for project BalancingBeam ****
make -j8 all 
arm-none-eabi-gcc "../Core/Src/main.c" -mcpu=cortex-m7 -std=gnu11 -g3 -DDEBUG -DUSE_HAL_DRIVER -DSTM32F746xx -c -I../Core/Inc -I../Drivers/STM32F7xx_HAL_Driver/Inc -I../Drivers/STM32F7xx_HAL_Driver/Inc/Legacy -I../Drivers/CMSIS/Device/ST/STM32F7xx/Include -I../Drivers/CMSIS/Include -I../Middlewares/Third_Party/ARM_CMSIS/CMSIS/Core/Include/ -I../Middlewares/Third_Party/ARM_CMSIS/CMSIS/Core_A/Include/ -I../Middlewares/Third_Party/ARM_CMSIS/CMSIS/DSP/Include -O0 -ffunction-sections -fdata-sections -Wall -fstack-usage -MMD -MP -MF"Core/Src/main.d" -MT"Core/Src/main.o" --specs=nano.specs -mfpu=fpv5-sp-d16 -mfloat-abi=hard -mthumb -o "Core/Src/main.o"
../Core/Src/main.c: In function 'HAL_TIM_PeriodElapsedCallback':
../Core/Src/main.c:95:3: warning: implicit declaration of function 'pid_control' [-Wimplicit-function-declaration]
   95 |   pid_control(&htim2, &htim3);
      |   ^~~~~~~~~~~
../Core/Src/main.c: In function 'main':
../Core/Src/main.c:164:4: warning: implicit declaration of function 'HCSRO4_Read' [-Wimplicit-function-declaration]
  164 |    HCSRO4_Read(&htim8);
      |    ^~~~~~~~~~~
In file included from ../Core/Src/main.c:38:
../Core/Src/main.c: At top level:
../Core/Inc/ui.h:27:6: warning: array 'sp_str' assumed to have one element
   27 | char sp_str[];
      |      ^~~~~~
arm-none-eabi-gcc -o "BalancingBeam.elf" @"objects.list"  -larm_cortexM7lfsp_math -mcpu=cortex-m7 -T"C:\Users\Maciek\Documents\Studia\Semestr 5\Microprocessor systems\Final Project\MCU-based-Control-and-Measurement-System\STM32CubeIDE\Final\BalancingBeam\STM32F746ZGTX_FLASH.ld" --specs=nosys.specs -Wl,-Map="BalancingBeam.map" -Wl,--gc-sections -static -L"C:\Users\Maciek\STM32Cube\Repository\Packs\ARM\CMSIS\5.7.0\CMSIS\DSP\Lib\GCC" --specs=nano.specs -mfpu=fpv5-sp-d16 -mfloat-abi=hard -mthumb -u _printf_float -u _scanf_float -Wl,--start-group -lc -lm -Wl,--end-group
Finished building target: BalancingBeam.elf
 
arm-none-eabi-size   BalancingBeam.elf 
arm-none-eabi-objdump -h -S  BalancingBeam.elf  > "BalancingBeam.list"
arm-none-eabi-objcopy  -O binary  BalancingBeam.elf  "BalancingBeam.bin"
   text	   data	    bss	    dec	    hex	filename
  57708	    584	   2576	  60868	   edc4	BalancingBeam.elf
Finished building: default.size.stdout
 
Finished building: BalancingBeam.bin
 
Finished building: BalancingBeam.list
 
00:12:40 **** Incremental Build of configuration Debug for project BalancingBeam ****
make -j8 all 
arm-none-eabi-gcc "../Core/Src/main.c" -mcpu=cortex-m7 -std=gnu11 -g3 -DDEBUG -DUSE_HAL_DRIVER -DSTM32F746xx -c -I../Core/Inc -I../Drivers/STM32F7xx_HAL_Driver/Inc -I../Drivers/STM32F7xx_HAL_Driver/Inc/Legacy -I../Drivers/CMSIS/Device/ST/STM32F7xx/Include -I../Drivers/CMSIS/Include -I../Middlewares/Third_Party/ARM_CMSIS/CMSIS/Core/Include/ -I../Middlewares/Third_Party/ARM_CMSIS/CMSIS/Core_A/Include/ -I../Middlewares/Third_Party/ARM_CMSIS/CMSIS/DSP/Include -O0 -ffunction-sections -fdata-sections -Wall -fstack-usage -MMD -MP -MF"Core/Src/main.d" -MT"Core/Src/main.o" --specs=nano.specs -mfpu=fpv5-sp-d16 -mfloat-abi=hard -mthumb -o "Core/Src/main.o"
../Core/Src/main.c: In function 'HAL_TIM_PeriodElapsedCallback':
../Core/Src/main.c:89:3: warning: implicit declaration of function 'pid_control' [-Wimplicit-function-declaration]
   89 |   pid_control(&htim2, &htim3);
      |   ^~~~~~~~~~~
../Core/Src/main.c: In function 'main':
../Core/Src/main.c:158:4: warning: implicit declaration of function 'HCSRO4_Read' [-Wimplicit-function-declaration]
  158 |    HCSRO4_Read(&htim8);
      |    ^~~~~~~~~~~
In file included from ../Core/Src/main.c:38:
../Core/Src/main.c: At top level:
../Core/Inc/ui.h:27:6: warning: array 'sp_str' assumed to have one element
   27 | char sp_str[];
      |      ^~~~~~
arm-none-eabi-gcc -o "BalancingBeam.elf" @"objects.list"  -larm_cortexM7lfsp_math -mcpu=cortex-m7 -T"C:\Users\Maciek\Documents\Studia\Semestr 5\Microprocessor systems\Final Project\MCU-based-Control-and-Measurement-System\STM32CubeIDE\Final\BalancingBeam\STM32F746ZGTX_FLASH.ld" --specs=nosys.specs -Wl,-Map="BalancingBeam.map" -Wl,--gc-sections -static -L"C:\Users\Maciek\STM32Cube\Repository\Packs\ARM\CMSIS\5.7.0\CMSIS\DSP\Lib\GCC" --specs=nano.specs -mfpu=fpv5-sp-d16 -mfloat-abi=hard -mthumb -u _printf_float -u _scanf_float -Wl,--start-group -lc -lm -Wl,--end-group
Finished building target: BalancingBeam.elf
 
arm-none-eabi-size   BalancingBeam.elf 
arm-none-eabi-objdump -h -S  BalancingBeam.elf  > "BalancingBeam.list"
arm-none-eabi-objcopy  -O binary  BalancingBeam.elf  "BalancingBeam.bin"
   text	   data	    bss	    dec	    hex	filename
  57708	    584	   2576	  60868	   edc4	BalancingBeam.elf
Finished building: default.size.stdout
 
Finished building: BalancingBeam.bin
 
Finished building: BalancingBeam.list
 
00:13:02 **** Incremental Build of configuration Debug for project BalancingBeam ****
make -j8 all 
arm-none-eabi-gcc "../Core/Src/control_algorithm.c" -mcpu=cortex-m7 -std=gnu11 -g3 -DDEBUG -DUSE_HAL_DRIVER -DSTM32F746xx -c -I../Core/Inc -I../Drivers/STM32F7xx_HAL_Driver/Inc -I../Drivers/STM32F7xx_HAL_Driver/Inc/Legacy -I../Drivers/CMSIS/Device/ST/STM32F7xx/Include -I../Drivers/CMSIS/Include -I../Middlewares/Third_Party/ARM_CMSIS/CMSIS/Core/Include/ -I../Middlewares/Third_Party/ARM_CMSIS/CMSIS/Core_A/Include/ -I../Middlewares/Third_Party/ARM_CMSIS/CMSIS/DSP/Include -O0 -ffunction-sections -fdata-sections -Wall -fstack-usage -MMD -MP -MF"Core/Src/control_algorithm.d" -MT"Core/Src/control_algorithm.o" --specs=nano.specs -mfpu=fpv5-sp-d16 -mfloat-abi=hard -mthumb -o "Core/Src/control_algorithm.o"
arm-none-eabi-gcc "../Core/Src/main.c" -mcpu=cortex-m7 -std=gnu11 -g3 -DDEBUG -DUSE_HAL_DRIVER -DSTM32F746xx -c -I../Core/Inc -I../Drivers/STM32F7xx_HAL_Driver/Inc -I../Drivers/STM32F7xx_HAL_Driver/Inc/Legacy -I../Drivers/CMSIS/Device/ST/STM32F7xx/Include -I../Drivers/CMSIS/Include -I../Middlewares/Third_Party/ARM_CMSIS/CMSIS/Core/Include/ -I../Middlewares/Third_Party/ARM_CMSIS/CMSIS/Core_A/Include/ -I../Middlewares/Third_Party/ARM_CMSIS/CMSIS/DSP/Include -O0 -ffunction-sections -fdata-sections -Wall -fstack-usage -MMD -MP -MF"Core/Src/main.d" -MT"Core/Src/main.o" --specs=nano.specs -mfpu=fpv5-sp-d16 -mfloat-abi=hard -mthumb -o "Core/Src/main.o"
../Core/Src/main.c: In function 'HAL_TIM_PeriodElapsedCallback':
../Core/Src/main.c:87:3: warning: implicit declaration of function 'pid_control' [-Wimplicit-function-declaration]
   87 |   pid_control(&htim2, &htim3);
      |   ^~~~~~~~~~~
../Core/Src/main.c: In function 'main':
../Core/Src/main.c:156:4: warning: implicit declaration of function 'HCSRO4_Read' [-Wimplicit-function-declaration]
  156 |    HCSRO4_Read(&htim8);
      |    ^~~~~~~~~~~
In file included from ../Core/Src/main.c:38:
../Core/Src/main.c: At top level:
../Core/Inc/ui.h:27:6: warning: array 'sp_str' assumed to have one element
   27 | char sp_str[];
      |      ^~~~~~
arm-none-eabi-gcc -o "BalancingBeam.elf" @"objects.list"  -larm_cortexM7lfsp_math -mcpu=cortex-m7 -T"C:\Users\Maciek\Documents\Studia\Semestr 5\Microprocessor systems\Final Project\MCU-based-Control-and-Measurement-System\STM32CubeIDE\Final\BalancingBeam\STM32F746ZGTX_FLASH.ld" --specs=nosys.specs -Wl,-Map="BalancingBeam.map" -Wl,--gc-sections -static -L"C:\Users\Maciek\STM32Cube\Repository\Packs\ARM\CMSIS\5.7.0\CMSIS\DSP\Lib\GCC" --specs=nano.specs -mfpu=fpv5-sp-d16 -mfloat-abi=hard -mthumb -u _printf_float -u _scanf_float -Wl,--start-group -lc -lm -Wl,--end-group
Finished building target: BalancingBeam.elf
 
arm-none-eabi-size   BalancingBeam.elf 
arm-none-eabi-objdump -h -S  BalancingBeam.elf  > "BalancingBeam.list"
arm-none-eabi-objcopy  -O binary  BalancingBeam.elf  "BalancingBeam.bin"
   text	   data	    bss	    dec	    hex	filename
  57708	    584	   2576	  60868	   edc4	BalancingBeam.elf
Finished building: default.size.stdout
 
Finished building: BalancingBeam.bin
 
Finished building: BalancingBeam.list
 
00:13:15 **** Incremental Build of configuration Debug for project BalancingBeam ****
make -j8 all 
arm-none-eabi-size   BalancingBeam.elf 
   text	   data	    bss	    dec	    hex	filename
  57708	    584	   2576	  60868	   edc4	BalancingBeam.elf
Finished building: default.size.stdout
 
